Component: ARM Compiler 5.05 update 1 (build 106) Tool: armlink [4d0efa]

==============================================================================

Section Cross References

    apm32f0xx_tmr.o(i.TMR_ConfigExternalClockMode1) refers to apm32f0xx_tmr.o(i.TMR_ConfigExternalTrigger) for TMR_ConfigExternalTrigger
    apm32f0xx_tmr.o(i.TMR_ConfigExternalClockMode2) refers to apm32f0xx_tmr.o(i.TMR_ConfigExternalTrigger) for TMR_ConfigExternalTrigger
    apm32f0xx_tmr.o(i.TMR_ConfigITRxExternalClock) refers to apm32f0xx_tmr.o(i.TMR_SelectInputTrigger) for TMR_SelectInputTrigger
    apm32f0xx_tmr.o(i.TMR_ConfigTIxExternalClock) refers to apm32f0xx_tmr.o(i.TI2Config) for TI2Config
    apm32f0xx_tmr.o(i.TMR_ConfigTIxExternalClock) refers to apm32f0xx_tmr.o(i.TI1Config) for TI1Config
    apm32f0xx_tmr.o(i.TMR_ConfigTIxExternalClock) refers to apm32f0xx_tmr.o(i.TMR_SelectInputTrigger) for TMR_SelectInputTrigger
    apm32f0xx_tmr.o(i.TMR_ICConfig) refers to apm32f0xx_tmr.o(i.TI1Config) for TI1Config
    apm32f0xx_tmr.o(i.TMR_ICConfig) refers to apm32f0xx_tmr.o(i.TMR_SetIC1Prescal) for TMR_SetIC1Prescal
    apm32f0xx_tmr.o(i.TMR_ICConfig) refers to apm32f0xx_tmr.o(i.TI2Config) for TI2Config
    apm32f0xx_tmr.o(i.TMR_ICConfig) refers to apm32f0xx_tmr.o(i.TMR_SetIC2Prescal) for TMR_SetIC2Prescal
    apm32f0xx_tmr.o(i.TMR_ICConfig) refers to apm32f0xx_tmr.o(i.TI3Config) for TI3Config
    apm32f0xx_tmr.o(i.TMR_ICConfig) refers to apm32f0xx_tmr.o(i.TMR_SetIC3Prescal) for TMR_SetIC3Prescal
    apm32f0xx_tmr.o(i.TMR_ICConfig) refers to apm32f0xx_tmr.o(i.TI4Config) for TI4Config
    apm32f0xx_tmr.o(i.TMR_ICConfig) refers to apm32f0xx_tmr.o(i.TMR_SetIC4Prescal) for TMR_SetIC4Prescal
    apm32f0xx_tmr.o(i.TMR_PWMConfig) refers to apm32f0xx_tmr.o(i.TI1Config) for TI1Config
    apm32f0xx_tmr.o(i.TMR_PWMConfig) refers to apm32f0xx_tmr.o(i.TMR_SetIC1Prescal) for TMR_SetIC1Prescal
    apm32f0xx_tmr.o(i.TMR_PWMConfig) refers to apm32f0xx_tmr.o(i.TI2Config) for TI2Config
    apm32f0xx_tmr.o(i.TMR_PWMConfig) refers to apm32f0xx_tmr.o(i.TMR_SetIC2Prescal) for TMR_SetIC2Prescal
    apm32f0xx_tmr.o(i.TMR_Reset) refers to apm32f0xx_rcm.o(i.RCM_EnableAPB2PeriphReset) for RCM_EnableAPB2PeriphReset
    apm32f0xx_tmr.o(i.TMR_Reset) refers to apm32f0xx_rcm.o(i.RCM_DisableAPB2PeriphReset) for RCM_DisableAPB2PeriphReset
    apm32f0xx_tmr.o(i.TMR_Reset) refers to apm32f0xx_rcm.o(i.RCM_EnableAPB1PeriphReset) for RCM_EnableAPB1PeriphReset
    apm32f0xx_tmr.o(i.TMR_Reset) refers to apm32f0xx_rcm.o(i.RCM_DisableAPB1PeriphReset) for RCM_DisableAPB1PeriphReset
    apm32f0xx_usart.o(i.USART_Config) refers to apm32f0xx_rcm.o(i.RCM_ReadUSART1CLKFreq) for RCM_ReadUSART1CLKFreq
    apm32f0xx_usart.o(i.USART_Config) refers to apm32f0xx_rcm.o(i.RCM_ReadUSART2CLKFreq) for RCM_ReadUSART2CLKFreq
    apm32f0xx_usart.o(i.USART_Config) refers to apm32f0xx_rcm.o(i.RCM_ReadPCLKFreq) for RCM_ReadPCLKFreq
    apm32f0xx_usart.o(i.USART_Config) refers to uidiv.o(.text) for __aeabi_uidivmod
    apm32f0xx_usart.o(i.USART_Reset) refers to apm32f0xx_rcm.o(i.RCM_EnableAPB2PeriphReset) for RCM_EnableAPB2PeriphReset
    apm32f0xx_usart.o(i.USART_Reset) refers to apm32f0xx_rcm.o(i.RCM_DisableAPB2PeriphReset) for RCM_DisableAPB2PeriphReset
    apm32f0xx_usart.o(i.USART_Reset) refers to apm32f0xx_rcm.o(i.RCM_EnableAPB1PeriphReset) for RCM_EnableAPB1PeriphReset
    apm32f0xx_usart.o(i.USART_Reset) refers to apm32f0xx_rcm.o(i.RCM_DisableAPB1PeriphReset) for RCM_DisableAPB1PeriphReset
    apm32f0xx_misc.o(i.NVIC_EnableIRQRequest) refers to apm32f0xx_misc.o(i.NVIC_SetPriority) for NVIC_SetPriority
    apm32f0xx_gpio.o(i.GPIO_Reset) refers to apm32f0xx_rcm.o(i.RCM_EnableAHBPeriphReset) for RCM_EnableAHBPeriphReset
    apm32f0xx_gpio.o(i.GPIO_Reset) refers to apm32f0xx_rcm.o(i.RCM_DisableAHBPeriphReset) for RCM_DisableAHBPeriphReset
    apm32f0xx_rcm.o(i.RCM_ReadADCCLKFreq) refers to apm32f0xx_rcm.o(i.RCM_ReadPCLKFreq) for RCM_ReadPCLKFreq
    apm32f0xx_rcm.o(i.RCM_ReadHCLKFreq) refers to apm32f0xx_rcm.o(i.RCM_ReadSYSCLKFreq) for RCM_ReadSYSCLKFreq
    apm32f0xx_rcm.o(i.RCM_ReadI2C1CLKFreq) refers to apm32f0xx_rcm.o(i.RCM_ReadSYSCLKFreq) for RCM_ReadSYSCLKFreq
    apm32f0xx_rcm.o(i.RCM_ReadPCLKFreq) refers to apm32f0xx_rcm.o(i.RCM_ReadSYSCLKFreq) for RCM_ReadSYSCLKFreq
    apm32f0xx_rcm.o(i.RCM_ReadSYSCLKFreq) refers to uidiv.o(.text) for __aeabi_uidivmod
    apm32f0xx_rcm.o(i.RCM_ReadUSART1CLKFreq) refers to apm32f0xx_rcm.o(i.RCM_ReadPCLKFreq) for RCM_ReadPCLKFreq
    apm32f0xx_rcm.o(i.RCM_ReadUSART1CLKFreq) refers to apm32f0xx_rcm.o(i.RCM_ReadSYSCLKFreq) for RCM_ReadSYSCLKFreq
    apm32f0xx_rcm.o(i.RCM_ReadUSART2CLKFreq) refers to apm32f0xx_rcm.o(i.RCM_ReadPCLKFreq) for RCM_ReadPCLKFreq
    apm32f0xx_rcm.o(i.RCM_ReadUSART2CLKFreq) refers to apm32f0xx_rcm.o(i.RCM_ReadSYSCLKFreq) for RCM_ReadSYSCLKFreq
    apm32f0xx_rcm.o(i.RCM_ReadUSBCLKFreq) refers to uidiv.o(.text) for __aeabi_uidivmod
[...]
    Removing apm32f0xx_gpio.o(i.GPIO_ReadInputPort), (8 bytes).
    Removing apm32f0xx_gpio.o(i.GPIO_ReadOutputBit), (20 bytes).
    Removing apm32f0xx_gpio.o(i.GPIO_ReadOutputPort), (8 bytes).
    Removing apm32f0xx_gpio.o(i.GPIO_Reset), (160 bytes).
    Removing apm32f0xx_gpio.o(i.GPIO_WriteBitValue), (12 bytes).
    Removing apm32f0xx_gpio.o(i.GPIO_WriteOutputPort), (4 bytes).
    Removing apm32f0xx_rcm.o(.rev16_text), (4 bytes).
    Removing apm32f0xx_rcm.o(.revsh_text), (4 bytes).
    Removing apm32f0xx_rcm.o(i.RCM_ClearIntFlag), (20 bytes).
    Removing apm32f0xx_rcm.o(i.RCM_ClearStatusFlag), (24 bytes).
    Removing apm32f0xx_rcm.o(i.RCM_ConfigAHB), (28 bytes).
    Removing apm32f0xx_rcm.o(i.RCM_ConfigAPB), (32 bytes).
    Removing apm32f0xx_rcm.o(i.RCM_ConfigCECCLK), (28 bytes).
    Removing apm32f0xx_rcm.o(i.RCM_ConfigCLKDIV), (24 bytes).
    Removing apm32f0xx_rcm.o(i.RCM_ConfigCOC), (32 bytes).
    Removing apm32f0xx_rcm.o(i.RCM_ConfigDriveLSE), (28 bytes).
    Removing apm32f0xx_rcm.o(i.RCM_ConfigHSE), (92 bytes).
    Removing apm32f0xx_rcm.o(i.RCM_ConfigI2CCLK), (28 bytes).
    Removing apm32f0xx_rcm.o(i.RCM_ConfigLSE), (76 bytes).
    Removing apm32f0xx_rcm.o(i.RCM_ConfigPLL), (56 bytes).
    Removing apm32f0xx_rcm.o(i.RCM_ConfigRTCCLK), (32 bytes).
    Removing apm32f0xx_rcm.o(i.RCM_ConfigSYSCLK), (24 bytes).
    Removing apm32f0xx_rcm.o(i.RCM_ConfigUSARTCLK), (88 bytes).
    Removing apm32f0xx_rcm.o(i.RCM_ConfigUSBCLK), (28 bytes).
    Removing apm32f0xx_rcm.o(i.RCM_DisableAHBPeriphClock), (16 bytes).
    Removing apm32f0xx_rcm.o(i.RCM_DisableAHBPeriphReset), (16 bytes).
    Removing apm32f0xx_rcm.o(i.RCM_DisableAPB1PeriphClock), (16 bytes).
    Removing apm32f0xx_rcm.o(i.RCM_DisableAPB1PeriphReset), (16 bytes).
    Removing apm32f0xx_rcm.o(i.RCM_DisableBackupReset), (20 bytes).
    Removing apm32f0xx_rcm.o(i.RCM_DisableCCS), (20 bytes).
    Removing apm32f0xx_rcm.o(i.RCM_DisableHSI), (20 bytes).
    Removing apm32f0xx_rcm.o(i.RCM_DisableHSI14), (20 bytes).
    Removing apm32f0xx_rcm.o(i.RCM_DisableHSI14ADC), (20 bytes).
    Removing apm32f0xx_rcm.o(i.RCM_DisableHSI48), (20 bytes).
    Removing apm32f0xx_rcm.o(i.RCM_DisableInterrupt), (20 bytes).
    Removing apm32f0xx_rcm.o(i.RCM_DisableLSI), (20 bytes).
    Removing apm32f0xx_rcm.o(i.RCM_DisablePLL), (20 bytes).
    Removing apm32f0xx_rcm.o(i.RCM_DisableRTCCLK), (20 bytes).
    Removing apm32f0xx_rcm.o(i.RCM_EnableAHBPeriphReset), (16 bytes).
    Removing apm32f0xx_rcm.o(i.RCM_EnableAPB1PeriphReset), (16 bytes).
    Removing apm32f0xx_rcm.o(i.RCM_EnableBackupReset), (24 bytes).
    Removing apm32f0xx_rcm.o(i.RCM_EnableCCS), (24 bytes).
    Removing apm32f0xx_rcm.o(i.RCM_EnableHSI), (20 bytes).
    Removing apm32f0xx_rcm.o(i.RCM_EnableHSI14), (20 bytes).
    Removing apm32f0xx_rcm.o(i.RCM_EnableHSI14ADC), (20 bytes).
    Removing apm32f0xx_rcm.o(i.RCM_EnableHSI48), (24 bytes).
    Removing apm32f0xx_rcm.o(i.RCM_EnableInterrupt), (20 bytes).
    Removing apm32f0xx_rcm.o(i.RCM_EnableLSI), (20 bytes).
    Removing apm32f0xx_rcm.o(i.RCM_EnablePLL), (24 bytes).
    Removing apm32f0xx_rcm.o(i.RCM_EnableRTCCLK), (24 bytes).
    Removing apm32f0xx_rcm.o(i.RCM_ReadADCCLKFreq), (56 bytes).
    Removing apm32f0xx_rcm.o(i.RCM_ReadCECCLKFreq), (28 bytes).
    Removing apm32f0xx_rcm.o(i.RCM_ReadHCLKFreq), (60 bytes).
    Removing apm32f0xx_rcm.o(i.RCM_ReadHSI48CalibrationValue), (12 bytes).
    Removing apm32f0xx_rcm.o(i.RCM_ReadI2C1CLKFreq), (40 bytes).
    Removing apm32f0xx_rcm.o(i.RCM_ReadIntFlag), (28 bytes).
    Removing apm32f0xx_rcm.o(i.RCM_ReadSYSCLKSource), (16 bytes).
    Removing apm32f0xx_rcm.o(i.RCM_ReadStatusFlag), (80 bytes).
    Removing apm32f0xx_rcm.o(i.RCM_ReadUSBCLKFreq), (108 bytes).
    Removing apm32f0xx_rcm.o(i.RCM_Reset), (124 bytes).
    Removing apm32f0xx_rcm.o(i.RCM_SetHSI14Trim), (28 bytes).
    Removing apm32f0xx_rcm.o(i.RCM_SetHSITrim), (28 bytes).
    Removing apm32f0xx_rcm.o(i.RCM_WaitHSEReady), (48 bytes).
    Removing apm32f0xx_adc.o(.rev16_text), (4 bytes).
    Removing apm32f0xx_adc.o(.revsh_text), (4 bytes).
    Removing apm32f0xx_adc.o(i.ADC_AnalogWatchdogHighThreshold), (32 bytes).
    Removing apm32f0xx_adc.o(i.ADC_AnalogWatchdogLowThreshold), (24 bytes).
    Removing apm32f0xx_adc.o(i.ADC_AnalogWatchdogSingleChannel), (32 bytes).
    Removing apm32f0xx_adc.o(i.ADC_ClearIntFlag), (12 bytes).
    Removing apm32f0xx_adc.o(i.ADC_ClearStatusFlag), (12 bytes).
    Removing apm32f0xx_adc.o(i.ADC_ClockMode), (28 bytes).
    Removing apm32f0xx_adc.o(i.ADC_DMARequestMode), (28 bytes).
    Removing apm32f0xx_adc.o(i.ADC_Disable), (20 bytes).
    Removing apm32f0xx_adc.o(i.ADC_DisableAnalogWatchdog), (20 bytes).
    Removing apm32f0xx_adc.o(i.ADC_DisableAnalogWatchdogSingleChannel), (20 bytes).
    Removing apm32f0xx_adc.o(i.ADC_DisableAutoPowerOff), (20 bytes).
    Removing apm32f0xx_adc.o(i.ADC_DisableContinuousMode), (20 bytes).
    Removing apm32f0xx_adc.o(i.ADC_DisableDMA), (20 bytes).
    Removing apm32f0xx_adc.o(i.ADC_DisableDiscMode), (20 bytes).
    Removing apm32f0xx_adc.o(i.ADC_DisableInterrupt), (16 bytes).
    Removing apm32f0xx_adc.o(i.ADC_DisableJitter), (36 bytes).
    Removing apm32f0xx_adc.o(i.ADC_DisableOverrunMode), (20 bytes).
    Removing apm32f0xx_adc.o(i.ADC_DisableTempSensor), (20 bytes).
    Removing apm32f0xx_adc.o(i.ADC_DisableVbat), (20 bytes).
    Removing apm32f0xx_adc.o(i.ADC_DisableVrefint), (20 bytes).
    Removing apm32f0xx_adc.o(i.ADC_DisableWaitMode), (20 bytes).
    Removing apm32f0xx_adc.o(i.ADC_EnableAnalogWatchdog), (24 bytes).
    Removing apm32f0xx_adc.o(i.ADC_EnableAnalogWatchdogSingleChannel), (24 bytes).
    Removing apm32f0xx_adc.o(i.ADC_EnableAutoPowerOff), (24 bytes).
    Removing apm32f0xx_adc.o(i.ADC_EnableContinuousMode), (24 bytes).
    Removing apm32f0xx_adc.o(i.ADC_EnableDMA), (20 bytes).
    Removing apm32f0xx_adc.o(i.ADC_EnableDiscMode), (24 bytes).
    Removing apm32f0xx_adc.o(i.ADC_EnableInterrupt), (16 bytes).
    Removing apm32f0xx_adc.o(i.ADC_EnableJitter), (36 bytes).
    Removing apm32f0xx_adc.o(i.ADC_EnableOverrunMode), (24 bytes).
    Removing apm32f0xx_adc.o(i.ADC_EnableTempSensor), (24 bytes).
    Removing apm32f0xx_adc.o(i.ADC_EnableVbat), (24 bytes).
    Removing apm32f0xx_adc.o(i.ADC_EnableVrefint), (24 bytes).
    Removing apm32f0xx_adc.o(i.ADC_EnableWaitMode), (24 bytes).
    Removing apm32f0xx_adc.o(i.ADC_ReadIntFlag), (44 bytes).
    Removing apm32f0xx_adc.o(i.ADC_ReadStatusFlag), (48 bytes).
    Removing apm32f0xx_comp.o(.rev16_text), (4 bytes).
    Removing apm32f0xx_comp.o(.revsh_text), (4 bytes).
    Removing apm32f0xx_comp.o(i.COMP_ConfigLOCK), (48 bytes).
    Removing apm32f0xx_comp.o(i.COMP_DisableSwitch), (20 bytes).
    Removing apm32f0xx_comp.o(i.COMP_DisnableWindow), (20 bytes).
    Removing apm32f0xx_comp.o(i.COMP_EnableSwitch), (20 bytes).
    Removing apm32f0xx_comp.o(i.COMP_EnableWindow), (24 bytes).
    Removing apm32f0xx_comp.o(i.COMP_ReadOutPutLevel), (56 bytes).
    Removing apm32f0xx_comp.o(i.COMP_Reset), (12 bytes).
    Removing apm32f0xx_dac.o(.rev16_text), (4 bytes).
    Removing apm32f0xx_dac.o(.revsh_text), (4 bytes).
    Removing apm32f0xx_dac.o(i.DAC_ClearIntFlag), (12 bytes).
    Removing apm32f0xx_dac.o(i.DAC_ClearStatusFlag), (16 bytes).
    Removing apm32f0xx_dac.o(i.DAC_ConfigChannel2Data), (32 bytes).
    Removing apm32f0xx_dac.o(i.DAC_ConfigDualChannelData), (40 bytes).
    Removing apm32f0xx_dac.o(i.DAC_ConfigStructInit), (12 bytes).
    Removing apm32f0xx_dac.o(i.DAC_DisableDMA), (40 bytes).
    Removing apm32f0xx_dac.o(i.DAC_DisableDualSoftwareTrigger), (20 bytes).
    Removing apm32f0xx_dac.o(i.DAC_DisableInterrupt), (40 bytes).
    Removing apm32f0xx_dac.o(i.DAC_DisableSoftwareTrigger), (36 bytes).
    Removing apm32f0xx_dac.o(i.DAC_DisableWaveGeneration), (20 bytes).
    Removing apm32f0xx_dac.o(i.DAC_EnableDMA), (44 bytes).
    Removing apm32f0xx_dac.o(i.DAC_EnableDualSoftwareTrigger), (20 bytes).
    Removing apm32f0xx_dac.o(i.DAC_EnableInterrupt), (44 bytes).
    Removing apm32f0xx_dac.o(i.DAC_EnableSoftwareTrigger), (40 bytes).
    Removing apm32f0xx_dac.o(i.DAC_EnableWaveGeneration), (20 bytes).
    Removing apm32f0xx_dac.o(i.DAC_ReadDataOutputValue), (32 bytes).
    Removing apm32f0xx_dac.o(i.DAC_ReadIntFlag), (36 bytes).
    Removing apm32f0xx_dac.o(i.DAC_ReadStatusFlag), (28 bytes).
    Removing apm32f0xx_dac.o(i.DAC_Reset), (20 bytes).
    Removing apm32f0xx_fmc.o(.rev16_text), (4 bytes).
    Removing apm32f0xx_fmc.o(.revsh_text), (4 bytes).
    Removing apm32f0xx_fmc.o(i.FMC_ClearStatusFlag), (16 bytes).
    Removing apm32f0xx_fmc.o(i.FMC_ConfigOptionByteUser), (108 bytes).
    Removing apm32f0xx_fmc.o(i.FMC_ConfigReadOutProtection), (168 bytes).
    Removing apm32f0xx_fmc.o(i.FMC_DisableInterrupt), (16 bytes).
    Removing apm32f0xx_fmc.o(i.FMC_DisableOptionByteBOOT), (80 bytes).
    Removing apm32f0xx_fmc.o(i.FMC_DisableOptionByteSRAMParity), (80 bytes).
    Removing apm32f0xx_fmc.o(i.FMC_DisableOptionByteVDDA), (80 bytes).
    Removing apm32f0xx_fmc.o(i.FMC_DisablePrefetchBuffer), (20 bytes).
    Removing apm32f0xx_fmc.o(i.FMC_EnableInterrupt), (16 bytes).
    Removing apm32f0xx_fmc.o(i.FMC_EnableOptionByteBOOT), (84 bytes).
    Removing apm32f0xx_fmc.o(i.FMC_EnableOptionByteSRAMParity), (84 bytes).
    Removing apm32f0xx_fmc.o(i.FMC_EnableOptionByteVDDA), (84 bytes).
    Removing apm32f0xx_fmc.o(i.FMC_EnablePrefetchBuffer), (20 bytes).
    Removing apm32f0xx_fmc.o(i.FMC_EnableWriteProtection), (128 bytes).
    Removing apm32f0xx_fmc.o(i.FMC_EraseAllPages), (76 bytes).
    Removing apm32f0xx_fmc.o(i.FMC_EraseOptionByte), (184 bytes).
    Removing apm32f0xx_fmc.o(i.FMC_GetReadProtectionStatus), (24 bytes).
    Removing apm32f0xx_fmc.o(i.FMC_LaunchOptionByte), (24 bytes).
    Removing apm32f0xx_fmc.o(i.FMC_LockOptionByte), (20 bytes).
    Removing apm32f0xx_fmc.o(i.FMC_ProgramHalfWord), (68 bytes).
    Removing apm32f0xx_fmc.o(i.FMC_ProgramOptionByteData), (72 bytes).
    Removing apm32f0xx_fmc.o(i.FMC_ReadOptionByteUser), (16 bytes).
    Removing apm32f0xx_fmc.o(i.FMC_ReadOptionByteWriteProtection), (12 bytes).
    Removing apm32f0xx_fmc.o(i.FMC_ReadPrefetchBufferStatus), (24 bytes).
    Removing apm32f0xx_fmc.o(i.FMC_ReadStatusFlag), (40 bytes).
    Removing apm32f0xx_fmc.o(i.FMC_SetLatency), (24 bytes).
    Removing apm32f0xx_fmc.o(i.FMC_UnlockOptionByte), (24 bytes).
    Removing apm32f0xx_fmc.o(i.FMC_WriteOptionByteUser), (76 bytes).
    Removing apm32f0xx_syscfg.o(.rev16_text), (4 bytes).
    Removing apm32f0xx_syscfg.o(.revsh_text), (4 bytes).
    Removing apm32f0xx_syscfg.o(i.SYSCFG_BreakLock), (92 bytes).
    Removing apm32f0xx_syscfg.o(i.SYSCFG_ClearStatusFlag), (16 bytes).
    Removing apm32f0xx_syscfg.o(i.SYSCFG_DisableDMAChannelRemap), (16 bytes).
    Removing apm32f0xx_syscfg.o(i.SYSCFG_DisableI2CFastModePlus), (16 bytes).
    Removing apm32f0xx_syscfg.o(i.SYSCFG_EINTLine), (152 bytes).
    Removing apm32f0xx_syscfg.o(i.SYSCFG_EnableDMAChannelRemap), (16 bytes).
    Removing apm32f0xx_syscfg.o(i.SYSCFG_EnableI2CFastModePlus), (16 bytes).
    Removing apm32f0xx_syscfg.o(i.SYSCFG_MemoryRemapSelect), (24 bytes).
    Removing apm32f0xx_syscfg.o(i.SYSCFG_ReadStatusFlag), (28 bytes).
    Removing apm32f0xx_syscfg.o(i.SYSCFG_Reset), (40 bytes).
    Removing apm32f0xx_syscfg.o(i.SYSCFG_SelectIRDAEnv), (28 bytes).
    Removing apm32f0xx_eint.o(.rev16_text), (4 bytes).
    Removing apm32f0xx_eint.o(.revsh_text), (4 bytes).
    Removing apm32f0xx_eint.o(i.EINT_ClearIntFlag), (12 bytes).
    Removing apm32f0xx_eint.o(i.EINT_ClearStatusFlag), (12 bytes).
    Removing apm32f0xx_eint.o(i.EINT_Config), (156 bytes).
    Removing apm32f0xx_eint.o(i.EINT_ConfigStructInit), (16 bytes).
    Removing apm32f0xx_eint.o(i.EINT_ReadIntFlag), (40 bytes).
    Removing apm32f0xx_eint.o(i.EINT_ReadStatusFlag), (28 bytes).
    Removing apm32f0xx_eint.o(i.EINT_Reset), (28 bytes).
    Removing apm32f0xx_eint.o(i.EINT_SelectSWInterrupt), (16 bytes).
    Removing apm32f0xx_int.o(.rev16_text), (4 bytes).
    Removing apm32f0xx_int.o(.revsh_text), (4 bytes).
    Removing main.o(.rev16_text), (4 bytes).
    Removing main.o(.revsh_text), (4 bytes).
    Removing bsp_delay.o(.rev16_text), (4 bytes).
    Removing bsp_delay.o(.revsh_text), (4 bytes).
    Removing bsp_delay.o(i.APM_EVAL_DelayUs), (80 bytes).
    Removing df_protocol.o(.rev16_text), (4 bytes).
    Removing df_protocol.o(.revsh_text), (4 bytes).
    Removing func.o(.rev16_text), (4 bytes).
    Removing func.o(.revsh_text), (4 bytes).
    Removing setup.o(.rev16_text), (4 bytes).
    Removing setup.o(.revsh_text), (4 bytes).
    Removing system_apm32f0xx.o(.rev16_text), (4 bytes).
    Removing system_apm32f0xx.o(.revsh_text), (4 bytes).
    Removing system_apm32f0xx.o(i.SystemCoreClockUpdate), (184 bytes).
    Removing dadd.o(.text), (356 bytes).
    Removing dmul.o(.text), (208 bytes).
    Removing dfixul.o(.text), (64 bytes).
    Removing cdrcmple.o(.text), (40 bytes).

368 unused section(s) (total 11896 bytes) removed from the image.

==============================================================================

Image Symbol Table

    Local Symbols

    Symbol Name                              Value     Ov Type        Size  Object(Section)

    ../clib/microlib/division.c              0x00000000   Number         0  uldiv.o ABSOLUTE
    ../clib/microlib/division.c              0x00000000   Number         0  ldiv.o ABSOLUTE
    ../clib/microlib/division.c              0x00000000   Number         0  idiv.o ABSOLUTE
    ../clib/microlib/division.c              0x00000000   Number         0  uidiv.o ABSOLUTE
    ../clib/microlib/init/entry.s            0x00000000   Number         0  entry.o ABSOLUTE
    ../clib/microlib/init/entry.s            0x00000000   Number         0  entry10a.o ABSOLUTE
    ../clib/microlib/init/entry.s            0x00000000   Number         0  entry10b.o ABSOLUTE
    ../clib/microlib/init/entry.s            0x00000000   Number         0  entry11a.o ABSOLUTE
    ../clib/microlib/init/entry.s            0x00000000   Number         0  entry11b.o ABSOLUTE
    ../clib/microlib/init/entry.s            0x00000000   Number         0  entry2.o ABSOLUTE
    ../clib/microlib/init/entry.s            0x00000000   Number         0  entry5.o ABSOLUTE
    ../clib/microlib/init/entry.s            0x00000000   Number         0  entry7a.o ABSOLUTE
    ../clib/microlib/init/entry.s            0x00000000   Number         0  entry7b.o ABSOLUTE
    ../clib/microlib/init/entry.s            0x00000000   Number         0  entry8a.o ABSOLUTE
    ../clib/microlib/init/entry.s            0x00000000   Number         0  entry8b.o ABSOLUTE
    ../clib/microlib/init/entry.s            0x00000000   Number         0  entry9a.o ABSOLUTE
    ../clib/microlib/init/entry.s            0x00000000   Number         0  entry9b.o ABSOLUTE
    ../clib/microlib/longlong.c              0x00000000   Number         0  llshl.o ABSOLUTE
    ../clib/microlib/longlong.c              0x00000000   Number         0  llushr.o ABSOLUTE
    ../clib/microlib/longlong.c              0x00000000   Number         0  llmul.o ABSOLUTE
    ../clib/microlib/longlong.c              0x00000000   Number         0  llsshr.o ABSOLUTE
    ../clib/microlib/malloc/malloc.c         0x00000000   Number         0  malloca.o ABSOLUTE
    ../clib/microlib/malloc/malloc.c         0x00000000   Number         0  mallocr.o ABSOLUTE
    ../clib/microlib/malloc/malloc.c         0x00000000   Number         0  malloc.o ABSOLUTE
    ../clib/microlib/malloc/malloc.c         0x00000000   Number         0  mallocra.o ABSOLUTE
    ../clib/microlib/malloc/mvars.c          0x00000000   Number         0  mvars.o ABSOLUTE
    ../clib/microlib/printf/printf.c         0x00000000   Number         0  printf2.o ABSOLUTE
    ../clib/microlib/printf/printf.c         0x00000000   Number         0  printf1.o ABSOLUTE
    ../clib/microlib/printf/printf.c         0x00000000   Number         0  printf0.o ABSOLUTE
    ../clib/microlib/printf/printf.c         0x00000000   Number         0  printf4.o ABSOLUTE
    ../clib/microlib/printf/printf.c         0x00000000   Number         0  printfa.o ABSOLUTE
    ../clib/microlib/printf/printf.c         0x00000000   Number         0  printf8.o ABSOLUTE
    ../clib/microlib/printf/printf.c         0x00000000   Number         0  printf7.o ABSOLUTE
    ../clib/microlib/printf/printf.c         0x00000000   Number         0  printf6.o ABSOLUTE
    ../clib/microlib/printf/printf.c         0x00000000   Number         0  printf5.o ABSOLUTE
    ../clib/microlib/printf/printf.c         0x00000000   Number         0  printf3.o ABSOLUTE
    ../clib/microlib/printf/printf.c         0x00000000   Number         0  printfb.o ABSOLUTE
    ../clib/microlib/printf/stubs.s          0x00000000   Number         0  stubs.o ABSOLUTE
    ../clib/microlib/stdio/streams.c         0x00000000   Number         0  stdout.o ABSOLUTE
    ../clib/microlib/string/memcpy.c         0x00000000   Number         0  memcpyb.o ABSOLUTE
    ../clib/microlib/string/memcpy.c         0x00000000   Number         0  memcpya.o ABSOLUTE
    ../clib/microlib/string/memset.c         0x00000000   Number         0  memseta.o ABSOLUTE
    ../clib/microlib/stubs.s                 0x00000000   Number         0  iusefp.o ABSOLUTE
    ../clib/microlib/unhosted.c              0x00000000   Number         0  uread4.o ABSOLUTE
    ../clib/microlib/unhosted.c              0x00000000   Number         0  uwrite4.o ABSOLUTE
    ../fplib/microlib/fpadd.c                0x00000000   Number         0  dadd.o ABSOLUTE
    ../fplib/microlib/fpdiv.c                0x00000000   Number         0  ddiv.o ABSOLUTE
    ../fplib/microlib/fpepilogue.c           0x00000000   Number         0  depilogue.o ABSOLUTE
    ../fplib/microlib/fpfix.c                0x00000000   Number         0  dfixul.o ABSOLUTE
    ../fplib/microlib/fpfix.c                0x00000000   Number         0  dfixui.o ABSOLUTE
    ../fplib/microlib/fpflt.c                0x00000000   Number         0  dfltui.o ABSOLUTE
    ../fplib/microlib/fpmul.c                0x00000000   Number         0  dmul.o ABSOLUTE
    ..\..\APM32F0xx_StdPeriphDriver\src\apm32f0xx_adc.c 0x00000000   Number         0  apm32f0xx_adc.o ABSOLUTE
    ..\..\APM32F0xx_StdPeriphDriver\src\apm32f0xx_comp.c 0x00000000   Number         0  apm32f0xx_comp.o ABSOLUTE
    ..\..\APM32F0xx_StdPeriphDriver\src\apm32f0xx_dac.c 0x00000000   Number         0  apm32f0xx_dac.o ABSOLUTE
    ..\..\APM32F0xx_StdPeriphDriver\src\apm32f0xx_eint.c 0x00000000   Number         0  apm32f0xx_eint.o ABSOLUTE
    ..\..\APM32F0xx_StdPeriphDriver\src\apm32f0xx_fmc.c 0x00000000   Number         0  apm32f0xx_fmc.o ABSOLUTE
    ..\..\APM32F0xx_StdPeriphDriver\src\apm32f0xx_gpio.c 0x00000000   Number         0  apm32f0xx_gpio.o ABSOLUTE
    ..\..\APM32F0xx_StdPeriphDriver\src\apm32f0xx_misc.c 0x00000000   Number         0  apm32f0xx_misc.o ABSOLUTE
    ..\..\APM32F0xx_StdPeriphDriver\src\apm32f0xx_rcm.c 0x00000000   Number         0  apm32f0xx_rcm.o ABSOLUTE
    ..\..\APM32F0xx_StdPeriphDriver\src\apm32f0xx_syscfg.c 0x00000000   Number         0  apm32f0xx_syscfg.o ABSOLUTE
    ..\..\APM32F0xx_StdPeriphDriver\src\apm32f0xx_tmr.c 0x00000000   Number         0  apm32f0xx_tmr.o ABSOLUTE
    ..\..\APM32F0xx_StdPeriphDriver\src\apm32f0xx_usart.c 0x00000000   Number         0  apm32f0xx_usart.o ABSOLUTE
    ..\..\Source\FUNCTION\DF_Protocol.c      0x00000000   Number         0  df_protocol.o ABSOLUTE
    ..\..\Source\FUNCTION\func.c             0x00000000   Number         0  func.o ABSOLUTE
    ..\..\Source\FUNCTION\setup.c            0x00000000   Number         0  setup.o ABSOLUTE
    ..\..\Source\apm32f0xx_int.c             0x00000000   Number         0  apm32f0xx_int.o ABSOLUTE
    ..\..\Source\bsp_delay.c                 0x00000000   Number         0  bsp_delay.o ABSOLUTE
    ..\..\Source\main.c                      0x00000000   Number         0  main.o ABSOLUTE
    ..\..\Source\startup_apm32f051.s         0x00000000   Number         0  startup_apm32f051.o ABSOLUTE
    ..\..\Source\system_apm32f0xx.c          0x00000000   Number         0  system_apm32f0xx.o ABSOLUTE
    ..\\..\\APM32F0xx_StdPeriphDriver\\src\\apm32f0xx_adc.c 0x00000000   Number         0  apm32f0xx_adc.o ABSOLUTE
    ..\\..\\APM32F0xx_StdPeriphDriver\\src\\apm32f0xx_comp.c 0x00000000   Number         0  apm32f0xx_comp.o ABSOLUTE
    ..\\..\\APM32F0xx_StdPeriphDriver\\src\\apm32f0xx_dac.c 0x00000000   Number         0  apm32f0xx_dac.o ABSOLUTE
    ..\\..\\APM32F0xx_StdPeriphDriver\\src\\apm32f0xx_eint.c 0x00000000   Number         0  apm32f0xx_eint.o ABSOLUTE
    ..\\..\\APM32F0xx_StdPeriphDriver\\src\\apm32f0xx_fmc.c 0x00000000   Number         0  apm32f0xx_fmc.o ABSOLUTE
    ..\\..\\APM32F0xx_StdPeriphDriver\\src\\apm32f0xx_gpio.c 0x00000000   Number         0  apm32f0xx_gpio.o ABSOLUTE
    ..\\..\\APM32F0xx_StdPeriphDriver\\src\\apm32f0xx_misc.c 0x00000000   Number         0  apm32f0xx_misc.o ABSOLUTE
    ..\\..\\APM32F0xx_StdPeriphDriver\\src\\apm32f0xx_rcm.c 0x00000000   Number         0  apm32f0xx_rcm.o ABSOLUTE
    ..\\..\\APM32F0xx_StdPeriphDriver\\src\\apm32f0xx_syscfg.c 0x00000000   Number         0  apm32f0xx_syscfg.o ABSOLUTE
    ..\\..\\APM32F0xx_StdPeriphDriver\\src\\apm32f0xx_tmr.c 0x00000000   Number         0  apm32f0xx_tmr.o ABSOLUTE
    ..\\..\\APM32F0xx_StdPeriphDriver\\src\\apm32f0xx_usart.c 0x00000000   Number         0  apm32f0xx_usart.o ABSOLUTE
    ..\\..\\Source\\FUNCTION\\DF_Protocol.c  0x00000000   Number         0  df_protocol.o ABSOLUTE
    ..\\..\\Source\\FUNCTION\\func.c         0x00000000   Number         0  func.o ABSOLUTE
    ..\\..\\Source\\FUNCTION\\setup.c        0x00000000   Number         0  setup.o ABSOLUTE
    ..\\..\\Source\\apm32f0xx_int.c          0x00000000   Number         0  apm32f0xx_int.o ABSOLUTE
    ..\\..\\Source\\bsp_delay.c              0x00000000   Number         0  bsp_delay.o ABSOLUTE
    ..\\..\\Source\\main.c                   0x00000000   Number         0  main.o ABSOLUTE
    ..\\..\\Source\\system_apm32f0xx.c       0x00000000   Number         0  system_apm32f0xx.o ABSOLUTE
    cdrcmple.s                               0x00000000   Number         0  cdrcmple.o ABSOLUTE
    dc.s                                     0x00000000   Number         0  dc.o ABSOLUTE
    handlers.s                               0x00000000   Number         0  handlers.o ABSOLUTE
    init.s                                   0x00000000   Number         0  init.o ABSOLUTE
    RESET                                    0x08002000   Section      188  startup_apm32f051.o(RESET)
    .ARM.Collect$$$$00000000                 0x080020bc   Section        0  entry.o(.ARM.Collect$$$$00000000)
    .ARM.Collect$$$$00000001                 0x080020bc   Section        4  entry2.o(.ARM.Collect$$$$00000001)
    .ARM.Collect$$$$00000004                 0x080020c0   Section        4  entry5.o(.ARM.Collect$$$$00000004)
    .ARM.Collect$$$$00000008                 0x080020c4   Section        0  entry7b.o(.ARM.Collect$$$$00000008)
    .ARM.Collect$$$$0000000A                 0x080020c4   Section        0  entry8b.o(.ARM.Collect$$$$0000000A)
    .ARM.Collect$$$$0000000B                 0x080020c4   Section        8  entry9a.o(.ARM.Collect$$$$0000000B)
    .ARM.Collect$$$$0000000D                 0x080020cc   Section        0  entry10a.o(.ARM.Collect$$$$0000000D)
    .ARM.Collect$$$$0000000F                 0x080020cc   Section        0  entry11a.o(.ARM.Collect$$$$0000000F)
    .ARM.Collect$$$$00002712                 0x080020cc   Section        4  entry2.o(.ARM.Collect$$$$00002712)
    __lit__00000000                          0x080020cc   Data           4  entry2.o(.ARM.Collect$$$$00002712)
    .text                                    0x080020d0   Section       28  startup_apm32f051.o(.text)
    .text                                    0x080020ec   Section        0  uidiv.o(.text)
    .text                                    0x08002118   Section        0  idiv.o(.text)
    .text                                    0x08002140   Section        0  ldiv.o(.text)
    .text                                    0x0800218c   Section        0  llmul.o(.text)
    .text                                    0x08002206   Section        0  memcpya.o(.text)
    .text                                    0x0800222a   Section        0  memseta.o(.text)
    .text                                    0x0800224e   Section        0  uread4.o(.text)
    .text                                    0x08002262   Section        0  uwrite4.o(.text)
    .text                                    0x08002274   Section        0  ddiv.o(.text)
    .text                                    0x08002364   Section        0  dfltui.o(.text)
    .text                                    0x08002380   Section        0  dfixui.o(.text)
    .text                                    0x080023bc   Section        0  uldiv.o(.text)
    .text                                    0x0800241c   Section        0  llshl.o(.text)
    .text                                    0x0800243c   Section        0  llushr.o(.text)
    .text                                    0x0800245e   Section        0  depilogue.o(.text)
    .text                                    0x0800245e   Section        0  iusefp.o(.text)
    .text                                    0x0800251c   Section       36  init.o(.text)
    i.ACMP_setup                             0x08002540   Section        0  setup.o(i.ACMP_setup)
    i.ADC1_COMP_IRQHandler                   0x0800261a   Section        0  apm32f0xx_int.o(i.ADC1_COMP_IRQHandler)
    i.ADC_Config                             0x0800261c   Section        0  apm32f0xx_adc.o(i.ADC_Config)
    i.ADC_ConfigChannel                      0x080026b0   Section        0  apm32f0xx_adc.o(i.ADC_ConfigChannel)
    i.ADC_ConfigStructInit                   0x080026c8   Section        0  apm32f0xx_adc.o(i.ADC_ConfigStructInit)
    i.ADC_Enable                             0x080026d8   Section        0  apm32f0xx_adc.o(i.ADC_Enable)
    i.ADC_ReadCalibrationFactor              0x080026ec   Section        0  apm32f0xx_adc.o(i.ADC_ReadCalibrationFactor)
    i.ADC_ReadConversionValue                0x08002738   Section        0  apm32f0xx_adc.o(i.ADC_ReadConversionValue)
    i.ADC_Reset                              0x08002744   Section        0  apm32f0xx_adc.o(i.ADC_Reset)
    i.ADC_StartConversion                    0x08002758   Section        0  apm32f0xx_adc.o(i.ADC_StartConversion)
    i.ADC_StopConversion                     0x0800276c   Section        0  apm32f0xx_adc.o(i.ADC_StopConversion)
    i.ADC_setup                              0x08002780   Section        0  setup.o(i.ADC_setup)
    i.APM_EVAL_DelayInit                     0x080027d8   Section        0  bsp_delay.o(i.APM_EVAL_DelayInit)
    i.APM_EVAL_DelayMs                       0x08002814   Section        0  bsp_delay.o(i.APM_EVAL_DelayMs)
    i.APM_EVAL_TMR14_Init                    0x08002864   Section        0  setup.o(i.APM_EVAL_TMR14_Init)
    i.COMP_Config                            0x080028b0   Section        0  apm32f0xx_comp.o(i.COMP_Config)
    i.COMP_ConfigStructInit                  0x080029ac   Section        0  apm32f0xx_comp.o(i.COMP_ConfigStructInit)
    i.COMP_Disable                           0x080029bc   Section        0  apm32f0xx_comp.o(i.COMP_Disable)
    i.COMP_Enable                            0x080029e4   Section        0  apm32f0xx_comp.o(i.COMP_Enable)
    i.DAC_Config                             0x08002a10   Section        0  apm32f0xx_dac.o(i.DAC_Config)
    i.DAC_ConfigChannel1Data                 0x08002a30   Section        0  apm32f0xx_dac.o(i.DAC_ConfigChannel1Data)
    i.DAC_Disable                            0x08002a50   Section        0  apm32f0xx_dac.o(i.DAC_Disable)
    i.DAC_Enable                             0x08002a78   Section        0  apm32f0xx_dac.o(i.DAC_Enable)
    i.DAC_setup                              0x08002aa4   Section        0  setup.o(i.DAC_setup)
    i.DF_Protocol_Parse                      0x08002afc   Section        0  df_protocol.o(i.DF_Protocol_Parse)
    i.FMC_ErasePage                          0x08002d24   Section        0  apm32f0xx_fmc.o(i.FMC_ErasePage)
    i.FMC_Lock                               0x08002d74   Section        0  apm32f0xx_fmc.o(i.FMC_Lock)
    i.FMC_ProgramWord                        0x08002d88   Section        0  apm32f0xx_fmc.o(i.FMC_ProgramWord)
    i.FMC_ReadState                          0x08002ddc   Section        0  apm32f0xx_fmc.o(i.FMC_ReadState)
    i.FMC_Unlock                             0x08002e0c   Section        0  apm32f0xx_fmc.o(i.FMC_Unlock)
    i.FMC_WaitForReady                       0x08002e24   Section        0  apm32f0xx_fmc.o(i.FMC_WaitForReady)
    i.GPIO_ClearBit                          0x08002e40   Section        0  apm32f0xx_gpio.o(i.GPIO_ClearBit)
    i.GPIO_Config                            0x08002e44   Section        0  apm32f0xx_gpio.o(i.GPIO_Config)
    i.GPIO_ConfigPinAF                       0x08002ece   Section        0  apm32f0xx_gpio.o(i.GPIO_ConfigPinAF)
    i.GPIO_ConfigStructInit                  0x08002f14   Section        0  apm32f0xx_gpio.o(i.GPIO_ConfigStructInit)
    i.GPIO_SetBit                            0x08002f2a   Section        0  apm32f0xx_gpio.o(i.GPIO_SetBit)
    i.GPIO_setup                             0x08002f30   Section        0  setup.o(i.GPIO_setup)
    i.HardFault_Handler                      0x08003030   Section        0  apm32f0xx_int.o(i.HardFault_Handler)
    i.Load_RxMessage                         0x08003058   Section        0  df_protocol.o(i.Load_RxMessage)
    i.NMI_Handler                            0x080030e8   Section        0  apm32f0xx_int.o(i.NMI_Handler)
    i.NVIC_DisableIRQRequest                 0x08003104   Section        0  apm32f0xx_misc.o(i.NVIC_DisableIRQRequest)
    i.NVIC_EnableIRQRequest                  0x0800311c   Section        0  apm32f0xx_misc.o(i.NVIC_EnableIRQRequest)
    i.NVIC_SetPriority                       0x08003140   Section        0  apm32f0xx_misc.o(i.NVIC_SetPriority)
    NVIC_SetPriority                         0x08003141   Thumb Code   110  apm32f0xx_misc.o(i.NVIC_SetPriority)
    i.Parameters_Setup                       0x080031b8   Section        0  func.o(i.Parameters_Setup)
    i.PendSV_Handler                         0x08003238   Section        0  apm32f0xx_int.o(i.PendSV_Handler)
    i.RCM_DisableAPB2PeriphClock             0x08003258   Section        0  apm32f0xx_rcm.o(i.RCM_DisableAPB2PeriphClock)
    i.RCM_DisableAPB2PeriphReset             0x08003268   Section        0  apm32f0xx_rcm.o(i.RCM_DisableAPB2PeriphReset)
    i.RCM_EnableAHBPeriphClock               0x08003278   Section        0  apm32f0xx_rcm.o(i.RCM_EnableAHBPeriphClock)
    i.RCM_EnableAPB1PeriphClock              0x08003288   Section        0  apm32f0xx_rcm.o(i.RCM_EnableAPB1PeriphClock)
    i.RCM_EnableAPB2PeriphClock              0x08003298   Section        0  apm32f0xx_rcm.o(i.RCM_EnableAPB2PeriphClock)
    i.RCM_EnableAPB2PeriphReset              0x080032a8   Section        0  apm32f0xx_rcm.o(i.RCM_EnableAPB2PeriphReset)
    i.RCM_ReadPCLKFreq                       0x080032b8   Section        0  apm32f0xx_rcm.o(i.RCM_ReadPCLKFreq)
    i.RCM_ReadSYSCLKFreq                     0x080032ec   Section        0  apm32f0xx_rcm.o(i.RCM_ReadSYSCLKFreq)
    i.RCM_ReadUSART1CLKFreq                  0x08003390   Section        0  apm32f0xx_rcm.o(i.RCM_ReadUSART1CLKFreq)
    i.RCM_ReadUSART2CLKFreq                  0x080033e0   Section        0  apm32f0xx_rcm.o(i.RCM_ReadUSART2CLKFreq)
    i.Restore_Check                          0x08003430   Section        0  func.o(i.Restore_Check)
    i.Ret_Checksum_Cal                       0x08003524   Section        0  df_protocol.o(i.Ret_Checksum_Cal)
    i.Return_GetDis                          0x08003544   Section        0  df_protocol.o(i.Return_GetDis)
    i.Return_GetTemp                         0x08003598   Section        0  df_protocol.o(i.Return_GetTemp)
    i.Return_SetAddr                         0x0800360c   Section        0  df_protocol.o(i.Return_SetAddr)
    i.Return_SetBand                         0x08003648   Section        0  df_protocol.o(i.Return_SetBand)
    i.SVC_Handler                            0x08003698   Section        0  apm32f0xx_int.o(i.SVC_Handler)
    i.Send_40K                               0x080036b4   Section        0  func.o(i.Send_40K)
    i.SetVs                                  0x08003744   Section        0  func.o(i.SetVs)
    i.SysTick_ConfigCLKSource                0x08003838   Section        0  apm32f0xx_misc.o(i.SysTick_ConfigCLKSource)
    i.SysTick_Handler                        0x0800385c   Section        0  apm32f0xx_int.o(i.SysTick_Handler)
    i.SystemClock48M                         0x08003860   Section        0  system_apm32f0xx.o(i.SystemClock48M)
    SystemClock48M                           0x08003861   Thumb Code   210  system_apm32f0xx.o(i.SystemClock48M)
    i.SystemClockConfig                      0x0800393c   Section        0  system_apm32f0xx.o(i.SystemClockConfig)
    SystemClockConfig                        0x0800393d   Thumb Code     8  system_apm32f0xx.o(i.SystemClockConfig)
    i.SystemInit                             0x08003944   Section        0  system_apm32f0xx.o(i.SystemInit)
    i.TI1Config                              0x080039cc   Section        0  apm32f0xx_tmr.o(i.TI1Config)
    TI1Config                                0x080039cd   Thumb Code    88  apm32f0xx_tmr.o(i.TI1Config)
    i.TI2Config                              0x08003a28   Section        0  apm32f0xx_tmr.o(i.TI2Config)
    TI2Config                                0x08003a29   Thumb Code   102  apm32f0xx_tmr.o(i.TI2Config)
    i.TI3Config                              0x08003a94   Section        0  apm32f0xx_tmr.o(i.TI3Config)
    TI3Config                                0x08003a95   Thumb Code    92  apm32f0xx_tmr.o(i.TI3Config)
    i.TI4Config                              0x08003af4   Section        0  apm32f0xx_tmr.o(i.TI4Config)
    TI4Config                                0x08003af5   Thumb Code   106  apm32f0xx_tmr.o(i.TI4Config)
    i.TIMER2_setup                           0x08003b64   Section        0  setup.o(i.TIMER2_setup)
    i.TIMER3_setup                           0x08003bd8   Section        0  setup.o(i.TIMER3_setup)
    i.TMR14_IRQHandler                       0x08003c24   Section        0  apm32f0xx_int.o(i.TMR14_IRQHandler)
    i.TMR2_IRQHandler                        0x08003c60   Section        0  apm32f0xx_int.o(i.TMR2_IRQHandler)
    i.TMR3_IRQHandler                        0x08003eb4   Section        0  apm32f0xx_int.o(i.TMR3_IRQHandler)
    i.TMR_ClearIntFlag                       0x080042f0   Section        0  apm32f0xx_tmr.o(i.TMR_ClearIntFlag)
    i.TMR_ClearStatusFlag                    0x080042f6   Section        0  apm32f0xx_tmr.o(i.TMR_ClearStatusFlag)
    i.TMR_ConfigTimeBase                     0x080042fc   Section        0  apm32f0xx_tmr.o(i.TMR_ConfigTimeBase)
    i.TMR_Disable                            0x08004394   Section        0  apm32f0xx_tmr.o(i.TMR_Disable)
    i.TMR_DisableCCxChannel                  0x0800439e   Section        0  apm32f0xx_tmr.o(i.TMR_DisableCCxChannel)
    i.TMR_DisableInterrupt                   0x080043aa   Section        0  apm32f0xx_tmr.o(i.TMR_DisableInterrupt)
    i.TMR_Enable                             0x080043b2   Section        0  apm32f0xx_tmr.o(i.TMR_Enable)
    i.TMR_EnableCCxChannel                   0x080043be   Section        0  apm32f0xx_tmr.o(i.TMR_EnableCCxChannel)
    i.TMR_EnableInterrupt                    0x080043ca   Section        0  apm32f0xx_tmr.o(i.TMR_EnableInterrupt)
    i.TMR_ICConfig                           0x080043d2   Section        0  apm32f0xx_tmr.o(i.TMR_ICConfig)
    i.TMR_ReadCaputer4                       0x08004448   Section        0  apm32f0xx_tmr.o(i.TMR_ReadCaputer4)
    i.TMR_ReadIntFlag                        0x08004450   Section        0  apm32f0xx_tmr.o(i.TMR_ReadIntFlag)
    i.TMR_SetCounter                         0x0800446a   Section        0  apm32f0xx_tmr.o(i.TMR_SetCounter)
    i.TMR_SetIC1Prescal                      0x0800446e   Section        0  apm32f0xx_tmr.o(i.TMR_SetIC1Prescal)
    i.TMR_SetIC2Prescal                      0x08004488   Section        0  apm32f0xx_tmr.o(i.TMR_SetIC2Prescal)
    i.TMR_SetIC3Prescal                      0x080044a6   Section        0  apm32f0xx_tmr.o(i.TMR_SetIC3Prescal)
    i.TMR_SetIC4Prescal                      0x080044c0   Section        0  apm32f0xx_tmr.o(i.TMR_SetIC4Prescal)
    i.USART1_IRQHandler                      0x080044e0   Section        0  apm32f0xx_int.o(i.USART1_IRQHandler)
    i.USART1_Init                            0x08004584   Section        0  setup.o(i.USART1_Init)
    i.USART_Config                           0x08004618   Section        0  apm32f0xx_usart.o(i.USART_Config)
    i.USART_Enable                           0x080046c8   Section        0  apm32f0xx_usart.o(i.USART_Enable)
    i.USART_EnableInterrupt                  0x080046d4   Section        0  apm32f0xx_usart.o(i.USART_EnableInterrupt)
    i.USART_ReadStatusFlag                   0x0800471e   Section        0  apm32f0xx_usart.o(i.USART_ReadStatusFlag)
    i.USART_RxData                           0x08004730   Section        0  apm32f0xx_usart.o(i.USART_RxData)
    i.USART_TxData                           0x0800473a   Section        0  apm32f0xx_usart.o(i.USART_TxData)
    i.USART_Write                            0x08004744   Section        0  func.o(i.USART_Write)
    i.__0printf$1                            0x08004774   Section        0  printf1.o(i.__0printf$1)
    i.__ARM_clz                              0x08004794   Section        0  depilogue.o(i.__ARM_clz)
    i.__ARM_common_ll_muluu                  0x080047c2   Section        0  apm32f0xx_int.o(i.__ARM_common_ll_muluu)
    i.__ARM_common_switch8                   0x080047f2   Section        0  apm32f0xx_int.o(i.__ARM_common_switch8)
    i.__scatterload_copy                     0x0800480e   Section       14  handlers.o(i.__scatterload_copy)
    i.__scatterload_null                     0x0800481c   Section        2  handlers.o(i.__scatterload_null)
    i.__scatterload_zeroinit                 0x0800481e   Section       14  handlers.o(i.__scatterload_zeroinit)
    i._printf_core                           0x0800482c   Section        0  printf1.o(i._printf_core)
    _printf_core                             0x0800482d   Thumb Code   332  printf1.o(i._printf_core)
    i.appFlagInit                            0x0800497c   Section        0  main.o(i.appFlagInit)
    i.clear_RxMessage                        0x080049c0   Section        0  df_protocol.o(i.clear_RxMessage)
    i.fputc                                  0x080049ec   Section        0  main.o(i.fputc)
    i.free                                   0x08004a10   Section        0  malloc.o(i.free)
    i.get_Dis                                0x08004a64   Section        0  func.o(i.get_Dis)
    i.get_Dis_Handler                        0x08004c04   Section        0  func.o(i.get_Dis_Handler)
    i.get_Temp                               0x08004c14   Section        0  func.o(i.get_Temp)
    i.get_Temp_Handler                       0x08004d60   Section        0  func.o(i.get_Temp_Handler)
    i.main                                   0x08004d70   Section        0  main.o(i.main)
    i.malloc                                 0x08004e34   Section        0  malloc.o(i.malloc)
    i.mystrstr                               0x08004ea0   Section        0  func.o(i.mystrstr)
    i.readPage                               0x08004ee8   Section        0  func.o(i.readPage)
    i.set_Addr_Handler                       0x08004f38   Section        0  func.o(i.set_Addr_Handler)
    i.set_Band_Handler                       0x08004f6c   Section        0  func.o(i.set_Band_Handler)
    i.writePage                              0x08005020   Section        0  func.o(i.writePage)
    .constdata                               0x0800506c   Section       28  main.o(.constdata)
    .constdata                               0x08005088   Section       32  df_protocol.o(.constdata)
    .constdata                               0x080050a8   Section       68  func.o(.constdata)
    .conststring                             0x080050ec   Section      208  df_protocol.o(.conststring)
    .data                                    0x200000c0   Section        6  apm32f0xx_int.o(.data)
    .data                                    0x200000c8   Section        8  bsp_delay.o(.data)
    .data                                    0x200000d0   Section        8  df_protocol.o(.data)
    .data                                    0x200000d8   Section       28  func.o(.data)
    .data                                    0x200000f4   Section        4  system_apm32f0xx.o(.data)
    .data                                    0x200000f8   Section        4  stdout.o(.data)
    .data                                    0x200000fc   Section        4  mvars.o(.data)
    .data                                    0x20000100   Section        4  mvars.o(.data)
    .bss                                     0x20000104   Section       24  apm32f0xx_int.o(.bss)
    .bss                                     0x2000011c   Section      103  df_protocol.o(.bss)
    .bss                                     0x20000183   Section       12  func.o(.bss)
    HEAP                                     0x20000190   Section      512  startup_apm32f051.o(HEAP)
    STACK                                    0x20000390   Section     1024  startup_apm32f051.o(STACK)

    Global Symbols

    Symbol Name                              Value     Ov Type        Size  Object(Section)

    BuildAttributes$$THM_ISAv3M$S$PE$A:L22$X:L11$S22$IEEE1$IW$USESV6$~STKCKD$USESV7$~SHL$OSPACE$ROPI$EBA8$MICROLIB$REQ8$PRES8$EABIv2 0x00000000   Number         0  anon$$obj.o ABSOLUTE
    __ARM_use_no_argv                        0x00000000   Number         0  main.o ABSOLUTE
    _printf_a                                0x00000000   Number         0  stubs.o ABSOLUTE
    _printf_c                                0x00000000   Number         0  stubs.o ABSOLUTE
    _printf_charcount                        0x00000000   Number         0  stubs.o ABSOLUTE
    _printf_d                                0x00000000   Number         0  stubs.o ABSOLUTE
    _printf_e                                0x00000000   Number         0  stubs.o ABSOLUTE
    _printf_f                                0x00000000   Number         0  stubs.o ABSOLUTE
    _printf_flags                            0x00000000   Number         0  stubs.o ABSOLUTE
    _printf_fp_dec                           0x00000000   Number         0  stubs.o ABSOLUTE
    _printf_fp_hex                           0x00000000   Number         0  stubs.o ABSOLUTE
    _printf_g                                0x00000000   Number         0  stubs.o ABSOLUTE
    _printf_i                                0x00000000   Number         0  stubs.o ABSOLUTE
    _printf_int_dec                          0x00000000   Number         0  stubs.o ABSOLUTE
    _printf_l                                0x00000000   Number         0  stubs.o ABSOLUTE
    _printf_lc                               0x00000000   Number         0  stubs.o ABSOLUTE
    _printf_ll                               0x00000000   Number         0  stubs.o ABSOLUTE
    _printf_lld                              0x00000000   Number         0  stubs.o ABSOLUTE
    _printf_lli                              0x00000000   Number         0  stubs.o ABSOLUTE
    _printf_llo                              0x00000000   Number         0  stubs.o ABSOLUTE
    _printf_llu                              0x00000000   Number         0  stubs.o ABSOLUTE
    _printf_llx                              0x00000000   Number         0  stubs.o ABSOLUTE
    _printf_longlong_dec                     0x00000000   Number         0  stubs.o ABSOLUTE
    _printf_longlong_hex                     0x00000000   Number         0  stubs.o ABSOLUTE
    _printf_longlong_oct                     0x00000000   Number         0  stubs.o ABSOLUTE
    _printf_ls                               0x00000000   Number         0  stubs.o ABSOLUTE
    _printf_mbtowc                           0x00000000   Number         0  stubs.o ABSOLUTE
    _printf_n                                0x00000000   Number         0  stubs.o ABSOLUTE
    _printf_o                                0x00000000   Number         0  stubs.o ABSOLUTE
    _printf_p                                0x00000000   Number         0  stubs.o ABSOLUTE
    _printf_percent                          0x00000000   Number         0  stubs.o ABSOLUTE
    _printf_pre_padding                      0x00000000   Number         0  stubs.o ABSOLUTE
    _printf_return_value                     0x00000000   Number         0  stubs.o ABSOLUTE
    _printf_s                                0x00000000   Number         0  stubs.o ABSOLUTE
    _printf_sizespec                         0x00000000   Number         0  stubs.o ABSOLUTE
    _printf_str                              0x00000000   Number         0  stubs.o ABSOLUTE
    _printf_truncate_signed                  0x00000000   Number         0  stubs.o ABSOLUTE
    _printf_truncate_unsigned                0x00000000   Number         0  stubs.o ABSOLUTE
    _printf_u                                0x00000000   Number         0  stubs.o ABSOLUTE
    _printf_wc                               0x00000000   Number         0  stubs.o ABSOLUTE
    _printf_wctomb                           0x00000000   Number         0  stubs.o ABSOLUTE
    _printf_widthprec                        0x00000000   Number         0  stubs.o ABSOLUTE
    _printf_x                                0x00000000   Number         0  stubs.o ABSOLUTE
    __cpp_initialize__aeabi_                  - Undefined Weak Reference
    __cxa_finalize                            - Undefined Weak Reference
    __decompress                              - Undefined Weak Reference
    _clock_init                               - Undefined Weak Reference
    _microlib_exit                            - Undefined Weak Reference
    __Vectors_Size                           0x000000bc   Number         0  startup_apm32f051.o ABSOLUTE
    __Vectors                                0x08002000   Data           4  startup_apm32f051.o(RESET)
    __Vectors_End                            0x080020bc   Data           0  startup_apm32f051.o(RESET)
    __main                                   0x080020bd   Thumb Code     0  entry.o(.ARM.Collect$$$$00000000)
    _main_stk                                0x080020bd   Thumb Code     0  entry2.o(.ARM.Collect$$$$00000001)
    _main_scatterload                        0x080020c1   Thumb Code     0  entry5.o(.ARM.Collect$$$$00000004)
    __main_after_scatterload                 0x080020c5   Thumb Code     0  entry5.o(.ARM.Collect$$$$00000004)
    _main_clock                              0x080020c5   Thumb Code     0  entry7b.o(.ARM.Collect$$$$00000008)
    _main_cpp_init                           0x080020c5   Thumb Code     0  entry8b.o(.ARM.Collect$$$$0000000A)
    _main_init                               0x080020c5   Thumb Code     0  entry9a.o(.ARM.Collect$$$$0000000B)
    __rt_final_cpp                           0x080020cd   Thumb Code     0  entry10a.o(.ARM.Collect$$$$0000000D)
    __rt_final_exit                          0x080020cd   Thumb Code     0  entry11a.o(.ARM.Collect$$$$0000000F)
    Reset_Handler                            0x080020d1   Thumb Code     8  startup_apm32f051.o(.text)
    CEC_IRQHandler                           0x080020e3   Thumb Code     0  startup_apm32f051.o(.text)
    DMA1_CH1_IRQHandler                      0x080020e3   Thumb Code     0  startup_apm32f051.o(.text)
    DMA1_CH2_3_IRQHandler                    0x080020e3   Thumb Code     0  startup_apm32f051.o(.text)
    DMA1_CH4_5_IRQHandler                    0x080020e3   Thumb Code     0  startup_apm32f051.o(.text)
    EINT0_1_IRQHandler                       0x080020e3   Thumb Code     0  startup_apm32f051.o(.text)
    EINT2_3_IRQHandler                       0x080020e3   Thumb Code     0  startup_apm32f051.o(.text)
    EINT4_15_IRQHandler                      0x080020e3   Thumb Code     0  startup_apm32f051.o(.text)
    FLASH_IRQHandler                         0x080020e3   Thumb Code     0  startup_apm32f051.o(.text)
    I2C1_IRQHandler                          0x080020e3   Thumb Code     0  startup_apm32f051.o(.text)
    I2C2_IRQHandler                          0x080020e3   Thumb Code     0  startup_apm32f051.o(.text)
    PVD_IRQHandler                           0x080020e3   Thumb Code     0  startup_apm32f051.o(.text)
    RCM_IRQHandler                           0x080020e3   Thumb Code     0  startup_apm32f051.o(.text)
    RTC_IRQHandler                           0x080020e3   Thumb Code     0  startup_apm32f051.o(.text)
    SPI1_IRQHandler                          0x080020e3   Thumb Code     0  startup_apm32f051.o(.text)
    SPI2_IRQHandler                          0x080020e3   Thumb Code     0  startup_apm32f051.o(.text)
    TMR15_IRQHandler                         0x080020e3   Thumb Code     0  startup_apm32f051.o(.text)
    TMR16_IRQHandler                         0x080020e3   Thumb Code     0  startup_apm32f051.o(.text)
    TMR17_IRQHandler                         0x080020e3   Thumb Code     0  startup_apm32f051.o(.text)
    TMR1_BRK_UP_TRG_COM_IRQHandler           0x080020e3   Thumb Code     0  startup_apm32f051.o(.text)
    TMR1_CC_IRQHandler                       0x080020e3   Thumb Code     0  startup_apm32f051.o(.text)
    TMR6_DAC_IRQHandler                      0x080020e3   Thumb Code     0  startup_apm32f051.o(.text)
    TSC_IRQHandler                           0x080020e3   Thumb Code     0  startup_apm32f051.o(.text)
    USART2_IRQHandler                        0x080020e3   Thumb Code     0  startup_apm32f051.o(.text)
    WWDT_IRQHandler                          0x080020e3   Thumb Code     0  startup_apm32f051.o(.text)
    __aeabi_uidiv                            0x080020ed   Thumb Code     0  uidiv.o(.text)
    __aeabi_uidivmod                         0x080020ed   Thumb Code    44  uidiv.o(.text)
    __aeabi_idiv                             0x08002119   Thumb Code     0  idiv.o(.text)
    __aeabi_idivmod                          0x08002119   Thumb Code    40  idiv.o(.text)
    __aeabi_ldivmod                          0x08002141   Thumb Code    76  ldiv.o(.text)
    __aeabi_lmul                             0x0800218d   Thumb Code   122  llmul.o(.text)
    _ll_mul                                  0x0800218d   Thumb Code     0  llmul.o(.text)
    __aeabi_memcpy                           0x08002207   Thumb Code    36  memcpya.o(.text)
    __aeabi_memcpy4                          0x08002207   Thumb Code     0  memcpya.o(.text)
    __aeabi_memcpy8                          0x08002207   Thumb Code     0  memcpya.o(.text)
    __aeabi_memset                           0x0800222b   Thumb Code    14  memseta.o(.text)
    __aeabi_memset4                          0x0800222b   Thumb Code     0  memseta.o(.text)
    __aeabi_memset8                          0x0800222b   Thumb Code     0  memseta.o(.text)
    __aeabi_memclr                           0x08002239   Thumb Code     4  memseta.o(.text)
    __aeabi_memclr4                          0x08002239   Thumb Code     0  memseta.o(.text)
    __aeabi_memclr8                          0x08002239   Thumb Code     0  memseta.o(.text)
    _memset$wrapper                          0x0800223d   Thumb Code    18  memseta.o(.text)
    __aeabi_uread4                           0x0800224f   Thumb Code    20  uread4.o(.text)
    __rt_uread4                              0x0800224f   Thumb Code     0  uread4.o(.text)
    _uread4                                  0x0800224f   Thumb Code     0  uread4.o(.text)
    __aeabi_uwrite4                          0x08002263   Thumb Code    18  uwrite4.o(.text)
    __rt_uwrite4                             0x08002263   Thumb Code     0  uwrite4.o(.text)
    _uwrite4                                 0x08002263   Thumb Code     0  uwrite4.o(.text)
    __aeabi_ddiv                             0x08002275   Thumb Code   234  ddiv.o(.text)
    __aeabi_ui2d                             0x08002365   Thumb Code    24  dfltui.o(.text)
    __aeabi_d2uiz                            0x08002381   Thumb Code    50  dfixui.o(.text)
    __aeabi_uldivmod                         0x080023bd   Thumb Code    96  uldiv.o(.text)
    __aeabi_llsl                             0x0800241d   Thumb Code    32  llshl.o(.text)
    _ll_shift_l                              0x0800241d   Thumb Code     0  llshl.o(.text)
    __aeabi_llsr                             0x0800243d   Thumb Code    34  llushr.o(.text)
    _ll_ushift_r                             0x0800243d   Thumb Code     0  llushr.o(.text)
    __I$use$fp                               0x0800245f   Thumb Code     0  iusefp.o(.text)
    _double_round                            0x0800245f   Thumb Code    26  depilogue.o(.text)
    _double_epilogue                         0x08002479   Thumb Code   164  depilogue.o(.text)
    __scatterload                            0x0800251d   Thumb Code    28  init.o(.text)
    __scatterload_rt2                        0x0800251d   Thumb Code     0  init.o(.text)
    ACMP_setup                               0x08002541   Thumb Code   218  setup.o(i.ACMP_setup)
    ADC1_COMP_IRQHandler                     0x0800261b   Thumb Code     2  apm32f0xx_int.o(i.ADC1_COMP_IRQHandler)
    ADC_Config                               0x0800261d   Thumb Code   142  apm32f0xx_adc.o(i.ADC_Config)
    ADC_ConfigChannel                        0x080026b1   Thumb Code    20  apm32f0xx_adc.o(i.ADC_ConfigChannel)
    ADC_ConfigStructInit                     0x080026c9   Thumb Code    16  apm32f0xx_adc.o(i.ADC_ConfigStructInit)
    ADC_Enable                               0x080026d9   Thumb Code    16  apm32f0xx_adc.o(i.ADC_Enable)
    ADC_ReadCalibrationFactor                0x080026ed   Thumb Code    70  apm32f0xx_adc.o(i.ADC_ReadCalibrationFactor)
    ADC_ReadConversionValue                  0x08002739   Thumb Code     8  apm32f0xx_adc.o(i.ADC_ReadConversionValue)
    ADC_Reset                                0x08002745   Thumb Code    20  apm32f0xx_adc.o(i.ADC_Reset)
    ADC_StartConversion                      0x08002759   Thumb Code    16  apm32f0xx_adc.o(i.ADC_StartConversion)
    ADC_StopConversion                       0x0800276d   Thumb Code    16  apm32f0xx_adc.o(i.ADC_StopConversion)
    ADC_setup                                0x08002781   Thumb Code    86  setup.o(i.ADC_setup)
    APM_EVAL_DelayInit                       0x080027d9   Thumb Code    42  bsp_delay.o(i.APM_EVAL_DelayInit)
    APM_EVAL_DelayMs                         0x08002815   Thumb Code    72  bsp_delay.o(i.APM_EVAL_DelayMs)
    APM_EVAL_TMR14_Init                      0x08002865   Thumb Code    72  setup.o(i.APM_EVAL_TMR14_Init)
    COMP_Config                              0x080028b1   Thumb Code   246  apm32f0xx_comp.o(i.COMP_Config)
    COMP_ConfigStructInit                    0x080029ad   Thumb Code    14  apm32f0xx_comp.o(i.COMP_ConfigStructInit)
    COMP_Disable                             0x080029bd   Thumb Code    34  apm32f0xx_comp.o(i.COMP_Disable)
    COMP_Enable                              0x080029e5   Thumb Code    38  apm32f0xx_comp.o(i.COMP_Enable)
    DAC_Config                               0x08002a11   Thumb Code    28  apm32f0xx_dac.o(i.DAC_Config)
    DAC_ConfigChannel1Data                   0x08002a31   Thumb Code    26  apm32f0xx_dac.o(i.DAC_ConfigChannel1Data)
    DAC_Disable                              0x08002a51   Thumb Code    34  apm32f0xx_dac.o(i.DAC_Disable)
    DAC_Enable                               0x08002a79   Thumb Code    38  apm32f0xx_dac.o(i.DAC_Enable)
    DAC_setup                                0x08002aa5   Thumb Code    86  setup.o(i.DAC_setup)
    DF_Protocol_Parse                        0x08002afd   Thumb Code   214  df_protocol.o(i.DF_Protocol_Parse)
    FMC_ErasePage                            0x08002d25   Thumb Code    74  apm32f0xx_fmc.o(i.FMC_ErasePage)
    FMC_Lock                                 0x08002d75   Thumb Code    16  apm32f0xx_fmc.o(i.FMC_Lock)
    FMC_ProgramWord                          0x08002d89   Thumb Code    80  apm32f0xx_fmc.o(i.FMC_ProgramWord)
    FMC_ReadState                            0x08002ddd   Thumb Code    42  apm32f0xx_fmc.o(i.FMC_ReadState)
    FMC_Unlock                               0x08002e0d   Thumb Code    12  apm32f0xx_fmc.o(i.FMC_Unlock)
    FMC_WaitForReady                         0x08002e25   Thumb Code    28  apm32f0xx_fmc.o(i.FMC_WaitForReady)
    GPIO_ClearBit                            0x08002e41   Thumb Code     4  apm32f0xx_gpio.o(i.GPIO_ClearBit)
    GPIO_Config                              0x08002e45   Thumb Code   138  apm32f0xx_gpio.o(i.GPIO_Config)
    GPIO_ConfigPinAF                         0x08002ecf   Thumb Code    70  apm32f0xx_gpio.o(i.GPIO_ConfigPinAF)
    GPIO_ConfigStructInit                    0x08002f15   Thumb Code    22  apm32f0xx_gpio.o(i.GPIO_ConfigStructInit)
    GPIO_SetBit                              0x08002f2b   Thumb Code     4  apm32f0xx_gpio.o(i.GPIO_SetBit)
    GPIO_setup                               0x08002f31   Thumb Code   252  setup.o(i.GPIO_setup)
    HardFault_Handler                        0x08003031   Thumb Code    20  apm32f0xx_int.o(i.HardFault_Handler)
    Load_RxMessage                           0x08003059   Thumb Code   128  df_protocol.o(i.Load_RxMessage)
    NMI_Handler                              0x080030e9   Thumb Code    10  apm32f0xx_int.o(i.NMI_Handler)
    NVIC_DisableIRQRequest                   0x08003105   Thumb Code    18  apm32f0xx_misc.o(i.NVIC_DisableIRQRequest)
    NVIC_EnableIRQRequest                    0x0800311d   Thumb Code    32  apm32f0xx_misc.o(i.NVIC_EnableIRQRequest)
    Parameters_Setup                         0x080031b9   Thumb Code   106  func.o(i.Parameters_Setup)
    PendSV_Handler                           0x08003239   Thumb Code    10  apm32f0xx_int.o(i.PendSV_Handler)
    RCM_DisableAPB2PeriphClock               0x08003259   Thumb Code    12  apm32f0xx_rcm.o(i.RCM_DisableAPB2PeriphClock)
    RCM_DisableAPB2PeriphReset               0x08003269   Thumb Code    12  apm32f0xx_rcm.o(i.RCM_DisableAPB2PeriphReset)
    RCM_EnableAHBPeriphClock                 0x08003279   Thumb Code    12  apm32f0xx_rcm.o(i.RCM_EnableAHBPeriphClock)
    RCM_EnableAPB1PeriphClock                0x08003289   Thumb Code    12  apm32f0xx_rcm.o(i.RCM_EnableAPB1PeriphClock)
    RCM_EnableAPB2PeriphClock                0x08003299   Thumb Code    12  apm32f0xx_rcm.o(i.RCM_EnableAPB2PeriphClock)
    RCM_EnableAPB2PeriphReset                0x080032a9   Thumb Code    12  apm32f0xx_rcm.o(i.RCM_EnableAPB2PeriphReset)
    RCM_ReadPCLKFreq                         0x080032b9   Thumb Code    38  apm32f0xx_rcm.o(i.RCM_ReadPCLKFreq)
    RCM_ReadSYSCLKFreq                       0x080032ed   Thumb Code   146  apm32f0xx_rcm.o(i.RCM_ReadSYSCLKFreq)
    RCM_ReadUSART1CLKFreq                    0x08003391   Thumb Code    70  apm32f0xx_rcm.o(i.RCM_ReadUSART1CLKFreq)
    RCM_ReadUSART2CLKFreq                    0x080033e1   Thumb Code    70  apm32f0xx_rcm.o(i.RCM_ReadUSART2CLKFreq)
    Restore_Check                            0x08003431   Thumb Code   218  func.o(i.Restore_Check)
    Ret_Checksum_Cal                         0x08003525   Thumb Code    32  df_protocol.o(i.Ret_Checksum_Cal)
    Return_GetDis                            0x08003545   Thumb Code    76  df_protocol.o(i.Return_GetDis)
    Return_GetTemp                           0x08003599   Thumb Code    84  df_protocol.o(i.Return_GetTemp)
    Return_SetAddr                           0x0800360d   Thumb Code    52  df_protocol.o(i.Return_SetAddr)
    Return_SetBand                           0x08003649   Thumb Code    66  df_protocol.o(i.Return_SetBand)
    SVC_Handler                              0x08003699   Thumb Code    10  apm32f0xx_int.o(i.SVC_Handler)
    Send_40K                                 0x080036b5   Thumb Code   140  func.o(i.Send_40K)
    SetVs                                    0x08003745   Thumb Code   224  func.o(i.SetVs)
    SysTick_ConfigCLKSource                  0x08003839   Thumb Code    32  apm32f0xx_misc.o(i.SysTick_ConfigCLKSource)
    SysTick_Handler                          0x0800385d   Thumb Code     2  apm32f0xx_int.o(i.SysTick_Handler)
    SystemInit                               0x08003945   Thumb Code   120  system_apm32f0xx.o(i.SystemInit)
    TIMER2_setup                             0x08003b65   Thumb Code   116  setup.o(i.TIMER2_setup)
    TIMER3_setup                             0x08003bd9   Thumb Code    70  setup.o(i.TIMER3_setup)
    TMR14_IRQHandler                         0x08003c25   Thumb Code    52  apm32f0xx_int.o(i.TMR14_IRQHandler)
    TMR2_IRQHandler                          0x08003c61   Thumb Code   460  apm32f0xx_int.o(i.TMR2_IRQHandler)
    TMR3_IRQHandler                          0x08003eb5   Thumb Code  1074  apm32f0xx_int.o(i.TMR3_IRQHandler)
    TMR_ClearIntFlag                         0x080042f1   Thumb Code     6  apm32f0xx_tmr.o(i.TMR_ClearIntFlag)
    TMR_ClearStatusFlag                      0x080042f7   Thumb Code     6  apm32f0xx_tmr.o(i.TMR_ClearStatusFlag)
    TMR_ConfigTimeBase                       0x080042fd   Thumb Code   128  apm32f0xx_tmr.o(i.TMR_ConfigTimeBase)
    TMR_Disable                              0x08004395   Thumb Code    10  apm32f0xx_tmr.o(i.TMR_Disable)
    TMR_DisableCCxChannel                    0x0800439f   Thumb Code    12  apm32f0xx_tmr.o(i.TMR_DisableCCxChannel)
    TMR_DisableInterrupt                     0x080043ab   Thumb Code     8  apm32f0xx_tmr.o(i.TMR_DisableInterrupt)
    TMR_Enable                               0x080043b3   Thumb Code    12  apm32f0xx_tmr.o(i.TMR_Enable)
    TMR_EnableCCxChannel                     0x080043bf   Thumb Code    12  apm32f0xx_tmr.o(i.TMR_EnableCCxChannel)
    TMR_EnableInterrupt                      0x080043cb   Thumb Code     8  apm32f0xx_tmr.o(i.TMR_EnableInterrupt)
    TMR_ICConfig                             0x080043d3   Thumb Code   118  apm32f0xx_tmr.o(i.TMR_ICConfig)
    TMR_ReadCaputer4                         0x08004449   Thumb Code     8  apm32f0xx_tmr.o(i.TMR_ReadCaputer4)
    TMR_ReadIntFlag                          0x08004451   Thumb Code    26  apm32f0xx_tmr.o(i.TMR_ReadIntFlag)
    TMR_SetCounter                           0x0800446b   Thumb Code     4  apm32f0xx_tmr.o(i.TMR_SetCounter)
    TMR_SetIC1Prescal                        0x0800446f   Thumb Code    26  apm32f0xx_tmr.o(i.TMR_SetIC1Prescal)
    TMR_SetIC2Prescal                        0x08004489   Thumb Code    30  apm32f0xx_tmr.o(i.TMR_SetIC2Prescal)
    TMR_SetIC3Prescal                        0x080044a7   Thumb Code    26  apm32f0xx_tmr.o(i.TMR_SetIC3Prescal)
    TMR_SetIC4Prescal                        0x080044c1   Thumb Code    30  apm32f0xx_tmr.o(i.TMR_SetIC4Prescal)
    USART1_IRQHandler                        0x080044e1   Thumb Code   144  apm32f0xx_int.o(i.USART1_IRQHandler)
    USART1_Init                              0x08004585   Thumb Code   134  setup.o(i.USART1_Init)
    USART_Config                             0x08004619   Thumb Code   154  apm32f0xx_usart.o(i.USART_Config)
    USART_Enable                             0x080046c9   Thumb Code    12  apm32f0xx_usart.o(i.USART_Enable)
    USART_EnableInterrupt                    0x080046d5   Thumb Code    74  apm32f0xx_usart.o(i.USART_EnableInterrupt)
    USART_ReadStatusFlag                     0x0800471f   Thumb Code    18  apm32f0xx_usart.o(i.USART_ReadStatusFlag)
    USART_RxData                             0x08004731   Thumb Code    10  apm32f0xx_usart.o(i.USART_RxData)
    USART_TxData                             0x0800473b   Thumb Code     8  apm32f0xx_usart.o(i.USART_TxData)
    USART_Write                              0x08004745   Thumb Code    42  func.o(i.USART_Write)
    __0printf$1                              0x08004775   Thumb Code    24  printf1.o(i.__0printf$1)
    __1printf$1                              0x08004775   Thumb Code     0  printf1.o(i.__0printf$1)
    __2printf                                0x08004775   Thumb Code     0  printf1.o(i.__0printf$1)
    __ARM_clz                                0x08004795   Thumb Code    46  depilogue.o(i.__ARM_clz)
    __ARM_common_ll_muluu                    0x080047c3   Thumb Code    48  apm32f0xx_int.o(i.__ARM_common_ll_muluu)
    __ARM_common_switch8                     0x080047f3   Thumb Code    28  apm32f0xx_int.o(i.__ARM_common_switch8)
    __scatterload_copy                       0x0800480f   Thumb Code    14  handlers.o(i.__scatterload_copy)
    __scatterload_null                       0x0800481d   Thumb Code     2  handlers.o(i.__scatterload_null)
    __scatterload_zeroinit                   0x0800481f   Thumb Code    14  handlers.o(i.__scatterload_zeroinit)
    appFlagInit                              0x0800497d   Thumb Code    58  main.o(i.appFlagInit)
    clear_RxMessage                          0x080049c1   Thumb Code    34  df_protocol.o(i.clear_RxMessage)
    fputc                                    0x080049ed   Thumb Code    32  main.o(i.fputc)
    free                                     0x08004a11   Thumb Code    80  malloc.o(i.free)
    get_Dis                                  0x08004a65   Thumb Code   374  func.o(i.get_Dis)
    get_Dis_Handler                          0x08004c05   Thumb Code    14  func.o(i.get_Dis_Handler)
    get_Temp                                 0x08004c15   Thumb Code   300  func.o(i.get_Temp)
    get_Temp_Handler                         0x08004d61   Thumb Code    16  func.o(i.get_Temp_Handler)
    main                                     0x08004d71   Thumb Code   146  main.o(i.main)
    malloc                                   0x08004e35   Thumb Code    92  malloc.o(i.malloc)
    mystrstr                                 0x08004ea1   Thumb Code    72  func.o(i.mystrstr)
    readPage                                 0x08004ee9   Thumb Code    64  func.o(i.readPage)
    set_Addr_Handler                         0x08004f39   Thumb Code    38  func.o(i.set_Addr_Handler)
    set_Band_Handler                         0x08004f6d   Thumb Code   168  func.o(i.set_Band_Handler)
    writePage                                0x08005021   Thumb Code    68  func.o(i.writePage)
    NCP18WF104                               0x080050a8   Data          68  func.o(.constdata)
    Region$$Table$$Base                      0x080051bc   Number         0  anon$$obj.o(Region$$Table)
    Region$$Table$$Limit                     0x080051dc   Number         0  anon$$obj.o(Region$$Table)
    IRQ_Counter                              0x200000c0   Data           1  apm32f0xx_int.o(.data)
    Temp                                     0x200000c2   Data           2  apm32f0xx_int.o(.data)
    Timer3_IF                                0x200000c4   Data           2  apm32f0xx_int.o(.data)
    cntUs                                    0x200000c8   Data           4  bsp_delay.o(.data)
    cntMs                                    0x200000cc   Data           4  bsp_delay.o(.data)
    RxMessage                                0x200000d0   Data           8  df_protocol.o(.data)
    CMD_Switch                               0x200000d8   Data           1  func.o(.data)
    Dbug_add                                 0x200000d9   Data           1  func.o(.data)
    Var_Sub                                  0x200000da   Data           2  func.o(.data)
    shift_ch_CMD                             0x200000dc   Data           1  func.o(.data)
    Distance                                 0x200000de   Data           2  func.o(.data)
    DisTrue_Flag                             0x200000e0   Data           1  func.o(.data)
    device_Addr                              0x200000e1   Data           1  func.o(.data)
    Baudrate                                 0x200000e4   Data           4  func.o(.data)
    LEU0_RX_Time                             0x200000e8   Data           1  func.o(.data)
    Vspeed                                   0x200000ec   Data           4  func.o(.data)
    TIMER2_IF_Counter                        0x200000f0   Data           2  func.o(.data)
    TIMER3_IF_Counter                        0x200000f2   Data           2  func.o(.data)
    SystemCoreClock                          0x200000f4   Data           4  system_apm32f0xx.o(.data)
    __stdout                                 0x200000f8   Data           4  stdout.o(.data)
    __microlib_freelist                      0x200000fc   Data           4  mvars.o(.data)
    __microlib_freelist_initialised          0x20000100   Data           4  mvars.o(.data)
    TIMER2_IF                                0x20000104   Data          12  apm32f0xx_int.o(.bss)
    TIMER2_CO                                0x20000110   Data          12  apm32f0xx_int.o(.bss)
    revBuf                                   0x2000011c   Data         103  df_protocol.o(.bss)
    EE_Buffer                                0x20000183   Data          12  func.o(.bss)
    __heap_base                              0x20000190   Data           0  startup_apm32f051.o(HEAP)
    __heap_limit                             0x20000390   Data           0  startup_apm32f051.o(HEAP)
    __initial_sp                             0x20000790   Data           0  startup_apm32f051.o(STACK)



==============================================================================

Memory Map of the image

  Image Entry point : 0x080020bd

  Load Region LR_IROM1 (Base: 0x08002000, Size: 0x00003220, Max: 0x00010000, ABSOLUTE)

    Execution Region ER_IROM1 (Exec base: 0x08002000, Load base: 0x08002000, Size: 0x000031dc, Max: 0x00010000, ABSOLUTE)

    Exec Addr    Load Addr    Size         Type   Attr      Idx    E Section Name        Object

    0x08002000   0x08002000   0x000000bc   Data   RO         3043    RESET               startup_apm32f051.o
    0x080020bc   0x080020bc   0x00000000   Code   RO         3090  * .ARM.Collect$$$$00000000  mc_p.l(entry.o)
    0x080020bc   0x080020bc   0x00000004   Code   RO         3406    .ARM.Collect$$$$00000001  mc_p.l(entry2.o)
    0x080020c0   0x080020c0   0x00000004   Code   RO         3409    .ARM.Collect$$$$00000004  mc_p.l(entry5.o)
    0x080020c4   0x080020c4   0x00000000   Code   RO         3411    .ARM.Collect$$$$00000008  mc_p.l(entry7b.o)
    0x080020c4   0x080020c4   0x00000000   Code   RO         3413    .ARM.Collect$$$$0000000A  mc_p.l(entry8b.o)
    0x080020c4   0x080020c4   0x00000008   Code   RO         3414    .ARM.Collect$$$$0000000B  mc_p.l(entry9a.o)
    0x080020cc   0x080020cc   0x00000000   Code   RO         3416    .ARM.Collect$$$$0000000D  mc_p.l(entry10a.o)
    0x080020cc   0x080020cc   0x00000000   Code   RO         3418    .ARM.Collect$$$$0000000F  mc_p.l(entry11a.o)
    0x080020cc   0x080020cc   0x00000004   Code   RO         3407    .ARM.Collect$$$$00002712  mc_p.l(entry2.o)
    0x080020d0   0x080020d0   0x0000001c   Code   RO         3044    .text               startup_apm32f051.o
    0x080020ec   0x080020ec   0x0000002c   Code   RO         3093    .text               mc_p.l(uidiv.o)
    0x08002118   0x08002118   0x00000028   Code   RO         3095    .text               mc_p.l(idiv.o)
    0x08002140   0x08002140   0x0000004c   Code   RO         3097    .text               mc_p.l(ldiv.o)
    0x0800218c   0x0800218c   0x0000007a   Code   RO         3099    .text               mc_p.l(llmul.o)
    0x08002206   0x08002206   0x00000024   Code   RO         3101    .text               mc_p.l(memcpya.o)
    0x0800222a   0x0800222a   0x00000024   Code   RO         3103    .text               mc_p.l(memseta.o)
    0x0800224e   0x0800224e   0x00000014   Code   RO         3396    .text               mc_p.l(uread4.o)
    0x08002262   0x08002262   0x00000012   Code   RO         3398    .text               mc_p.l(uwrite4.o)
    0x08002274   0x08002274   0x000000f0   Code   RO         3400    .text               mf_p.l(ddiv.o)
    0x08002364   0x08002364   0x0000001c   Code   RO         3402    .text               mf_p.l(dfltui.o)
    0x08002380   0x08002380   0x0000003c   Code   RO         3404    .text               mf_p.l(dfixui.o)
    0x080023bc   0x080023bc   0x00000060   Code   RO         3421    .text               mc_p.l(uldiv.o)
    0x0800241c   0x0800241c   0x00000020   Code   RO         3423    .text               mc_p.l(llshl.o)
    0x0800243c   0x0800243c   0x00000022   Code   RO         3425    .text               mc_p.l(llushr.o)
    0x0800245e   0x0800245e   0x00000000   Code   RO         3429    .text               mc_p.l(iusefp.o)
    0x0800245e   0x0800245e   0x000000be   Code   RO         3430    .text               mf_p.l(depilogue.o)
    0x0800251c   0x0800251c   0x00000024   Code   RO         3442    .text               mc_p.l(init.o)
    0x08002540   0x08002540   0x000000da   Code   RO         2973    i.ACMP_setup        setup.o
    0x0800261a   0x0800261a   0x00000002   Code   RO         2580    i.ADC1_COMP_IRQHandler  apm32f0xx_int.o
    0x0800261c   0x0800261c   0x00000094   Code   RO         1692    i.ADC_Config        apm32f0xx_adc.o
    0x080026b0   0x080026b0   0x00000018   Code   RO         1693    i.ADC_ConfigChannel  apm32f0xx_adc.o
    0x080026c8   0x080026c8   0x00000010   Code   RO         1694    i.ADC_ConfigStructInit  apm32f0xx_adc.o
    0x080026d8   0x080026d8   0x00000014   Code   RO         1710    i.ADC_Enable        apm32f0xx_adc.o
    0x080026ec   0x080026ec   0x0000004c   Code   RO         1724    i.ADC_ReadCalibrationFactor  apm32f0xx_adc.o
    0x08002738   0x08002738   0x0000000c   Code   RO         1725    i.ADC_ReadConversionValue  apm32f0xx_adc.o
    0x08002744   0x08002744   0x00000014   Code   RO         1728    i.ADC_Reset         apm32f0xx_adc.o
    0x08002758   0x08002758   0x00000014   Code   RO         1729    i.ADC_StartConversion  apm32f0xx_adc.o
    0x0800276c   0x0800276c   0x00000014   Code   RO         1730    i.ADC_StopConversion  apm32f0xx_adc.o
    0x08002780   0x08002780   0x00000056   Code   RO         2974    i.ADC_setup         setup.o
    0x080027d6   0x080027d6   0x00000002   PAD
    0x080027d8   0x080027d8   0x0000003c   Code   RO         2738    i.APM_EVAL_DelayInit  bsp_delay.o
    0x08002814   0x08002814   0x00000050   Code   RO         2739    i.APM_EVAL_DelayMs  bsp_delay.o
    0x08002864   0x08002864   0x0000004c   Code   RO         2975    i.APM_EVAL_TMR14_Init  setup.o
    0x080028b0   0x080028b0   0x000000fc   Code   RO         1973    i.COMP_Config       apm32f0xx_comp.o
    0x080029ac   0x080029ac   0x0000000e   Code   RO         1975    i.COMP_ConfigStructInit  apm32f0xx_comp.o
    0x080029ba   0x080029ba   0x00000002   PAD
    0x080029bc   0x080029bc   0x00000028   Code   RO         1976    i.COMP_Disable      apm32f0xx_comp.o
    0x080029e4   0x080029e4   0x0000002c   Code   RO         1979    i.COMP_Enable       apm32f0xx_comp.o
    0x08002a10   0x08002a10   0x00000020   Code   RO         2058    i.DAC_Config        apm32f0xx_dac.o
    0x08002a30   0x08002a30   0x00000020   Code   RO         2059    i.DAC_ConfigChannel1Data  apm32f0xx_dac.o
    0x08002a50   0x08002a50   0x00000028   Code   RO         2063    i.DAC_Disable       apm32f0xx_dac.o
    0x08002a78   0x08002a78   0x0000002c   Code   RO         2069    i.DAC_Enable        apm32f0xx_dac.o
    0x08002aa4   0x08002aa4   0x00000056   Code   RO         2976    i.DAC_setup         setup.o
    0x08002afa   0x08002afa   0x00000002   PAD
    0x08002afc   0x08002afc   0x00000228   Code   RO         2776    i.DF_Protocol_Parse  df_protocol.o
    0x08002d24   0x08002d24   0x00000050   Code   RO         2227    i.FMC_ErasePage     apm32f0xx_fmc.o
    0x08002d74   0x08002d74   0x00000014   Code   RO         2230    i.FMC_Lock          apm32f0xx_fmc.o
    0x08002d88   0x08002d88   0x00000054   Code   RO         2234    i.FMC_ProgramWord   apm32f0xx_fmc.o
    0x08002ddc   0x08002ddc   0x00000030   Code   RO         2238    i.FMC_ReadState     apm32f0xx_fmc.o
    0x08002e0c   0x08002e0c   0x00000018   Code   RO         2241    i.FMC_Unlock        apm32f0xx_fmc.o
    0x08002e24   0x08002e24   0x0000001c   Code   RO         2243    i.FMC_WaitForReady  apm32f0xx_fmc.o
    0x08002e40   0x08002e40   0x00000004   Code   RO         1187    i.GPIO_ClearBit     apm32f0xx_gpio.o
    0x08002e44   0x08002e44   0x0000008a   Code   RO         1188    i.GPIO_Config       apm32f0xx_gpio.o
    0x08002ece   0x08002ece   0x00000046   Code   RO         1189    i.GPIO_ConfigPinAF  apm32f0xx_gpio.o
    0x08002f14   0x08002f14   0x00000016   Code   RO         1191    i.GPIO_ConfigStructInit  apm32f0xx_gpio.o
    0x08002f2a   0x08002f2a   0x00000004   Code   RO         1197    i.GPIO_SetBit       apm32f0xx_gpio.o
    0x08002f2e   0x08002f2e   0x00000002   PAD
    0x08002f30   0x08002f30   0x00000100   Code   RO         2977    i.GPIO_setup        setup.o
    0x08003030   0x08003030   0x00000028   Code   RO         2581    i.HardFault_Handler  apm32f0xx_int.o
    0x08003058   0x08003058   0x00000090   Code   RO         2777    i.Load_RxMessage    df_protocol.o
    0x080030e8   0x080030e8   0x0000001c   Code   RO         2582    i.NMI_Handler       apm32f0xx_int.o
    0x08003104   0x08003104   0x00000018   Code   RO         1114    i.NVIC_DisableIRQRequest  apm32f0xx_misc.o
    0x0800311c   0x0800311c   0x00000024   Code   RO         1116    i.NVIC_EnableIRQRequest  apm32f0xx_misc.o
    0x08003140   0x08003140   0x00000078   Code   RO         1118    i.NVIC_SetPriority  apm32f0xx_misc.o
    0x080031b8   0x080031b8   0x00000080   Code   RO         2855    i.Parameters_Setup  func.o
    0x08003238   0x08003238   0x00000020   Code   RO         2583    i.PendSV_Handler    apm32f0xx_int.o
    0x08003258   0x08003258   0x00000010   Code   RO         1302    i.RCM_DisableAPB2PeriphClock  apm32f0xx_rcm.o
    0x08003268   0x08003268   0x00000010   Code   RO         1303    i.RCM_DisableAPB2PeriphReset  apm32f0xx_rcm.o
    0x08003278   0x08003278   0x00000010   Code   RO         1314    i.RCM_EnableAHBPeriphClock  apm32f0xx_rcm.o
    0x08003288   0x08003288   0x00000010   Code   RO         1316    i.RCM_EnableAPB1PeriphClock  apm32f0xx_rcm.o
    0x08003298   0x08003298   0x00000010   Code   RO         1318    i.RCM_EnableAPB2PeriphClock  apm32f0xx_rcm.o
    0x080032a8   0x080032a8   0x00000010   Code   RO         1319    i.RCM_EnableAPB2PeriphReset  apm32f0xx_rcm.o
    0x080032b8   0x080032b8   0x00000034   Code   RO         1336    i.RCM_ReadPCLKFreq  apm32f0xx_rcm.o
    0x080032ec   0x080032ec   0x000000a4   Code   RO         1337    i.RCM_ReadSYSCLKFreq  apm32f0xx_rcm.o
    0x08003390   0x08003390   0x00000050   Code   RO         1340    i.RCM_ReadUSART1CLKFreq  apm32f0xx_rcm.o
    0x080033e0   0x080033e0   0x00000050   Code   RO         1341    i.RCM_ReadUSART2CLKFreq  apm32f0xx_rcm.o
    0x08003430   0x08003430   0x000000f4   Code   RO         2856    i.Restore_Check     func.o
    0x08003524   0x08003524   0x00000020   Code   RO         2778    i.Ret_Checksum_Cal  df_protocol.o
    0x08003544   0x08003544   0x00000054   Code   RO         2779    i.Return_GetDis     df_protocol.o
    0x08003598   0x08003598   0x00000074   Code   RO         2780    i.Return_GetTemp    df_protocol.o
    0x0800360c   0x0800360c   0x0000003c   Code   RO         2781    i.Return_SetAddr    df_protocol.o
    0x08003648   0x08003648   0x00000050   Code   RO         2782    i.Return_SetBand    df_protocol.o
    0x08003698   0x08003698   0x0000001c   Code   RO         2584    i.SVC_Handler       apm32f0xx_int.o
    0x080036b4   0x080036b4   0x00000090   Code   RO         2857    i.Send_40K          func.o
    0x08003744   0x08003744   0x000000f4   Code   RO         2858    i.SetVs             func.o
    0x08003838   0x08003838   0x00000024   Code   RO         1122    i.SysTick_ConfigCLKSource  apm32f0xx_misc.o
    0x0800385c   0x0800385c   0x00000002   Code   RO         2585    i.SysTick_Handler   apm32f0xx_int.o
    0x0800385e   0x0800385e   0x00000002   PAD
    0x08003860   0x08003860   0x000000dc   Code   RO         3050    i.SystemClock48M    system_apm32f0xx.o
    0x0800393c   0x0800393c   0x00000008   Code   RO         3051    i.SystemClockConfig  system_apm32f0xx.o
    0x08003944   0x08003944   0x00000088   Code   RO         3053    i.SystemInit        system_apm32f0xx.o
    0x080039cc   0x080039cc   0x0000005c   Code   RO            3    i.TI1Config         apm32f0xx_tmr.o
    0x08003a28   0x08003a28   0x0000006c   Code   RO            4    i.TI2Config         apm32f0xx_tmr.o
    0x08003a94   0x08003a94   0x00000060   Code   RO            5    i.TI3Config         apm32f0xx_tmr.o
    0x08003af4   0x08003af4   0x00000070   Code   RO            6    i.TI4Config         apm32f0xx_tmr.o
    0x08003b64   0x08003b64   0x00000074   Code   RO         2978    i.TIMER2_setup      setup.o
    0x08003bd8   0x08003bd8   0x0000004c   Code   RO         2979    i.TIMER3_setup      setup.o
    0x08003c24   0x08003c24   0x0000003c   Code   RO         2586    i.TMR14_IRQHandler  apm32f0xx_int.o
    0x08003c60   0x08003c60   0x00000254   Code   RO         2587    i.TMR2_IRQHandler   apm32f0xx_int.o
    0x08003eb4   0x08003eb4   0x0000043c   Code   RO         2588    i.TMR3_IRQHandler   apm32f0xx_int.o
    0x080042f0   0x080042f0   0x00000006   Code   RO            7    i.TMR_ClearIntFlag  apm32f0xx_tmr.o
    0x080042f6   0x080042f6   0x00000006   Code   RO           12    i.TMR_ClearStatusFlag  apm32f0xx_tmr.o
    0x080042fc   0x080042fc   0x00000098   Code   RO           26    i.TMR_ConfigTimeBase  apm32f0xx_tmr.o
    0x08004394   0x08004394   0x0000000a   Code   RO           29    i.TMR_Disable       apm32f0xx_tmr.o
    0x0800439e   0x0800439e   0x0000000c   Code   RO           33    i.TMR_DisableCCxChannel  apm32f0xx_tmr.o
    0x080043aa   0x080043aa   0x00000008   Code   RO           37    i.TMR_DisableInterrupt  apm32f0xx_tmr.o
    0x080043b2   0x080043b2   0x0000000c   Code   RO           42    i.TMR_Enable        apm32f0xx_tmr.o
    0x080043be   0x080043be   0x0000000c   Code   RO           46    i.TMR_EnableCCxChannel  apm32f0xx_tmr.o
    0x080043ca   0x080043ca   0x00000008   Code   RO           50    i.TMR_EnableInterrupt  apm32f0xx_tmr.o
    0x080043d2   0x080043d2   0x00000076   Code   RO           60    i.TMR_ICConfig      apm32f0xx_tmr.o
    0x08004448   0x08004448   0x00000008   Code   RO           86    i.TMR_ReadCaputer4  apm32f0xx_tmr.o
    0x08004450   0x08004450   0x0000001a   Code   RO           89    i.TMR_ReadIntFlag   apm32f0xx_tmr.o
    0x0800446a   0x0800446a   0x00000004   Code   RO          104    i.TMR_SetCounter    apm32f0xx_tmr.o
    0x0800446e   0x0800446e   0x0000001a   Code   RO          105    i.TMR_SetIC1Prescal  apm32f0xx_tmr.o
    0x08004488   0x08004488   0x0000001e   Code   RO          106    i.TMR_SetIC2Prescal  apm32f0xx_tmr.o
    0x080044a6   0x080044a6   0x0000001a   Code   RO          107    i.TMR_SetIC3Prescal  apm32f0xx_tmr.o
    0x080044c0   0x080044c0   0x0000001e   Code   RO          108    i.TMR_SetIC4Prescal  apm32f0xx_tmr.o
    0x080044de   0x080044de   0x00000002   PAD
    0x080044e0   0x080044e0   0x000000a4   Code   RO         2589    i.USART1_IRQHandler  apm32f0xx_int.o
    0x08004584   0x08004584   0x00000094   Code   RO         2980    i.USART1_Init       setup.o
    0x08004618   0x08004618   0x000000b0   Code   RO          680    i.USART_Config      apm32f0xx_usart.o
    0x080046c8   0x080046c8   0x0000000c   Code   RO          720    i.USART_Enable      apm32f0xx_usart.o
    0x080046d4   0x080046d4   0x0000004a   Code   RO          727    i.USART_EnableInterrupt  apm32f0xx_usart.o
    0x0800471e   0x0800471e   0x00000012   Code   RO          742    i.USART_ReadStatusFlag  apm32f0xx_usart.o
    0x08004730   0x08004730   0x0000000a   Code   RO          745    i.USART_RxData      apm32f0xx_usart.o
    0x0800473a   0x0800473a   0x00000008   Code   RO          746    i.USART_TxData      apm32f0xx_usart.o
    0x08004742   0x08004742   0x00000002   PAD
    0x08004744   0x08004744   0x00000030   Code   RO         2859    i.USART_Write       func.o
    0x08004774   0x08004774   0x00000020   Code   RO         3152    i.__0printf$1       mc_p.l(printf1.o)
    0x08004794   0x08004794   0x0000002e   Code   RO         3432    i.__ARM_clz         mf_p.l(depilogue.o)
    0x080047c2   0x080047c2   0x00000030   Code   RO         2655    i.__ARM_common_ll_muluu  apm32f0xx_int.o
    0x080047f2   0x080047f2   0x0000001c   Code   RO         2653    i.__ARM_common_switch8  apm32f0xx_int.o
    0x0800480e   0x0800480e   0x0000000e   Code   RO         3448    i.__scatterload_copy  mc_p.l(handlers.o)
    0x0800481c   0x0800481c   0x00000002   Code   RO         3449    i.__scatterload_null  mc_p.l(handlers.o)
    0x0800481e   0x0800481e   0x0000000e   Code   RO         3450    i.__scatterload_zeroinit  mc_p.l(handlers.o)
    0x0800482c   0x0800482c   0x00000150   Code   RO         3159    i._printf_core      mc_p.l(printf1.o)
    0x0800497c   0x0800497c   0x00000044   Code   RO         2697    i.appFlagInit       main.o
    0x080049c0   0x080049c0   0x0000002c   Code   RO         2783    i.clear_RxMessage   df_protocol.o
    0x080049ec   0x080049ec   0x00000024   Code   RO         2698    i.fputc             main.o
    0x08004a10   0x08004a10   0x00000054   Code   RO         3368    i.free              mc_p.l(malloc.o)
    0x08004a64   0x08004a64   0x000001a0   Code   RO         2860    i.get_Dis           func.o
    0x08004c04   0x08004c04   0x0000000e   Code   RO         2861    i.get_Dis_Handler   func.o
    0x08004c12   0x08004c12   0x00000002   PAD
    0x08004c14   0x08004c14   0x0000014c   Code   RO         2862    i.get_Temp          func.o
    0x08004d60   0x08004d60   0x00000010   Code   RO         2863    i.get_Temp_Handler  func.o
    0x08004d70   0x08004d70   0x000000c4   Code   RO         2699    i.main              main.o
    0x08004e34   0x08004e34   0x0000006c   Code   RO         3369    i.malloc            mc_p.l(malloc.o)
    0x08004ea0   0x08004ea0   0x00000048   Code   RO         2864    i.mystrstr          func.o
    0x08004ee8   0x08004ee8   0x00000050   Code   RO         2865    i.readPage          func.o
    0x08004f38   0x08004f38   0x00000034   Code   RO         2866    i.set_Addr_Handler  func.o
    0x08004f6c   0x08004f6c   0x000000b4   Code   RO         2867    i.set_Band_Handler  func.o
    0x08005020   0x08005020   0x0000004c   Code   RO         2868    i.writePage         func.o
    0x0800506c   0x0800506c   0x0000001c   Data   RO         2700    .constdata          main.o
    0x08005088   0x08005088   0x00000020   Data   RO         2785    .constdata          df_protocol.o
    0x080050a8   0x080050a8   0x00000044   Data   RO         2870    .constdata          func.o
    0x080050ec   0x080050ec   0x000000d0   Data   RO         2786    .conststring        df_protocol.o
    0x080051bc   0x080051bc   0x00000020   Data   RO         3446    Region$$Table       anon$$obj.o


    Execution Region RW_IRAM1 (Exec base: 0x200000c0, Load base: 0x080051dc, Size: 0x000006d0, Max: 0x00002000, ABSOLUTE)

    Exec Addr    Load Addr    Size         Type   Attr      Idx    E Section Name        Object

    0x200000c0   0x080051dc   0x00000006   Data   RW         2591    .data               apm32f0xx_int.o
    0x200000c6   0x080051e2   0x00000002   PAD
    0x200000c8   0x080051e4   0x00000008   Data   RW         2741    .data               bsp_delay.o
    0x200000d0   0x080051ec   0x00000008   Data   RW         2787    .data               df_protocol.o
    0x200000d8   0x080051f4   0x0000001c   Data   RW         2871    .data               func.o
    0x200000f4   0x08005210   0x00000004   Data   RW         3054    .data               system_apm32f0xx.o
    0x200000f8   0x08005214   0x00000004   Data   RW         3420    .data               mc_p.l(stdout.o)
    0x200000fc   0x08005218   0x00000004   Data   RW         3427    .data               mc_p.l(mvars.o)
    0x20000100   0x0800521c   0x00000004   Data   RW         3428    .data               mc_p.l(mvars.o)
    0x20000104        -       0x00000018   Zero   RW         2590    .bss                apm32f0xx_int.o
    0x2000011c        -       0x00000067   Zero   RW         2784    .bss                df_protocol.o
    0x20000183        -       0x0000000c   Zero   RW         2869    .bss                func.o
    0x2000018f   0x08005220   0x00000001   PAD
    0x20000190        -       0x00000200   Zero   RW         3042    HEAP                startup_apm32f051.o
    0x20000390        -       0x00000400   Zero   RW         3041    STACK               startup_apm32f051.o


==============================================================================

Image component sizes


      Code (inc. data)   RO Data    RW Data    ZI Data      Debug   Object Name

       356         32          0          0          0       8550   apm32f0xx_adc.o
       350         18          0          0          0       4299   apm32f0xx_comp.o
       148         22          0          0          0       4993   apm32f0xx_dac.o
       284         32          0          0          0       5873   apm32f0xx_fmc.o
       238          0          0          0          0       5223   apm32f0xx_gpio.o
      2112        288          0          6         24       6654   apm32f0xx_int.o
       216         24          0          0          0       8151   apm32f0xx_misc.o
       472         76          0          0          0       5709   apm32f0xx_rcm.o
       902         44          0          0          0      83238   apm32f0xx_tmr.o
       298         22          0          0          0       7799   apm32f0xx_usart.o
       140         26          0          8          0       1682   bsp_delay.o
      1112        426        240          8        103       7064   df_protocol.o
      2046        216         68         28         12      10321   func.o
       300         64         28          0          0       3945   main.o
      1062         28          0          0          0       4704   setup.o
        28          8        188          0       1536        616   startup_apm32f051.o
       364         26          0          4          0       1667   system_apm32f0xx.o

    ----------------------------------------------------------------------
     10444       1352        556         56       1676     170488   Object Totals
         0          0         32          0          0          0   (incl. Generated)
        16          0          0          2          1          0   (incl. Padding)

    ----------------------------------------------------------------------

      Code (inc. data)   RO Data    RW Data    ZI Data      Debug   Library Member Name

         0          0          0          0          0          0   entry.o
         0          0          0          0          0          0   entry10a.o
         0          0          0          0          0          0   entry11a.o
         8          4          0          0          0          0   entry2.o
         4          0          0          0          0          0   entry5.o
         0          0          0          0          0          0   entry7b.o
         0          0          0          0          0          0   entry8b.o
         8          4          0          0          0          0   entry9a.o
        30          0          0          0          0          0   handlers.o
        40          0          0          0          0         72   idiv.o
        36          8          0          0          0         68   init.o
         0          0          0          0          0          0   iusefp.o
        76          0          0          0          0         76   ldiv.o
       122          0          0          0          0         84   llmul.o
        32          0          0          0          0         68   llshl.o
        34          0          0          0          0         68   llushr.o
       192         20          0          0          0        144   malloc.o
        36          0          0          0          0         60   memcpya.o
        36          0          0          0          0        100   memseta.o
         0          0          0          8          0          0   mvars.o
       368         12          0          0          0        168   printf1.o
         0          0          0          4          0          0   stdout.o
        44          0          0          0          0         72   uidiv.o
        96          0          0          0          0         84   uldiv.o
        20          0          0          0          0         60   uread4.o
        18          0          0          0          0         60   uwrite4.o
       240          6          0          0          0         84   ddiv.o
       236          0          0          0          0        216   depilogue.o
        60         10          0          0          0         68   dfixui.o
        28          4          0          0          0         68   dfltui.o

    ----------------------------------------------------------------------
      1764         68          0         12          0       1620   Library Totals
         0          0          0          0          0          0   (incl. Padding)

    ----------------------------------------------------------------------

      Code (inc. data)   RO Data    RW Data    ZI Data      Debug   Library Name

      1200         48          0         12          0       1184   mc_p.l
       564         20          0          0          0        436   mf_p.l

    ----------------------------------------------------------------------
      1764         68          0         12          0       1620   Library Totals

    ----------------------------------------------------------------------

==============================================================================


      Code (inc. data)   RO Data    RW Data    ZI Data      Debug   

     12208       1420        556         68       1676     166364   Grand Totals
     12208       1420        556         68       1676     166364   ELF Image Totals
     12208       1420        556         68          0          0   ROM Totals

==============================================================================

    Total RO  Size (Code + RO Data)                12764 (  12.46kB)
    Total RW  Size (RW Data + ZI Data)              1744 (   1.70kB)
    Total ROM Size (Code + RO Data + RW Data)      12832 (  12.53kB)

==============================================================================

