Component: ARM Compiler 5.05 update 1 (build 106) Tool: armlink [4d0efa]

==============================================================================

Section Cross References

    apm32f0xx_tmr.o(i.TMR_ConfigExternalClockMode1) refers to apm32f0xx_tmr.o(i.TMR_ConfigExternalTrigger) for TMR_ConfigExternalTrigger
    apm32f0xx_tmr.o(i.TMR_ConfigExternalClockMode2) refers to apm32f0xx_tmr.o(i.TMR_ConfigExternalTrigger) for TMR_ConfigExternalTrigger
    apm32f0xx_tmr.o(i.TMR_ConfigITRxExternalClock) refers to apm32f0xx_tmr.o(i.TMR_SelectInputTrigger) for TMR_SelectInputTrigger
    apm32f0xx_tmr.o(i.TMR_ConfigTIxExternalClock) refers to apm32f0xx_tmr.o(i.TI2Config) for TI2Config
    apm32f0xx_tmr.o(i.TMR_ConfigTIxExternalClock) refers to apm32f0xx_tmr.o(i.TI1Config) for TI1Config
    apm32f0xx_tmr.o(i.TMR_ConfigTIxExternalClock) refers to apm32f0xx_tmr.o(i.TMR_SelectInputTrigger) for TMR_SelectInputTrigger
    apm32f0xx_tmr.o(i.TMR_ICConfig) refers to apm32f0xx_tmr.o(i.TI1Config) for TI1Config
    apm32f0xx_tmr.o(i.TMR_ICConfig) refers to apm32f0xx_tmr.o(i.TMR_SetIC1Prescal) for TMR_SetIC1Prescal
    apm32f0xx_tmr.o(i.TMR_ICConfig) refers to apm32f0xx_tmr.o(i.TI2Config) for TI2Config
    apm32f0xx_tmr.o(i.TMR_ICConfig) refers to apm32f0xx_tmr.o(i.TMR_SetIC2Prescal) for TMR_SetIC2Prescal
    apm32f0xx_tmr.o(i.TMR_ICConfig) refers to apm32f0xx_tmr.o(i.TI3Config) for TI3Config
    apm32f0xx_tmr.o(i.TMR_ICConfig) refers to apm32f0xx_tmr.o(i.TMR_SetIC3Prescal) for TMR_SetIC3Prescal
    apm32f0xx_tmr.o(i.TMR_ICConfig) refers to apm32f0xx_tmr.o(i.TI4Config) for TI4Config
    apm32f0xx_tmr.o(i.TMR_ICConfig) refers to apm32f0xx_tmr.o(i.TMR_SetIC4Prescal) for TMR_SetIC4Prescal
    apm32f0xx_tmr.o(i.TMR_PWMConfig) refers to apm32f0xx_tmr.o(i.TI1Config) for TI1Config
    apm32f0xx_tmr.o(i.TMR_PWMConfig) refers to apm32f0xx_tmr.o(i.TMR_SetIC1Prescal) for TMR_SetIC1Prescal
    apm32f0xx_tmr.o(i.TMR_PWMConfig) refers to apm32f0xx_tmr.o(i.TI2Config) for TI2Config
    apm32f0xx_tmr.o(i.TMR_PWMConfig) refers to apm32f0xx_tmr.o(i.TMR_SetIC2Prescal) for TMR_SetIC2Prescal
    apm32f0xx_tmr.o(i.TMR_Reset) refers to apm32f0xx_rcm.o(i.RCM_EnableAPB2PeriphReset) for RCM_EnableAPB2PeriphReset
    apm32f0xx_tmr.o(i.TMR_Reset) refers to apm32f0xx_rcm.o(i.RCM_DisableAPB2PeriphReset) for RCM_DisableAPB2PeriphReset
    apm32f0xx_tmr.o(i.TMR_Reset) refers to apm32f0xx_rcm.o(i.RCM_EnableAPB1PeriphReset) for RCM_EnableAPB1PeriphReset
    apm32f0xx_tmr.o(i.TMR_Reset) refers to apm32f0xx_rcm.o(i.RCM_DisableAPB1PeriphReset) for RCM_DisableAPB1PeriphReset
    apm32f0xx_usart.o(i.USART_Config) refers to apm32f0xx_rcm.o(i.RCM_ReadUSART1CLKFreq) for RCM_ReadUSART1CLKFreq
    apm32f0xx_usart.o(i.USART_Config) refers to apm32f0xx_rcm.o(i.RCM_ReadUSART2CLKFreq) for RCM_ReadUSART2CLKFreq
    apm32f0xx_usart.o(i.USART_Config) refers to apm32f0xx_rcm.o(i.RCM_ReadPCLKFreq) for RCM_ReadPCLKFreq
    apm32f0xx_usart.o(i.USART_Config) refers to uidiv.o(.text) for __aeabi_uidivmod
    apm32f0xx_usart.o(i.USART_Reset) refers to apm32f0xx_rcm.o(i.RCM_EnableAPB2PeriphReset) for RCM_EnableAPB2PeriphReset
    apm32f0xx_usart.o(i.USART_Reset) refers to apm32f0xx_rcm.o(i.RCM_DisableAPB2PeriphReset) for RCM_DisableAPB2PeriphReset
    apm32f0xx_usart.o(i.USART_Reset) refers to apm32f0xx_rcm.o(i.RCM_EnableAPB1PeriphReset) for RCM_EnableAPB1PeriphReset
    apm32f0xx_usart.o(i.USART_Reset) refers to apm32f0xx_rcm.o(i.RCM_DisableAPB1PeriphReset) for RCM_DisableAPB1PeriphReset
    apm32f0xx_misc.o(i.NVIC_EnableIRQRequest) refers to apm32f0xx_misc.o(i.NVIC_SetPriority) for NVIC_SetPriority
    apm32f0xx_gpio.o(i.GPIO_Reset) refers to apm32f0xx_rcm.o(i.RCM_EnableAHBPeriphReset) for RCM_EnableAHBPeriphReset
    apm32f0xx_gpio.o(i.GPIO_Reset) refers to apm32f0xx_rcm.o(i.RCM_DisableAHBPeriphReset) for RCM_DisableAHBPeriphReset
    apm32f0xx_rcm.o(i.RCM_ReadADCCLKFreq) refers to apm32f0xx_rcm.o(i.RCM_ReadPCLKFreq) for RCM_ReadPCLKFreq
    apm32f0xx_rcm.o(i.RCM_ReadHCLKFreq) refers to apm32f0xx_rcm.o(i.RCM_ReadSYSCLKFreq) for RCM_ReadSYSCLKFreq
    apm32f0xx_rcm.o(i.RCM_ReadI2C1CLKFreq) refers to apm32f0xx_rcm.o(i.RCM_ReadSYSCLKFreq) for RCM_ReadSYSCLKFreq
    apm32f0xx_rcm.o(i.RCM_ReadPCLKFreq) refers to apm32f0xx_rcm.o(i.RCM_ReadSYSCLKFreq) for RCM_ReadSYSCLKFreq
    apm32f0xx_rcm.o(i.RCM_ReadSYSCLKFreq) refers to uidiv.o(.text) for __aeabi_uidivmod
    apm32f0xx_rcm.o(i.RCM_ReadUSART1CLKFreq) refers to apm32f0xx_rcm.o(i.RCM_ReadPCLKFreq) for RCM_ReadPCLKFreq
    apm32f0xx_rcm.o(i.RCM_ReadUSART1CLKFreq) refers to apm32f0xx_rcm.o(i.RCM_ReadSYSCLKFreq) for RCM_ReadSYSCLKFreq
    apm32f0xx_rcm.o(i.RCM_ReadUSART2CLKFreq) refers to apm32f0xx_rcm.o(i.RCM_ReadPCLKFreq) for RCM_ReadPCLKFreq
    apm32f0xx_rcm.o(i.RCM_ReadUSART2CLKFreq) refers to apm32f0xx_rcm.o(i.RCM_ReadSYSCLKFreq) for RCM_ReadSYSCLKFreq
    apm32f0xx_rcm.o(i.RCM_ReadUSBCLKFreq) refers to uidiv.o(.text) for __aeabi_uidivmod
[...]
    Removing apm32f0xx_usart.o(i.USART_ReceiverTimeOutValue), (20 bytes).
    Removing apm32f0xx_usart.o(i.USART_Reset), (216 bytes).
    Removing apm32f0xx_misc.o(.rev16_text), (4 bytes).
    Removing apm32f0xx_misc.o(.revsh_text), (4 bytes).
    Removing apm32f0xx_misc.o(i.NVIC_DisableIRQRequest), (24 bytes).
    Removing apm32f0xx_misc.o(i.NVIC_DisableSystemLowPower), (16 bytes).
    Removing apm32f0xx_misc.o(i.NVIC_EnableSystemLowPower), (16 bytes).
    Removing apm32f0xx_misc.o(i.PMU_EnterHaltModeWFE), (24 bytes).
    Removing apm32f0xx_misc.o(i.PMU_EnterHaltModeWFI), (24 bytes).
    Removing apm32f0xx_misc.o(i.PMU_EnterWaitMode), (20 bytes).
    Removing apm32f0xx_gpio.o(.rev16_text), (4 bytes).
    Removing apm32f0xx_gpio.o(.revsh_text), (4 bytes).
    Removing apm32f0xx_gpio.o(i.GPIO_ConfigPinLock), (22 bytes).
    Removing apm32f0xx_gpio.o(i.GPIO_ReadInputBit), (20 bytes).
    Removing apm32f0xx_gpio.o(i.GPIO_ReadInputPort), (8 bytes).
    Removing apm32f0xx_gpio.o(i.GPIO_ReadOutputBit), (20 bytes).
    Removing apm32f0xx_gpio.o(i.GPIO_ReadOutputPort), (8 bytes).
    Removing apm32f0xx_gpio.o(i.GPIO_Reset), (160 bytes).
    Removing apm32f0xx_gpio.o(i.GPIO_WriteBitValue), (12 bytes).
    Removing apm32f0xx_gpio.o(i.GPIO_WriteOutputPort), (4 bytes).
    Removing apm32f0xx_rcm.o(.rev16_text), (4 bytes).
    Removing apm32f0xx_rcm.o(.revsh_text), (4 bytes).
    Removing apm32f0xx_rcm.o(i.RCM_ClearIntFlag), (20 bytes).
    Removing apm32f0xx_rcm.o(i.RCM_ClearStatusFlag), (24 bytes).
    Removing apm32f0xx_rcm.o(i.RCM_ConfigAHB), (28 bytes).
    Removing apm32f0xx_rcm.o(i.RCM_ConfigAPB), (32 bytes).
    Removing apm32f0xx_rcm.o(i.RCM_ConfigCECCLK), (28 bytes).
    Removing apm32f0xx_rcm.o(i.RCM_ConfigCLKDIV), (24 bytes).
    Removing apm32f0xx_rcm.o(i.RCM_ConfigCOC), (32 bytes).
    Removing apm32f0xx_rcm.o(i.RCM_ConfigDriveLSE), (28 bytes).
    Removing apm32f0xx_rcm.o(i.RCM_ConfigHSE), (92 bytes).
    Removing apm32f0xx_rcm.o(i.RCM_ConfigI2CCLK), (28 bytes).
    Removing apm32f0xx_rcm.o(i.RCM_ConfigLSE), (76 bytes).
    Removing apm32f0xx_rcm.o(i.RCM_ConfigPLL), (56 bytes).
    Removing apm32f0xx_rcm.o(i.RCM_ConfigRTCCLK), (32 bytes).
    Removing apm32f0xx_rcm.o(i.RCM_ConfigSYSCLK), (24 bytes).
    Removing apm32f0xx_rcm.o(i.RCM_ConfigUSARTCLK), (88 bytes).
    Removing apm32f0xx_rcm.o(i.RCM_ConfigUSBCLK), (28 bytes).
    Removing apm32f0xx_rcm.o(i.RCM_DisableAHBPeriphClock), (16 bytes).
    Removing apm32f0xx_rcm.o(i.RCM_DisableAHBPeriphReset), (16 bytes).
    Removing apm32f0xx_rcm.o(i.RCM_DisableAPB1PeriphClock), (16 bytes).
    Removing apm32f0xx_rcm.o(i.RCM_DisableAPB2PeriphClock), (16 bytes).
    Removing apm32f0xx_rcm.o(i.RCM_DisableBackupReset), (20 bytes).
    Removing apm32f0xx_rcm.o(i.RCM_DisableCCS), (20 bytes).
    Removing apm32f0xx_rcm.o(i.RCM_DisableHSI), (20 bytes).
    Removing apm32f0xx_rcm.o(i.RCM_DisableHSI14), (20 bytes).
    Removing apm32f0xx_rcm.o(i.RCM_DisableHSI14ADC), (20 bytes).
    Removing apm32f0xx_rcm.o(i.RCM_DisableHSI48), (20 bytes).
    Removing apm32f0xx_rcm.o(i.RCM_DisableInterrupt), (20 bytes).
    Removing apm32f0xx_rcm.o(i.RCM_DisableLSI), (20 bytes).
    Removing apm32f0xx_rcm.o(i.RCM_DisablePLL), (20 bytes).
    Removing apm32f0xx_rcm.o(i.RCM_DisableRTCCLK), (20 bytes).
    Removing apm32f0xx_rcm.o(i.RCM_EnableAHBPeriphReset), (16 bytes).
    Removing apm32f0xx_rcm.o(i.RCM_EnableBackupReset), (24 bytes).
    Removing apm32f0xx_rcm.o(i.RCM_EnableCCS), (24 bytes).
    Removing apm32f0xx_rcm.o(i.RCM_EnableHSI), (20 bytes).
    Removing apm32f0xx_rcm.o(i.RCM_EnableHSI14), (20 bytes).
    Removing apm32f0xx_rcm.o(i.RCM_EnableHSI14ADC), (20 bytes).
    Removing apm32f0xx_rcm.o(i.RCM_EnableHSI48), (24 bytes).
    Removing apm32f0xx_rcm.o(i.RCM_EnableInterrupt), (20 bytes).
    Removing apm32f0xx_rcm.o(i.RCM_EnableLSI), (20 bytes).
    Removing apm32f0xx_rcm.o(i.RCM_EnablePLL), (24 bytes).
    Removing apm32f0xx_rcm.o(i.RCM_EnableRTCCLK), (24 bytes).
    Removing apm32f0xx_rcm.o(i.RCM_ReadADCCLKFreq), (56 bytes).
    Removing apm32f0xx_rcm.o(i.RCM_ReadCECCLKFreq), (28 bytes).
    Removing apm32f0xx_rcm.o(i.RCM_ReadHCLKFreq), (60 bytes).
    Removing apm32f0xx_rcm.o(i.RCM_ReadHSI48CalibrationValue), (12 bytes).
    Removing apm32f0xx_rcm.o(i.RCM_ReadI2C1CLKFreq), (40 bytes).
    Removing apm32f0xx_rcm.o(i.RCM_ReadIntFlag), (28 bytes).
    Removing apm32f0xx_rcm.o(i.RCM_ReadSYSCLKSource), (16 bytes).
    Removing apm32f0xx_rcm.o(i.RCM_ReadStatusFlag), (80 bytes).
    Removing apm32f0xx_rcm.o(i.RCM_ReadUSBCLKFreq), (108 bytes).
    Removing apm32f0xx_rcm.o(i.RCM_Reset), (124 bytes).
    Removing apm32f0xx_rcm.o(i.RCM_SetHSI14Trim), (28 bytes).
    Removing apm32f0xx_rcm.o(i.RCM_SetHSITrim), (28 bytes).
    Removing apm32f0xx_rcm.o(i.RCM_WaitHSEReady), (48 bytes).
    Removing apm32f0xx_adc.o(.rev16_text), (4 bytes).
    Removing apm32f0xx_adc.o(.revsh_text), (4 bytes).
    Removing apm32f0xx_adc.o(i.ADC_AnalogWatchdogHighThreshold), (32 bytes).
    Removing apm32f0xx_adc.o(i.ADC_AnalogWatchdogLowThreshold), (24 bytes).
    Removing apm32f0xx_adc.o(i.ADC_AnalogWatchdogSingleChannel), (32 bytes).
    Removing apm32f0xx_adc.o(i.ADC_ClearIntFlag), (12 bytes).
    Removing apm32f0xx_adc.o(i.ADC_ClearStatusFlag), (12 bytes).
    Removing apm32f0xx_adc.o(i.ADC_ClockMode), (28 bytes).
    Removing apm32f0xx_adc.o(i.ADC_DMARequestMode), (28 bytes).
    Removing apm32f0xx_adc.o(i.ADC_Disable), (20 bytes).
    Removing apm32f0xx_adc.o(i.ADC_DisableAnalogWatchdog), (20 bytes).
    Removing apm32f0xx_adc.o(i.ADC_DisableAnalogWatchdogSingleChannel), (20 bytes).
    Removing apm32f0xx_adc.o(i.ADC_DisableAutoPowerOff), (20 bytes).
    Removing apm32f0xx_adc.o(i.ADC_DisableContinuousMode), (20 bytes).
    Removing apm32f0xx_adc.o(i.ADC_DisableDMA), (20 bytes).
    Removing apm32f0xx_adc.o(i.ADC_DisableDiscMode), (20 bytes).
    Removing apm32f0xx_adc.o(i.ADC_DisableInterrupt), (16 bytes).
    Removing apm32f0xx_adc.o(i.ADC_DisableJitter), (36 bytes).
    Removing apm32f0xx_adc.o(i.ADC_DisableOverrunMode), (20 bytes).
    Removing apm32f0xx_adc.o(i.ADC_DisableTempSensor), (20 bytes).
    Removing apm32f0xx_adc.o(i.ADC_DisableVbat), (20 bytes).
    Removing apm32f0xx_adc.o(i.ADC_DisableVrefint), (20 bytes).
    Removing apm32f0xx_adc.o(i.ADC_DisableWaitMode), (20 bytes).
    Removing apm32f0xx_adc.o(i.ADC_EnableAnalogWatchdog), (24 bytes).
    Removing apm32f0xx_adc.o(i.ADC_EnableAnalogWatchdogSingleChannel), (24 bytes).
    Removing apm32f0xx_adc.o(i.ADC_EnableAutoPowerOff), (24 bytes).
    Removing apm32f0xx_adc.o(i.ADC_EnableContinuousMode), (24 bytes).
    Removing apm32f0xx_adc.o(i.ADC_EnableDMA), (20 bytes).
    Removing apm32f0xx_adc.o(i.ADC_EnableDiscMode), (24 bytes).
    Removing apm32f0xx_adc.o(i.ADC_EnableInterrupt), (16 bytes).
    Removing apm32f0xx_adc.o(i.ADC_EnableJitter), (36 bytes).
    Removing apm32f0xx_adc.o(i.ADC_EnableOverrunMode), (24 bytes).
    Removing apm32f0xx_adc.o(i.ADC_EnableTempSensor), (24 bytes).
    Removing apm32f0xx_adc.o(i.ADC_EnableVbat), (24 bytes).
    Removing apm32f0xx_adc.o(i.ADC_EnableVrefint), (24 bytes).
    Removing apm32f0xx_adc.o(i.ADC_EnableWaitMode), (24 bytes).
    Removing apm32f0xx_adc.o(i.ADC_ReadIntFlag), (44 bytes).
    Removing apm32f0xx_adc.o(i.ADC_ReadStatusFlag), (48 bytes).
    Removing apm32f0xx_comp.o(.rev16_text), (4 bytes).
    Removing apm32f0xx_comp.o(.revsh_text), (4 bytes).
    Removing apm32f0xx_comp.o(i.COMP_ConfigLOCK), (48 bytes).
    Removing apm32f0xx_comp.o(i.COMP_DisableSwitch), (20 bytes).
    Removing apm32f0xx_comp.o(i.COMP_DisnableWindow), (20 bytes).
    Removing apm32f0xx_comp.o(i.COMP_EnableSwitch), (20 bytes).
    Removing apm32f0xx_comp.o(i.COMP_EnableWindow), (24 bytes).
    Removing apm32f0xx_comp.o(i.COMP_ReadOutPutLevel), (56 bytes).
    Removing apm32f0xx_dac.o(.rev16_text), (4 bytes).
    Removing apm32f0xx_dac.o(.revsh_text), (4 bytes).
    Removing apm32f0xx_dac.o(i.DAC_ClearIntFlag), (12 bytes).
    Removing apm32f0xx_dac.o(i.DAC_ClearStatusFlag), (16 bytes).
    Removing apm32f0xx_dac.o(i.DAC_ConfigChannel1Data), (32 bytes).
    Removing apm32f0xx_dac.o(i.DAC_ConfigChannel2Data), (32 bytes).
    Removing apm32f0xx_dac.o(i.DAC_ConfigDualChannelData), (40 bytes).
    Removing apm32f0xx_dac.o(i.DAC_Disable), (40 bytes).
    Removing apm32f0xx_dac.o(i.DAC_DisableDMA), (40 bytes).
    Removing apm32f0xx_dac.o(i.DAC_DisableDualSoftwareTrigger), (20 bytes).
    Removing apm32f0xx_dac.o(i.DAC_DisableInterrupt), (40 bytes).
    Removing apm32f0xx_dac.o(i.DAC_DisableSoftwareTrigger), (36 bytes).
    Removing apm32f0xx_dac.o(i.DAC_DisableWaveGeneration), (20 bytes).
    Removing apm32f0xx_dac.o(i.DAC_EnableDMA), (44 bytes).
    Removing apm32f0xx_dac.o(i.DAC_EnableDualSoftwareTrigger), (20 bytes).
    Removing apm32f0xx_dac.o(i.DAC_EnableInterrupt), (44 bytes).
    Removing apm32f0xx_dac.o(i.DAC_EnableSoftwareTrigger), (40 bytes).
    Removing apm32f0xx_dac.o(i.DAC_EnableWaveGeneration), (20 bytes).
    Removing apm32f0xx_dac.o(i.DAC_ReadDataOutputValue), (32 bytes).
    Removing apm32f0xx_dac.o(i.DAC_ReadIntFlag), (36 bytes).
    Removing apm32f0xx_dac.o(i.DAC_ReadStatusFlag), (28 bytes).
    Removing apm32f0xx_dac.o(i.DAC_Reset), (20 bytes).
    Removing apm32f0xx_fmc.o(.rev16_text), (4 bytes).
    Removing apm32f0xx_fmc.o(.revsh_text), (4 bytes).
    Removing apm32f0xx_fmc.o(i.FMC_ClearStatusFlag), (16 bytes).
    Removing apm32f0xx_fmc.o(i.FMC_ConfigOptionByteUser), (108 bytes).
    Removing apm32f0xx_fmc.o(i.FMC_ConfigReadOutProtection), (168 bytes).
    Removing apm32f0xx_fmc.o(i.FMC_DisableInterrupt), (16 bytes).
    Removing apm32f0xx_fmc.o(i.FMC_DisableOptionByteBOOT), (80 bytes).
    Removing apm32f0xx_fmc.o(i.FMC_DisableOptionByteSRAMParity), (80 bytes).
    Removing apm32f0xx_fmc.o(i.FMC_DisableOptionByteVDDA), (80 bytes).
    Removing apm32f0xx_fmc.o(i.FMC_DisablePrefetchBuffer), (20 bytes).
    Removing apm32f0xx_fmc.o(i.FMC_EnableInterrupt), (16 bytes).
    Removing apm32f0xx_fmc.o(i.FMC_EnableOptionByteBOOT), (84 bytes).
    Removing apm32f0xx_fmc.o(i.FMC_EnableOptionByteSRAMParity), (84 bytes).
    Removing apm32f0xx_fmc.o(i.FMC_EnableOptionByteVDDA), (84 bytes).
    Removing apm32f0xx_fmc.o(i.FMC_EnablePrefetchBuffer), (20 bytes).
    Removing apm32f0xx_fmc.o(i.FMC_EnableWriteProtection), (128 bytes).
    Removing apm32f0xx_fmc.o(i.FMC_EraseAllPages), (76 bytes).
    Removing apm32f0xx_fmc.o(i.FMC_EraseOptionByte), (184 bytes).
    Removing apm32f0xx_fmc.o(i.FMC_GetReadProtectionStatus), (24 bytes).
    Removing apm32f0xx_fmc.o(i.FMC_LaunchOptionByte), (24 bytes).
    Removing apm32f0xx_fmc.o(i.FMC_LockOptionByte), (20 bytes).
    Removing apm32f0xx_fmc.o(i.FMC_ProgramHalfWord), (68 bytes).
    Removing apm32f0xx_fmc.o(i.FMC_ProgramOptionByteData), (72 bytes).
    Removing apm32f0xx_fmc.o(i.FMC_ReadOptionByteUser), (16 bytes).
    Removing apm32f0xx_fmc.o(i.FMC_ReadOptionByteWriteProtection), (12 bytes).
    Removing apm32f0xx_fmc.o(i.FMC_ReadPrefetchBufferStatus), (24 bytes).
    Removing apm32f0xx_fmc.o(i.FMC_ReadStatusFlag), (40 bytes).
    Removing apm32f0xx_fmc.o(i.FMC_SetLatency), (24 bytes).
    Removing apm32f0xx_fmc.o(i.FMC_UnlockOptionByte), (24 bytes).
    Removing apm32f0xx_fmc.o(i.FMC_WriteOptionByteUser), (76 bytes).
    Removing apm32f0xx_syscfg.o(.rev16_text), (4 bytes).
    Removing apm32f0xx_syscfg.o(.revsh_text), (4 bytes).
    Removing apm32f0xx_syscfg.o(i.SYSCFG_BreakLock), (92 bytes).
    Removing apm32f0xx_syscfg.o(i.SYSCFG_ClearStatusFlag), (16 bytes).
    Removing apm32f0xx_syscfg.o(i.SYSCFG_DisableDMAChannelRemap), (16 bytes).
    Removing apm32f0xx_syscfg.o(i.SYSCFG_DisableI2CFastModePlus), (16 bytes).
    Removing apm32f0xx_syscfg.o(i.SYSCFG_EINTLine), (152 bytes).
    Removing apm32f0xx_syscfg.o(i.SYSCFG_EnableDMAChannelRemap), (16 bytes).
    Removing apm32f0xx_syscfg.o(i.SYSCFG_EnableI2CFastModePlus), (16 bytes).
    Removing apm32f0xx_syscfg.o(i.SYSCFG_MemoryRemapSelect), (24 bytes).
    Removing apm32f0xx_syscfg.o(i.SYSCFG_ReadStatusFlag), (28 bytes).
    Removing apm32f0xx_syscfg.o(i.SYSCFG_Reset), (40 bytes).
    Removing apm32f0xx_syscfg.o(i.SYSCFG_SelectIRDAEnv), (28 bytes).
    Removing apm32f0xx_eint.o(.rev16_text), (4 bytes).
    Removing apm32f0xx_eint.o(.revsh_text), (4 bytes).
    Removing apm32f0xx_eint.o(i.EINT_ClearIntFlag), (12 bytes).
    Removing apm32f0xx_eint.o(i.EINT_ClearStatusFlag), (12 bytes).
    Removing apm32f0xx_eint.o(i.EINT_Config), (156 bytes).
    Removing apm32f0xx_eint.o(i.EINT_ConfigStructInit), (16 bytes).
    Removing apm32f0xx_eint.o(i.EINT_ReadIntFlag), (40 bytes).
    Removing apm32f0xx_eint.o(i.EINT_ReadStatusFlag), (28 bytes).
    Removing apm32f0xx_eint.o(i.EINT_Reset), (28 bytes).
    Removing apm32f0xx_eint.o(i.EINT_SelectSWInterrupt), (16 bytes).
    Removing apm32f0xx_int.o(.rev16_text), (4 bytes).
    Removing apm32f0xx_int.o(.revsh_text), (4 bytes).
    Removing main.o(.rev16_text), (4 bytes).
    Removing main.o(.revsh_text), (4 bytes).
    Removing df_protocol.o(.rev16_text), (4 bytes).
    Removing df_protocol.o(.revsh_text), (4 bytes).
    Removing func.o(.rev16_text), (4 bytes).
    Removing func.o(.revsh_text), (4 bytes).
    Removing setup.o(.rev16_text), (4 bytes).
    Removing setup.o(.revsh_text), (4 bytes).
    Removing setup.o(i.TIMER2_setup), (126 bytes).
    Removing bsp_delay.o(.rev16_text), (4 bytes).
    Removing bsp_delay.o(.revsh_text), (4 bytes).
    Removing bsp_delay.o(i.APM_EVAL_DelayUs), (80 bytes).
    Removing flash.o(.rev16_text), (4 bytes).
    Removing flash.o(.revsh_text), (4 bytes).
    Removing flash.o(i.appFlagInit), (68 bytes).
    Removing flash.o(.constdata), (28 bytes).
    Removing system_apm32f0xx.o(.rev16_text), (4 bytes).
    Removing system_apm32f0xx.o(.revsh_text), (4 bytes).
    Removing system_apm32f0xx.o(i.SystemCoreClockUpdate), (184 bytes).
    Removing dadd.o(.text), (356 bytes).
    Removing dmul.o(.text), (208 bytes).
    Removing dfixul.o(.text), (64 bytes).
    Removing cdrcmple.o(.text), (40 bytes).

376 unused section(s) (total 11980 bytes) removed from the image.

==============================================================================

Image Symbol Table

    Local Symbols

    Symbol Name                              Value     Ov Type        Size  Object(Section)

    ../clib/microlib/division.c              0x00000000   Number         0  idiv.o ABSOLUTE
    ../clib/microlib/division.c              0x00000000   Number         0  uldiv.o ABSOLUTE
    ../clib/microlib/division.c              0x00000000   Number         0  uidiv.o ABSOLUTE
    ../clib/microlib/division.c              0x00000000   Number         0  ldiv.o ABSOLUTE
    ../clib/microlib/init/entry.s            0x00000000   Number         0  entry9a.o ABSOLUTE
    ../clib/microlib/init/entry.s            0x00000000   Number         0  entry9b.o ABSOLUTE
    ../clib/microlib/init/entry.s            0x00000000   Number         0  entry8a.o ABSOLUTE
    ../clib/microlib/init/entry.s            0x00000000   Number         0  entry10b.o ABSOLUTE
    ../clib/microlib/init/entry.s            0x00000000   Number         0  entry7a.o ABSOLUTE
    ../clib/microlib/init/entry.s            0x00000000   Number         0  entry11a.o ABSOLUTE
    ../clib/microlib/init/entry.s            0x00000000   Number         0  entry10a.o ABSOLUTE
    ../clib/microlib/init/entry.s            0x00000000   Number         0  entry5.o ABSOLUTE
    ../clib/microlib/init/entry.s            0x00000000   Number         0  entry7b.o ABSOLUTE
    ../clib/microlib/init/entry.s            0x00000000   Number         0  entry11b.o ABSOLUTE
    ../clib/microlib/init/entry.s            0x00000000   Number         0  entry.o ABSOLUTE
    ../clib/microlib/init/entry.s            0x00000000   Number         0  entry2.o ABSOLUTE
    ../clib/microlib/init/entry.s            0x00000000   Number         0  entry8b.o ABSOLUTE
    ../clib/microlib/longlong.c              0x00000000   Number         0  llsshr.o ABSOLUTE
    ../clib/microlib/longlong.c              0x00000000   Number         0  llushr.o ABSOLUTE
    ../clib/microlib/longlong.c              0x00000000   Number         0  llmul.o ABSOLUTE
    ../clib/microlib/longlong.c              0x00000000   Number         0  llshl.o ABSOLUTE
    ../clib/microlib/malloc/malloc.c         0x00000000   Number         0  malloc.o ABSOLUTE
    ../clib/microlib/malloc/malloc.c         0x00000000   Number         0  malloca.o ABSOLUTE
    ../clib/microlib/malloc/malloc.c         0x00000000   Number         0  mallocra.o ABSOLUTE
    ../clib/microlib/malloc/malloc.c         0x00000000   Number         0  mallocr.o ABSOLUTE
    ../clib/microlib/malloc/mvars.c          0x00000000   Number         0  mvars.o ABSOLUTE
    ../clib/microlib/printf/printf.c         0x00000000   Number         0  printfa.o ABSOLUTE
    ../clib/microlib/printf/printf.c         0x00000000   Number         0  printf0.o ABSOLUTE
    ../clib/microlib/printf/printf.c         0x00000000   Number         0  printf2.o ABSOLUTE
    ../clib/microlib/printf/printf.c         0x00000000   Number         0  printf5.o ABSOLUTE
    ../clib/microlib/printf/printf.c         0x00000000   Number         0  printf4.o ABSOLUTE
    ../clib/microlib/printf/printf.c         0x00000000   Number         0  printf6.o ABSOLUTE
    ../clib/microlib/printf/printf.c         0x00000000   Number         0  printf3.o ABSOLUTE
    ../clib/microlib/printf/printf.c         0x00000000   Number         0  printf7.o ABSOLUTE
    ../clib/microlib/printf/printf.c         0x00000000   Number         0  printfb.o ABSOLUTE
    ../clib/microlib/printf/printf.c         0x00000000   Number         0  printf8.o ABSOLUTE
    ../clib/microlib/printf/printf.c         0x00000000   Number         0  printf1.o ABSOLUTE
    ../clib/microlib/printf/stubs.s          0x00000000   Number         0  stubs.o ABSOLUTE
    ../clib/microlib/stdio/streams.c         0x00000000   Number         0  stdout.o ABSOLUTE
    ../clib/microlib/string/memcpy.c         0x00000000   Number         0  memcpya.o ABSOLUTE
    ../clib/microlib/string/memcpy.c         0x00000000   Number         0  memcpyb.o ABSOLUTE
    ../clib/microlib/string/memset.c         0x00000000   Number         0  memseta.o ABSOLUTE
    ../clib/microlib/stubs.s                 0x00000000   Number         0  iusefp.o ABSOLUTE
    ../clib/microlib/unhosted.c              0x00000000   Number         0  uread4.o ABSOLUTE
    ../clib/microlib/unhosted.c              0x00000000   Number         0  uwrite4.o ABSOLUTE
    ../fplib/microlib/fpadd.c                0x00000000   Number         0  dadd.o ABSOLUTE
    ../fplib/microlib/fpdiv.c                0x00000000   Number         0  ddiv.o ABSOLUTE
    ../fplib/microlib/fpepilogue.c           0x00000000   Number         0  depilogue.o ABSOLUTE
    ../fplib/microlib/fpfix.c                0x00000000   Number         0  dfixul.o ABSOLUTE
    ../fplib/microlib/fpfix.c                0x00000000   Number         0  dfixui.o ABSOLUTE
    ../fplib/microlib/fpflt.c                0x00000000   Number         0  dfltui.o ABSOLUTE
    ../fplib/microlib/fpmul.c                0x00000000   Number         0  dmul.o ABSOLUTE
    ..\..\APM32F0xx_StdPeriphDriver\src\apm32f0xx_adc.c 0x00000000   Number         0  apm32f0xx_adc.o ABSOLUTE
    ..\..\APM32F0xx_StdPeriphDriver\src\apm32f0xx_comp.c 0x00000000   Number         0  apm32f0xx_comp.o ABSOLUTE
    ..\..\APM32F0xx_StdPeriphDriver\src\apm32f0xx_dac.c 0x00000000   Number         0  apm32f0xx_dac.o ABSOLUTE
    ..\..\APM32F0xx_StdPeriphDriver\src\apm32f0xx_eint.c 0x00000000   Number         0  apm32f0xx_eint.o ABSOLUTE
    ..\..\APM32F0xx_StdPeriphDriver\src\apm32f0xx_fmc.c 0x00000000   Number         0  apm32f0xx_fmc.o ABSOLUTE
    ..\..\APM32F0xx_StdPeriphDriver\src\apm32f0xx_gpio.c 0x00000000   Number         0  apm32f0xx_gpio.o ABSOLUTE
    ..\..\APM32F0xx_StdPeriphDriver\src\apm32f0xx_misc.c 0x00000000   Number         0  apm32f0xx_misc.o ABSOLUTE
    ..\..\APM32F0xx_StdPeriphDriver\src\apm32f0xx_rcm.c 0x00000000   Number         0  apm32f0xx_rcm.o ABSOLUTE
    ..\..\APM32F0xx_StdPeriphDriver\src\apm32f0xx_syscfg.c 0x00000000   Number         0  apm32f0xx_syscfg.o ABSOLUTE
    ..\..\APM32F0xx_StdPeriphDriver\src\apm32f0xx_tmr.c 0x00000000   Number         0  apm32f0xx_tmr.o ABSOLUTE
    ..\..\APM32F0xx_StdPeriphDriver\src\apm32f0xx_usart.c 0x00000000   Number         0  apm32f0xx_usart.o ABSOLUTE
    ..\..\Source\FUNCTION\DF_Protocol.c      0x00000000   Number         0  df_protocol.o ABSOLUTE
    ..\..\Source\FUNCTION\bsp_delay.c        0x00000000   Number         0  bsp_delay.o ABSOLUTE
    ..\..\Source\FUNCTION\flash.c            0x00000000   Number         0  flash.o ABSOLUTE
    ..\..\Source\FUNCTION\func.c             0x00000000   Number         0  func.o ABSOLUTE
    ..\..\Source\FUNCTION\setup.c            0x00000000   Number         0  setup.o ABSOLUTE
    ..\..\Source\apm32f0xx_int.c             0x00000000   Number         0  apm32f0xx_int.o ABSOLUTE
    ..\..\Source\main.c                      0x00000000   Number         0  main.o ABSOLUTE
    ..\..\Source\startup_apm32f051.s         0x00000000   Number         0  startup_apm32f051.o ABSOLUTE
    ..\..\Source\system_apm32f0xx.c          0x00000000   Number         0  system_apm32f0xx.o ABSOLUTE
    ..\\..\\APM32F0xx_StdPeriphDriver\\src\\apm32f0xx_adc.c 0x00000000   Number         0  apm32f0xx_adc.o ABSOLUTE
    ..\\..\\APM32F0xx_StdPeriphDriver\\src\\apm32f0xx_comp.c 0x00000000   Number         0  apm32f0xx_comp.o ABSOLUTE
    ..\\..\\APM32F0xx_StdPeriphDriver\\src\\apm32f0xx_dac.c 0x00000000   Number         0  apm32f0xx_dac.o ABSOLUTE
    ..\\..\\APM32F0xx_StdPeriphDriver\\src\\apm32f0xx_eint.c 0x00000000   Number         0  apm32f0xx_eint.o ABSOLUTE
    ..\\..\\APM32F0xx_StdPeriphDriver\\src\\apm32f0xx_fmc.c 0x00000000   Number         0  apm32f0xx_fmc.o ABSOLUTE
    ..\\..\\APM32F0xx_StdPeriphDriver\\src\\apm32f0xx_gpio.c 0x00000000   Number         0  apm32f0xx_gpio.o ABSOLUTE
    ..\\..\\APM32F0xx_StdPeriphDriver\\src\\apm32f0xx_misc.c 0x00000000   Number         0  apm32f0xx_misc.o ABSOLUTE
    ..\\..\\APM32F0xx_StdPeriphDriver\\src\\apm32f0xx_rcm.c 0x00000000   Number         0  apm32f0xx_rcm.o ABSOLUTE
    ..\\..\\APM32F0xx_StdPeriphDriver\\src\\apm32f0xx_syscfg.c 0x00000000   Number         0  apm32f0xx_syscfg.o ABSOLUTE
    ..\\..\\APM32F0xx_StdPeriphDriver\\src\\apm32f0xx_tmr.c 0x00000000   Number         0  apm32f0xx_tmr.o ABSOLUTE
    ..\\..\\APM32F0xx_StdPeriphDriver\\src\\apm32f0xx_usart.c 0x00000000   Number         0  apm32f0xx_usart.o ABSOLUTE
    ..\\..\\Source\\FUNCTION\\DF_Protocol.c  0x00000000   Number         0  df_protocol.o ABSOLUTE
    ..\\..\\Source\\FUNCTION\\bsp_delay.c    0x00000000   Number         0  bsp_delay.o ABSOLUTE
    ..\\..\\Source\\FUNCTION\\flash.c        0x00000000   Number         0  flash.o ABSOLUTE
    ..\\..\\Source\\FUNCTION\\func.c         0x00000000   Number         0  func.o ABSOLUTE
    ..\\..\\Source\\FUNCTION\\setup.c        0x00000000   Number         0  setup.o ABSOLUTE
    ..\\..\\Source\\apm32f0xx_int.c          0x00000000   Number         0  apm32f0xx_int.o ABSOLUTE
    ..\\..\\Source\\main.c                   0x00000000   Number         0  main.o ABSOLUTE
    ..\\..\\Source\\system_apm32f0xx.c       0x00000000   Number         0  system_apm32f0xx.o ABSOLUTE
    cdrcmple.s                               0x00000000   Number         0  cdrcmple.o ABSOLUTE
    dc.s                                     0x00000000   Number         0  dc.o ABSOLUTE
    handlers.s                               0x00000000   Number         0  handlers.o ABSOLUTE
    init.s                                   0x00000000   Number         0  init.o ABSOLUTE
    RESET                                    0x08000000   Section      188  startup_apm32f051.o(RESET)
    .ARM.Collect$$$$00000000                 0x080000bc   Section        0  entry.o(.ARM.Collect$$$$00000000)
    .ARM.Collect$$$$00000001                 0x080000bc   Section        4  entry2.o(.ARM.Collect$$$$00000001)
    .ARM.Collect$$$$00000004                 0x080000c0   Section        4  entry5.o(.ARM.Collect$$$$00000004)
    .ARM.Collect$$$$00000008                 0x080000c4   Section        0  entry7b.o(.ARM.Collect$$$$00000008)
    .ARM.Collect$$$$0000000A                 0x080000c4   Section        0  entry8b.o(.ARM.Collect$$$$0000000A)
    .ARM.Collect$$$$0000000B                 0x080000c4   Section        8  entry9a.o(.ARM.Collect$$$$0000000B)
    .ARM.Collect$$$$0000000D                 0x080000cc   Section        0  entry10a.o(.ARM.Collect$$$$0000000D)
    .ARM.Collect$$$$0000000F                 0x080000cc   Section        0  entry11a.o(.ARM.Collect$$$$0000000F)
    .ARM.Collect$$$$00002712                 0x080000cc   Section        4  entry2.o(.ARM.Collect$$$$00002712)
    __lit__00000000                          0x080000cc   Data           4  entry2.o(.ARM.Collect$$$$00002712)
    .text                                    0x080000d0   Section       28  startup_apm32f051.o(.text)
    .text                                    0x080000ec   Section        0  uidiv.o(.text)
    .text                                    0x08000118   Section        0  idiv.o(.text)
    .text                                    0x08000140   Section        0  ldiv.o(.text)
    .text                                    0x0800018c   Section        0  llmul.o(.text)
    .text                                    0x08000206   Section        0  memcpya.o(.text)
    .text                                    0x0800022a   Section        0  memseta.o(.text)
    .text                                    0x0800024e   Section        0  uread4.o(.text)
    .text                                    0x08000262   Section        0  uwrite4.o(.text)
    .text                                    0x08000274   Section        0  ddiv.o(.text)
    .text                                    0x08000364   Section        0  dfltui.o(.text)
    .text                                    0x08000380   Section        0  dfixui.o(.text)
    .text                                    0x080003bc   Section        0  uldiv.o(.text)
    .text                                    0x0800041c   Section        0  llshl.o(.text)
    .text                                    0x0800043c   Section        0  llushr.o(.text)
    .text                                    0x0800045e   Section        0  depilogue.o(.text)
    .text                                    0x0800045e   Section        0  iusefp.o(.text)
    .text                                    0x0800051c   Section       36  init.o(.text)
    i.ACMP_setup                             0x08000540   Section        0  setup.o(i.ACMP_setup)
    i.ADC1_COMP_IRQHandler                   0x08000614   Section        0  apm32f0xx_int.o(i.ADC1_COMP_IRQHandler)
    i.ADC_Config                             0x08000618   Section        0  apm32f0xx_adc.o(i.ADC_Config)
    i.ADC_ConfigChannel                      0x080006ac   Section        0  apm32f0xx_adc.o(i.ADC_ConfigChannel)
    i.ADC_ConfigStructInit                   0x080006c4   Section        0  apm32f0xx_adc.o(i.ADC_ConfigStructInit)
    i.ADC_Enable                             0x080006d4   Section        0  apm32f0xx_adc.o(i.ADC_Enable)
    i.ADC_ReadCalibrationFactor              0x080006e8   Section        0  apm32f0xx_adc.o(i.ADC_ReadCalibrationFactor)
    i.ADC_ReadConversionValue                0x08000734   Section        0  apm32f0xx_adc.o(i.ADC_ReadConversionValue)
    i.ADC_Reset                              0x08000740   Section        0  apm32f0xx_adc.o(i.ADC_Reset)
    i.ADC_StartConversion                    0x08000754   Section        0  apm32f0xx_adc.o(i.ADC_StartConversion)
    i.ADC_StopConversion                     0x08000768   Section        0  apm32f0xx_adc.o(i.ADC_StopConversion)
    i.ADC_setup                              0x0800077c   Section        0  setup.o(i.ADC_setup)
    i.APM_EVAL_DelayInit                     0x080007d8   Section        0  bsp_delay.o(i.APM_EVAL_DelayInit)
    i.APM_EVAL_DelayMs                       0x08000814   Section        0  bsp_delay.o(i.APM_EVAL_DelayMs)
    i.APM_EVAL_TMR14_Init                    0x08000864   Section        0  setup.o(i.APM_EVAL_TMR14_Init)
    i.COMP_Config                            0x080008b8   Section        0  apm32f0xx_comp.o(i.COMP_Config)
    i.COMP_ConfigStructInit                  0x080009b4   Section        0  apm32f0xx_comp.o(i.COMP_ConfigStructInit)
    i.COMP_Disable                           0x080009c4   Section        0  apm32f0xx_comp.o(i.COMP_Disable)
    i.COMP_Enable                            0x080009ec   Section        0  apm32f0xx_comp.o(i.COMP_Enable)
    i.COMP_Reset                             0x08000a18   Section        0  apm32f0xx_comp.o(i.COMP_Reset)
    i.DAC_Config                             0x08000a24   Section        0  apm32f0xx_dac.o(i.DAC_Config)
    i.DAC_ConfigStructInit                   0x08000a44   Section        0  apm32f0xx_dac.o(i.DAC_ConfigStructInit)
    i.DAC_Enable                             0x08000a50   Section        0  apm32f0xx_dac.o(i.DAC_Enable)
    i.DAC_setup                              0x08000a7c   Section        0  setup.o(i.DAC_setup)
    i.DF_Protocol_Parse                      0x08000ae0   Section        0  df_protocol.o(i.DF_Protocol_Parse)
    i.FMC_ErasePage                          0x08000d08   Section        0  apm32f0xx_fmc.o(i.FMC_ErasePage)
    i.FMC_Lock                               0x08000d58   Section        0  apm32f0xx_fmc.o(i.FMC_Lock)
    i.FMC_ProgramWord                        0x08000d6c   Section        0  apm32f0xx_fmc.o(i.FMC_ProgramWord)
    i.FMC_ReadState                          0x08000dc0   Section        0  apm32f0xx_fmc.o(i.FMC_ReadState)
    i.FMC_Unlock                             0x08000df0   Section        0  apm32f0xx_fmc.o(i.FMC_Unlock)
    i.FMC_WaitForReady                       0x08000e08   Section        0  apm32f0xx_fmc.o(i.FMC_WaitForReady)
    i.GPIO_ClearBit                          0x08000e24   Section        0  apm32f0xx_gpio.o(i.GPIO_ClearBit)
    i.GPIO_Config                            0x08000e28   Section        0  apm32f0xx_gpio.o(i.GPIO_Config)
    i.GPIO_ConfigPinAF                       0x08000eb2   Section        0  apm32f0xx_gpio.o(i.GPIO_ConfigPinAF)
    i.GPIO_ConfigStructInit                  0x08000ef8   Section        0  apm32f0xx_gpio.o(i.GPIO_ConfigStructInit)
    i.GPIO_SetBit                            0x08000f0e   Section        0  apm32f0xx_gpio.o(i.GPIO_SetBit)
    i.GPIO_setup                             0x08000f14   Section        0  setup.o(i.GPIO_setup)
    i.HardFault_Handler                      0x08000ffc   Section        0  apm32f0xx_int.o(i.HardFault_Handler)
    i.Load_RxMessage                         0x08001024   Section        0  df_protocol.o(i.Load_RxMessage)
    i.NMI_Handler                            0x080010b4   Section        0  apm32f0xx_int.o(i.NMI_Handler)
    i.NVIC_EnableIRQRequest                  0x080010d0   Section        0  apm32f0xx_misc.o(i.NVIC_EnableIRQRequest)
    i.NVIC_SetPriority                       0x080010f4   Section        0  apm32f0xx_misc.o(i.NVIC_SetPriority)
    NVIC_SetPriority                         0x080010f5   Thumb Code   110  apm32f0xx_misc.o(i.NVIC_SetPriority)
    i.Parameters_Setup                       0x0800116c   Section        0  func.o(i.Parameters_Setup)
    i.PendSV_Handler                         0x080011ec   Section        0  apm32f0xx_int.o(i.PendSV_Handler)
    i.RCM_DisableAPB1PeriphReset             0x0800120c   Section        0  apm32f0xx_rcm.o(i.RCM_DisableAPB1PeriphReset)
    i.RCM_DisableAPB2PeriphReset             0x0800121c   Section        0  apm32f0xx_rcm.o(i.RCM_DisableAPB2PeriphReset)
    i.RCM_EnableAHBPeriphClock               0x0800122c   Section        0  apm32f0xx_rcm.o(i.RCM_EnableAHBPeriphClock)
    i.RCM_EnableAPB1PeriphClock              0x0800123c   Section        0  apm32f0xx_rcm.o(i.RCM_EnableAPB1PeriphClock)
    i.RCM_EnableAPB1PeriphReset              0x0800124c   Section        0  apm32f0xx_rcm.o(i.RCM_EnableAPB1PeriphReset)
    i.RCM_EnableAPB2PeriphClock              0x0800125c   Section        0  apm32f0xx_rcm.o(i.RCM_EnableAPB2PeriphClock)
    i.RCM_EnableAPB2PeriphReset              0x0800126c   Section        0  apm32f0xx_rcm.o(i.RCM_EnableAPB2PeriphReset)
    i.RCM_ReadPCLKFreq                       0x0800127c   Section        0  apm32f0xx_rcm.o(i.RCM_ReadPCLKFreq)
    i.RCM_ReadSYSCLKFreq                     0x080012b0   Section        0  apm32f0xx_rcm.o(i.RCM_ReadSYSCLKFreq)
    i.RCM_ReadUSART1CLKFreq                  0x08001354   Section        0  apm32f0xx_rcm.o(i.RCM_ReadUSART1CLKFreq)
    i.RCM_ReadUSART2CLKFreq                  0x080013a4   Section        0  apm32f0xx_rcm.o(i.RCM_ReadUSART2CLKFreq)
    i.Restore_Check                          0x080013f4   Section        0  func.o(i.Restore_Check)
    i.Ret_Checksum_Cal                       0x080014f8   Section        0  df_protocol.o(i.Ret_Checksum_Cal)
    i.Return_GetDis                          0x08001518   Section        0  df_protocol.o(i.Return_GetDis)
    i.Return_GetTemp                         0x0800156c   Section        0  df_protocol.o(i.Return_GetTemp)
    i.Return_SetAddr                         0x080015e0   Section        0  df_protocol.o(i.Return_SetAddr)
    i.Return_SetBand                         0x0800161c   Section        0  df_protocol.o(i.Return_SetBand)
    i.SVC_Handler                            0x0800166c   Section        0  apm32f0xx_int.o(i.SVC_Handler)
    i.Send_40K                               0x08001688   Section        0  func.o(i.Send_40K)
    i.SetVs                                  0x080016f0   Section        0  func.o(i.SetVs)
    i.SysTick_ConfigCLKSource                0x080017d8   Section        0  apm32f0xx_misc.o(i.SysTick_ConfigCLKSource)
    i.SysTick_Handler                        0x080017fc   Section        0  apm32f0xx_int.o(i.SysTick_Handler)
    i.SystemClock48M                         0x08001800   Section        0  system_apm32f0xx.o(i.SystemClock48M)
    SystemClock48M                           0x08001801   Thumb Code   210  system_apm32f0xx.o(i.SystemClock48M)
    i.SystemClockConfig                      0x080018dc   Section        0  system_apm32f0xx.o(i.SystemClockConfig)
    SystemClockConfig                        0x080018dd   Thumb Code     8  system_apm32f0xx.o(i.SystemClockConfig)
    i.SystemInit                             0x080018e4   Section        0  system_apm32f0xx.o(i.SystemInit)
    i.TI1Config                              0x0800196c   Section        0  apm32f0xx_tmr.o(i.TI1Config)
    TI1Config                                0x0800196d   Thumb Code    88  apm32f0xx_tmr.o(i.TI1Config)
    i.TI2Config                              0x080019c8   Section        0  apm32f0xx_tmr.o(i.TI2Config)
    TI2Config                                0x080019c9   Thumb Code   102  apm32f0xx_tmr.o(i.TI2Config)
    i.TI3Config                              0x08001a34   Section        0  apm32f0xx_tmr.o(i.TI3Config)
    TI3Config                                0x08001a35   Thumb Code    92  apm32f0xx_tmr.o(i.TI3Config)
    i.TI4Config                              0x08001a94   Section        0  apm32f0xx_tmr.o(i.TI4Config)
    TI4Config                                0x08001a95   Thumb Code   106  apm32f0xx_tmr.o(i.TI4Config)
    i.TIMER1_setup                           0x08001b04   Section        0  setup.o(i.TIMER1_setup)
    i.TIMER3_setup                           0x08001b88   Section        0  setup.o(i.TIMER3_setup)
    i.TMR14_IRQHandler                       0x08001bdc   Section        0  apm32f0xx_int.o(i.TMR14_IRQHandler)
    i.TMR1_BRK_UP_TRG_COM_IRQHandler         0x08001c18   Section        0  apm32f0xx_int.o(i.TMR1_BRK_UP_TRG_COM_IRQHandler)
    i.TMR1_CC_IRQHandler                     0x08001c44   Section        0  apm32f0xx_int.o(i.TMR1_CC_IRQHandler)
    i.TMR3_IRQHandler                        0x08001dd0   Section        0  apm32f0xx_int.o(i.TMR3_IRQHandler)
    i.TMR_ClearIntFlag                       0x080020e4   Section        0  apm32f0xx_tmr.o(i.TMR_ClearIntFlag)
    i.TMR_ConfigTimeBase                     0x080020ec   Section        0  apm32f0xx_tmr.o(i.TMR_ConfigTimeBase)
    i.TMR_Disable                            0x08002184   Section        0  apm32f0xx_tmr.o(i.TMR_Disable)
    i.TMR_Enable                             0x0800218e   Section        0  apm32f0xx_tmr.o(i.TMR_Enable)
    i.TMR_EnableCCxChannel                   0x0800219a   Section        0  apm32f0xx_tmr.o(i.TMR_EnableCCxChannel)
    i.TMR_EnableInterrupt                    0x080021a6   Section        0  apm32f0xx_tmr.o(i.TMR_EnableInterrupt)
    i.TMR_ICConfig                           0x080021ae   Section        0  apm32f0xx_tmr.o(i.TMR_ICConfig)
    i.TMR_ReadCaputer1                       0x08002224   Section        0  apm32f0xx_tmr.o(i.TMR_ReadCaputer1)
    i.TMR_ReadIntFlag                        0x0800222c   Section        0  apm32f0xx_tmr.o(i.TMR_ReadIntFlag)
    i.TMR_Reset                              0x08002248   Section        0  apm32f0xx_tmr.o(i.TMR_Reset)
    i.TMR_SetIC1Prescal                      0x08002330   Section        0  apm32f0xx_tmr.o(i.TMR_SetIC1Prescal)
    i.TMR_SetIC2Prescal                      0x0800234a   Section        0  apm32f0xx_tmr.o(i.TMR_SetIC2Prescal)
    i.TMR_SetIC3Prescal                      0x08002368   Section        0  apm32f0xx_tmr.o(i.TMR_SetIC3Prescal)
    i.TMR_SetIC4Prescal                      0x08002382   Section        0  apm32f0xx_tmr.o(i.TMR_SetIC4Prescal)
    i.USART1_IRQHandler                      0x080023a0   Section        0  apm32f0xx_int.o(i.USART1_IRQHandler)
    i.USART1_Init                            0x08002444   Section        0  setup.o(i.USART1_Init)
    i.USART_Config                           0x080024d8   Section        0  apm32f0xx_usart.o(i.USART_Config)
    i.USART_Enable                           0x08002588   Section        0  apm32f0xx_usart.o(i.USART_Enable)
    i.USART_EnableInterrupt                  0x08002594   Section        0  apm32f0xx_usart.o(i.USART_EnableInterrupt)
    i.USART_ReadStatusFlag                   0x080025de   Section        0  apm32f0xx_usart.o(i.USART_ReadStatusFlag)
    i.USART_RxData                           0x080025f0   Section        0  apm32f0xx_usart.o(i.USART_RxData)
    i.USART_TxData                           0x080025fa   Section        0  apm32f0xx_usart.o(i.USART_TxData)
    i.USART_Write                            0x08002604   Section        0  func.o(i.USART_Write)
    i.__0printf$1                            0x08002634   Section        0  printf1.o(i.__0printf$1)
    i.__ARM_clz                              0x08002654   Section        0  depilogue.o(i.__ARM_clz)
    i.__ARM_common_ll_muluu                  0x08002682   Section        0  apm32f0xx_int.o(i.__ARM_common_ll_muluu)
    i.__ARM_common_switch8                   0x080026b2   Section        0  apm32f0xx_int.o(i.__ARM_common_switch8)
    i.__scatterload_copy                     0x080026ce   Section       14  handlers.o(i.__scatterload_copy)
    i.__scatterload_null                     0x080026dc   Section        2  handlers.o(i.__scatterload_null)
    i.__scatterload_zeroinit                 0x080026de   Section       14  handlers.o(i.__scatterload_zeroinit)
    i._printf_core                           0x080026ec   Section        0  printf1.o(i._printf_core)
    _printf_core                             0x080026ed   Thumb Code   332  printf1.o(i._printf_core)
    i.clear_RxMessage                        0x0800283c   Section        0  df_protocol.o(i.clear_RxMessage)
    i.fputc                                  0x08002868   Section        0  main.o(i.fputc)
    i.free                                   0x0800288c   Section        0  malloc.o(i.free)
    i.get_Dis                                0x080028e0   Section        0  func.o(i.get_Dis)
    i.get_Dis_Handler                        0x08002a44   Section        0  func.o(i.get_Dis_Handler)
    i.get_Temp                               0x08002a54   Section        0  func.o(i.get_Temp)
    i.get_Temp_Handler                       0x08002b78   Section        0  func.o(i.get_Temp_Handler)
    i.main                                   0x08002b88   Section        0  main.o(i.main)
    i.malloc                                 0x08002c38   Section        0  malloc.o(i.malloc)
    i.mystrstr                               0x08002ca4   Section        0  func.o(i.mystrstr)
    i.readPage                               0x08002cec   Section        0  flash.o(i.readPage)
    i.set_Addr_Handler                       0x08002d28   Section        0  func.o(i.set_Addr_Handler)
    i.set_Band_Handler                       0x08002d5c   Section        0  func.o(i.set_Band_Handler)
    i.writePage                              0x08002e10   Section        0  flash.o(i.writePage)
    .constdata                               0x08002e5c   Section       32  df_protocol.o(.constdata)
    .constdata                               0x08002e7c   Section       68  func.o(.constdata)
    .conststring                             0x08002ec0   Section      208  df_protocol.o(.conststring)
    .data                                    0x20000000   Section        1  apm32f0xx_int.o(.data)
    .data                                    0x20000001   Section        8  df_protocol.o(.data)
    .data                                    0x2000000c   Section       20  func.o(.data)
    .data                                    0x20000020   Section        6  setup.o(.data)
    .data                                    0x20000028   Section        8  bsp_delay.o(.data)
    .data                                    0x20000030   Section        4  system_apm32f0xx.o(.data)
    .data                                    0x20000034   Section        4  stdout.o(.data)
    .data                                    0x20000038   Section        4  mvars.o(.data)
    .data                                    0x2000003c   Section        4  mvars.o(.data)
    .bss                                     0x20000040   Section       24  apm32f0xx_int.o(.bss)
    .bss                                     0x20000058   Section      103  df_protocol.o(.bss)
    .bss                                     0x200000bf   Section       12  flash.o(.bss)
    HEAP                                     0x200000d0   Section      512  startup_apm32f051.o(HEAP)
    STACK                                    0x200002d0   Section     1024  startup_apm32f051.o(STACK)

    Global Symbols

    Symbol Name                              Value     Ov Type        Size  Object(Section)

    BuildAttributes$$THM_ISAv3M$S$PE$A:L22$X:L11$S22$IEEE1$IW$USESV6$~STKCKD$USESV7$~SHL$OSPACE$ROPI$EBA8$MICROLIB$REQ8$PRES8$EABIv2 0x00000000   Number         0  anon$$obj.o ABSOLUTE
    __ARM_use_no_argv                        0x00000000   Number         0  main.o ABSOLUTE
    _printf_a                                0x00000000   Number         0  stubs.o ABSOLUTE
    _printf_c                                0x00000000   Number         0  stubs.o ABSOLUTE
    _printf_charcount                        0x00000000   Number         0  stubs.o ABSOLUTE
    _printf_d                                0x00000000   Number         0  stubs.o ABSOLUTE
    _printf_e                                0x00000000   Number         0  stubs.o ABSOLUTE
    _printf_f                                0x00000000   Number         0  stubs.o ABSOLUTE
    _printf_flags                            0x00000000   Number         0  stubs.o ABSOLUTE
    _printf_fp_dec                           0x00000000   Number         0  stubs.o ABSOLUTE
    _printf_fp_hex                           0x00000000   Number         0  stubs.o ABSOLUTE
    _printf_g                                0x00000000   Number         0  stubs.o ABSOLUTE
    _printf_i                                0x00000000   Number         0  stubs.o ABSOLUTE
    _printf_int_dec                          0x00000000   Number         0  stubs.o ABSOLUTE
    _printf_l                                0x00000000   Number         0  stubs.o ABSOLUTE
    _printf_lc                               0x00000000   Number         0  stubs.o ABSOLUTE
    _printf_ll                               0x00000000   Number         0  stubs.o ABSOLUTE
    _printf_lld                              0x00000000   Number         0  stubs.o ABSOLUTE
    _printf_lli                              0x00000000   Number         0  stubs.o ABSOLUTE
    _printf_llo                              0x00000000   Number         0  stubs.o ABSOLUTE
    _printf_llu                              0x00000000   Number         0  stubs.o ABSOLUTE
    _printf_llx                              0x00000000   Number         0  stubs.o ABSOLUTE
    _printf_longlong_dec                     0x00000000   Number         0  stubs.o ABSOLUTE
    _printf_longlong_hex                     0x00000000   Number         0  stubs.o ABSOLUTE
    _printf_longlong_oct                     0x00000000   Number         0  stubs.o ABSOLUTE
    _printf_ls                               0x00000000   Number         0  stubs.o ABSOLUTE
    _printf_mbtowc                           0x00000000   Number         0  stubs.o ABSOLUTE
    _printf_n                                0x00000000   Number         0  stubs.o ABSOLUTE
    _printf_o                                0x00000000   Number         0  stubs.o ABSOLUTE
    _printf_p                                0x00000000   Number         0  stubs.o ABSOLUTE
    _printf_percent                          0x00000000   Number         0  stubs.o ABSOLUTE
    _printf_pre_padding                      0x00000000   Number         0  stubs.o ABSOLUTE
    _printf_return_value                     0x00000000   Number         0  stubs.o ABSOLUTE
    _printf_s                                0x00000000   Number         0  stubs.o ABSOLUTE
    _printf_sizespec                         0x00000000   Number         0  stubs.o ABSOLUTE
    _printf_str                              0x00000000   Number         0  stubs.o ABSOLUTE
    _printf_truncate_signed                  0x00000000   Number         0  stubs.o ABSOLUTE
    _printf_truncate_unsigned                0x00000000   Number         0  stubs.o ABSOLUTE
    _printf_u                                0x00000000   Number         0  stubs.o ABSOLUTE
    _printf_wc                               0x00000000   Number         0  stubs.o ABSOLUTE
    _printf_wctomb                           0x00000000   Number         0  stubs.o ABSOLUTE
    _printf_widthprec                        0x00000000   Number         0  stubs.o ABSOLUTE
    _printf_x                                0x00000000   Number         0  stubs.o ABSOLUTE
    __cpp_initialize__aeabi_                  - Undefined Weak Reference
    __cxa_finalize                            - Undefined Weak Reference
    __decompress                              - Undefined Weak Reference
    _clock_init                               - Undefined Weak Reference
    _microlib_exit                            - Undefined Weak Reference
    __Vectors_Size                           0x000000bc   Number         0  startup_apm32f051.o ABSOLUTE
    __Vectors                                0x08000000   Data           4  startup_apm32f051.o(RESET)
    __Vectors_End                            0x080000bc   Data           0  startup_apm32f051.o(RESET)
    __main                                   0x080000bd   Thumb Code     0  entry.o(.ARM.Collect$$$$00000000)
    _main_stk                                0x080000bd   Thumb Code     0  entry2.o(.ARM.Collect$$$$00000001)
    _main_scatterload                        0x080000c1   Thumb Code     0  entry5.o(.ARM.Collect$$$$00000004)
    __main_after_scatterload                 0x080000c5   Thumb Code     0  entry5.o(.ARM.Collect$$$$00000004)
    _main_clock                              0x080000c5   Thumb Code     0  entry7b.o(.ARM.Collect$$$$00000008)
    _main_cpp_init                           0x080000c5   Thumb Code     0  entry8b.o(.ARM.Collect$$$$0000000A)
    _main_init                               0x080000c5   Thumb Code     0  entry9a.o(.ARM.Collect$$$$0000000B)
    __rt_final_cpp                           0x080000cd   Thumb Code     0  entry10a.o(.ARM.Collect$$$$0000000D)
    __rt_final_exit                          0x080000cd   Thumb Code     0  entry11a.o(.ARM.Collect$$$$0000000F)
    Reset_Handler                            0x080000d1   Thumb Code     8  startup_apm32f051.o(.text)
    CEC_IRQHandler                           0x080000e3   Thumb Code     0  startup_apm32f051.o(.text)
    DMA1_CH1_IRQHandler                      0x080000e3   Thumb Code     0  startup_apm32f051.o(.text)
    DMA1_CH2_3_IRQHandler                    0x080000e3   Thumb Code     0  startup_apm32f051.o(.text)
    DMA1_CH4_5_IRQHandler                    0x080000e3   Thumb Code     0  startup_apm32f051.o(.text)
    EINT0_1_IRQHandler                       0x080000e3   Thumb Code     0  startup_apm32f051.o(.text)
    EINT2_3_IRQHandler                       0x080000e3   Thumb Code     0  startup_apm32f051.o(.text)
    EINT4_15_IRQHandler                      0x080000e3   Thumb Code     0  startup_apm32f051.o(.text)
    FLASH_IRQHandler                         0x080000e3   Thumb Code     0  startup_apm32f051.o(.text)
    I2C1_IRQHandler                          0x080000e3   Thumb Code     0  startup_apm32f051.o(.text)
    I2C2_IRQHandler                          0x080000e3   Thumb Code     0  startup_apm32f051.o(.text)
    PVD_IRQHandler                           0x080000e3   Thumb Code     0  startup_apm32f051.o(.text)
    RCM_IRQHandler                           0x080000e3   Thumb Code     0  startup_apm32f051.o(.text)
    RTC_IRQHandler                           0x080000e3   Thumb Code     0  startup_apm32f051.o(.text)
    SPI1_IRQHandler                          0x080000e3   Thumb Code     0  startup_apm32f051.o(.text)
    SPI2_IRQHandler                          0x080000e3   Thumb Code     0  startup_apm32f051.o(.text)
    TMR15_IRQHandler                         0x080000e3   Thumb Code     0  startup_apm32f051.o(.text)
    TMR16_IRQHandler                         0x080000e3   Thumb Code     0  startup_apm32f051.o(.text)
    TMR17_IRQHandler                         0x080000e3   Thumb Code     0  startup_apm32f051.o(.text)
    TMR2_IRQHandler                          0x080000e3   Thumb Code     0  startup_apm32f051.o(.text)
    TMR6_DAC_IRQHandler                      0x080000e3   Thumb Code     0  startup_apm32f051.o(.text)
    TSC_IRQHandler                           0x080000e3   Thumb Code     0  startup_apm32f051.o(.text)
    USART2_IRQHandler                        0x080000e3   Thumb Code     0  startup_apm32f051.o(.text)
    WWDT_IRQHandler                          0x080000e3   Thumb Code     0  startup_apm32f051.o(.text)
    __aeabi_uidiv                            0x080000ed   Thumb Code     0  uidiv.o(.text)
    __aeabi_uidivmod                         0x080000ed   Thumb Code    44  uidiv.o(.text)
    __aeabi_idiv                             0x08000119   Thumb Code     0  idiv.o(.text)
    __aeabi_idivmod                          0x08000119   Thumb Code    40  idiv.o(.text)
    __aeabi_ldivmod                          0x08000141   Thumb Code    76  ldiv.o(.text)
    __aeabi_lmul                             0x0800018d   Thumb Code   122  llmul.o(.text)
    _ll_mul                                  0x0800018d   Thumb Code     0  llmul.o(.text)
    __aeabi_memcpy                           0x08000207   Thumb Code    36  memcpya.o(.text)
    __aeabi_memcpy4                          0x08000207   Thumb Code     0  memcpya.o(.text)
    __aeabi_memcpy8                          0x08000207   Thumb Code     0  memcpya.o(.text)
    __aeabi_memset                           0x0800022b   Thumb Code    14  memseta.o(.text)
    __aeabi_memset4                          0x0800022b   Thumb Code     0  memseta.o(.text)
    __aeabi_memset8                          0x0800022b   Thumb Code     0  memseta.o(.text)
    __aeabi_memclr                           0x08000239   Thumb Code     4  memseta.o(.text)
    __aeabi_memclr4                          0x08000239   Thumb Code     0  memseta.o(.text)
    __aeabi_memclr8                          0x08000239   Thumb Code     0  memseta.o(.text)
    _memset$wrapper                          0x0800023d   Thumb Code    18  memseta.o(.text)
    __aeabi_uread4                           0x0800024f   Thumb Code    20  uread4.o(.text)
    __rt_uread4                              0x0800024f   Thumb Code     0  uread4.o(.text)
    _uread4                                  0x0800024f   Thumb Code     0  uread4.o(.text)
    __aeabi_uwrite4                          0x08000263   Thumb Code    18  uwrite4.o(.text)
    __rt_uwrite4                             0x08000263   Thumb Code     0  uwrite4.o(.text)
    _uwrite4                                 0x08000263   Thumb Code     0  uwrite4.o(.text)
    __aeabi_ddiv                             0x08000275   Thumb Code   234  ddiv.o(.text)
    __aeabi_ui2d                             0x08000365   Thumb Code    24  dfltui.o(.text)
    __aeabi_d2uiz                            0x08000381   Thumb Code    50  dfixui.o(.text)
    __aeabi_uldivmod                         0x080003bd   Thumb Code    96  uldiv.o(.text)
    __aeabi_llsl                             0x0800041d   Thumb Code    32  llshl.o(.text)
    _ll_shift_l                              0x0800041d   Thumb Code     0  llshl.o(.text)
    __aeabi_llsr                             0x0800043d   Thumb Code    34  llushr.o(.text)
    _ll_ushift_r                             0x0800043d   Thumb Code     0  llushr.o(.text)
    __I$use$fp                               0x0800045f   Thumb Code     0  iusefp.o(.text)
    _double_round                            0x0800045f   Thumb Code    26  depilogue.o(.text)
    _double_epilogue                         0x08000479   Thumb Code   164  depilogue.o(.text)
    __scatterload                            0x0800051d   Thumb Code    28  init.o(.text)
    __scatterload_rt2                        0x0800051d   Thumb Code     0  init.o(.text)
    ACMP_setup                               0x08000541   Thumb Code   206  setup.o(i.ACMP_setup)
    ADC1_COMP_IRQHandler                     0x08000615   Thumb Code     2  apm32f0xx_int.o(i.ADC1_COMP_IRQHandler)
    ADC_Config                               0x08000619   Thumb Code   142  apm32f0xx_adc.o(i.ADC_Config)
    ADC_ConfigChannel                        0x080006ad   Thumb Code    20  apm32f0xx_adc.o(i.ADC_ConfigChannel)
    ADC_ConfigStructInit                     0x080006c5   Thumb Code    16  apm32f0xx_adc.o(i.ADC_ConfigStructInit)
    ADC_Enable                               0x080006d5   Thumb Code    16  apm32f0xx_adc.o(i.ADC_Enable)
    ADC_ReadCalibrationFactor                0x080006e9   Thumb Code    70  apm32f0xx_adc.o(i.ADC_ReadCalibrationFactor)
    ADC_ReadConversionValue                  0x08000735   Thumb Code     8  apm32f0xx_adc.o(i.ADC_ReadConversionValue)
    ADC_Reset                                0x08000741   Thumb Code    20  apm32f0xx_adc.o(i.ADC_Reset)
    ADC_StartConversion                      0x08000755   Thumb Code    16  apm32f0xx_adc.o(i.ADC_StartConversion)
    ADC_StopConversion                       0x08000769   Thumb Code    16  apm32f0xx_adc.o(i.ADC_StopConversion)
    ADC_setup                                0x0800077d   Thumb Code    86  setup.o(i.ADC_setup)
    APM_EVAL_DelayInit                       0x080007d9   Thumb Code    42  bsp_delay.o(i.APM_EVAL_DelayInit)
    APM_EVAL_DelayMs                         0x08000815   Thumb Code    72  bsp_delay.o(i.APM_EVAL_DelayMs)
    APM_EVAL_TMR14_Init                      0x08000865   Thumb Code    80  setup.o(i.APM_EVAL_TMR14_Init)
    COMP_Config                              0x080008b9   Thumb Code   246  apm32f0xx_comp.o(i.COMP_Config)
    COMP_ConfigStructInit                    0x080009b5   Thumb Code    14  apm32f0xx_comp.o(i.COMP_ConfigStructInit)
    COMP_Disable                             0x080009c5   Thumb Code    34  apm32f0xx_comp.o(i.COMP_Disable)
    COMP_Enable                              0x080009ed   Thumb Code    38  apm32f0xx_comp.o(i.COMP_Enable)
    COMP_Reset                               0x08000a19   Thumb Code     8  apm32f0xx_comp.o(i.COMP_Reset)
    DAC_Config                               0x08000a25   Thumb Code    28  apm32f0xx_dac.o(i.DAC_Config)
    DAC_ConfigStructInit                     0x08000a45   Thumb Code    12  apm32f0xx_dac.o(i.DAC_ConfigStructInit)
    DAC_Enable                               0x08000a51   Thumb Code    38  apm32f0xx_dac.o(i.DAC_Enable)
    DAC_setup                                0x08000a7d   Thumb Code    86  setup.o(i.DAC_setup)
    DF_Protocol_Parse                        0x08000ae1   Thumb Code   214  df_protocol.o(i.DF_Protocol_Parse)
    FMC_ErasePage                            0x08000d09   Thumb Code    74  apm32f0xx_fmc.o(i.FMC_ErasePage)
    FMC_Lock                                 0x08000d59   Thumb Code    16  apm32f0xx_fmc.o(i.FMC_Lock)
    FMC_ProgramWord                          0x08000d6d   Thumb Code    80  apm32f0xx_fmc.o(i.FMC_ProgramWord)
    FMC_ReadState                            0x08000dc1   Thumb Code    42  apm32f0xx_fmc.o(i.FMC_ReadState)
    FMC_Unlock                               0x08000df1   Thumb Code    12  apm32f0xx_fmc.o(i.FMC_Unlock)
    FMC_WaitForReady                         0x08000e09   Thumb Code    28  apm32f0xx_fmc.o(i.FMC_WaitForReady)
    GPIO_ClearBit                            0x08000e25   Thumb Code     4  apm32f0xx_gpio.o(i.GPIO_ClearBit)
    GPIO_Config                              0x08000e29   Thumb Code   138  apm32f0xx_gpio.o(i.GPIO_Config)
    GPIO_ConfigPinAF                         0x08000eb3   Thumb Code    70  apm32f0xx_gpio.o(i.GPIO_ConfigPinAF)
    GPIO_ConfigStructInit                    0x08000ef9   Thumb Code    22  apm32f0xx_gpio.o(i.GPIO_ConfigStructInit)
    GPIO_SetBit                              0x08000f0f   Thumb Code     4  apm32f0xx_gpio.o(i.GPIO_SetBit)
    GPIO_setup                               0x08000f15   Thumb Code   222  setup.o(i.GPIO_setup)
    HardFault_Handler                        0x08000ffd   Thumb Code    20  apm32f0xx_int.o(i.HardFault_Handler)
    Load_RxMessage                           0x08001025   Thumb Code   128  df_protocol.o(i.Load_RxMessage)
    NMI_Handler                              0x080010b5   Thumb Code    10  apm32f0xx_int.o(i.NMI_Handler)
    NVIC_EnableIRQRequest                    0x080010d1   Thumb Code    32  apm32f0xx_misc.o(i.NVIC_EnableIRQRequest)
    Parameters_Setup                         0x0800116d   Thumb Code   106  func.o(i.Parameters_Setup)
    PendSV_Handler                           0x080011ed   Thumb Code    10  apm32f0xx_int.o(i.PendSV_Handler)
    RCM_DisableAPB1PeriphReset               0x0800120d   Thumb Code    12  apm32f0xx_rcm.o(i.RCM_DisableAPB1PeriphReset)
    RCM_DisableAPB2PeriphReset               0x0800121d   Thumb Code    12  apm32f0xx_rcm.o(i.RCM_DisableAPB2PeriphReset)
    RCM_EnableAHBPeriphClock                 0x0800122d   Thumb Code    12  apm32f0xx_rcm.o(i.RCM_EnableAHBPeriphClock)
    RCM_EnableAPB1PeriphClock                0x0800123d   Thumb Code    12  apm32f0xx_rcm.o(i.RCM_EnableAPB1PeriphClock)
    RCM_EnableAPB1PeriphReset                0x0800124d   Thumb Code    12  apm32f0xx_rcm.o(i.RCM_EnableAPB1PeriphReset)
    RCM_EnableAPB2PeriphClock                0x0800125d   Thumb Code    12  apm32f0xx_rcm.o(i.RCM_EnableAPB2PeriphClock)
    RCM_EnableAPB2PeriphReset                0x0800126d   Thumb Code    12  apm32f0xx_rcm.o(i.RCM_EnableAPB2PeriphReset)
    RCM_ReadPCLKFreq                         0x0800127d   Thumb Code    38  apm32f0xx_rcm.o(i.RCM_ReadPCLKFreq)
    RCM_ReadSYSCLKFreq                       0x080012b1   Thumb Code   146  apm32f0xx_rcm.o(i.RCM_ReadSYSCLKFreq)
    RCM_ReadUSART1CLKFreq                    0x08001355   Thumb Code    70  apm32f0xx_rcm.o(i.RCM_ReadUSART1CLKFreq)
    RCM_ReadUSART2CLKFreq                    0x080013a5   Thumb Code    70  apm32f0xx_rcm.o(i.RCM_ReadUSART2CLKFreq)
    Restore_Check                            0x080013f5   Thumb Code   234  func.o(i.Restore_Check)
    Ret_Checksum_Cal                         0x080014f9   Thumb Code    32  df_protocol.o(i.Ret_Checksum_Cal)
    Return_GetDis                            0x08001519   Thumb Code    76  df_protocol.o(i.Return_GetDis)
    Return_GetTemp                           0x0800156d   Thumb Code    84  df_protocol.o(i.Return_GetTemp)
    Return_SetAddr                           0x080015e1   Thumb Code    52  df_protocol.o(i.Return_SetAddr)
    Return_SetBand                           0x0800161d   Thumb Code    66  df_protocol.o(i.Return_SetBand)
    SVC_Handler                              0x0800166d   Thumb Code    10  apm32f0xx_int.o(i.SVC_Handler)
    Send_40K                                 0x08001689   Thumb Code    98  func.o(i.Send_40K)
    SetVs                                    0x080016f1   Thumb Code   210  func.o(i.SetVs)
    SysTick_ConfigCLKSource                  0x080017d9   Thumb Code    32  apm32f0xx_misc.o(i.SysTick_ConfigCLKSource)
    SysTick_Handler                          0x080017fd   Thumb Code     2  apm32f0xx_int.o(i.SysTick_Handler)
    SystemInit                               0x080018e5   Thumb Code   120  system_apm32f0xx.o(i.SystemInit)
    TIMER1_setup                             0x08001b05   Thumb Code   126  setup.o(i.TIMER1_setup)
    TIMER3_setup                             0x08001b89   Thumb Code    78  setup.o(i.TIMER3_setup)
    TMR14_IRQHandler                         0x08001bdd   Thumb Code    52  apm32f0xx_int.o(i.TMR14_IRQHandler)
    TMR1_BRK_UP_TRG_COM_IRQHandler           0x08001c19   Thumb Code    34  apm32f0xx_int.o(i.TMR1_BRK_UP_TRG_COM_IRQHandler)
    TMR1_CC_IRQHandler                       0x08001c45   Thumb Code   356  apm32f0xx_int.o(i.TMR1_CC_IRQHandler)
    TMR3_IRQHandler                          0x08001dd1   Thumb Code   756  apm32f0xx_int.o(i.TMR3_IRQHandler)
    TMR_ClearIntFlag                         0x080020e5   Thumb Code     6  apm32f0xx_tmr.o(i.TMR_ClearIntFlag)
    TMR_ConfigTimeBase                       0x080020ed   Thumb Code   128  apm32f0xx_tmr.o(i.TMR_ConfigTimeBase)
    TMR_Disable                              0x08002185   Thumb Code    10  apm32f0xx_tmr.o(i.TMR_Disable)
    TMR_Enable                               0x0800218f   Thumb Code    12  apm32f0xx_tmr.o(i.TMR_Enable)
    TMR_EnableCCxChannel                     0x0800219b   Thumb Code    12  apm32f0xx_tmr.o(i.TMR_EnableCCxChannel)
    TMR_EnableInterrupt                      0x080021a7   Thumb Code     8  apm32f0xx_tmr.o(i.TMR_EnableInterrupt)
    TMR_ICConfig                             0x080021af   Thumb Code   118  apm32f0xx_tmr.o(i.TMR_ICConfig)
    TMR_ReadCaputer1                         0x08002225   Thumb Code     8  apm32f0xx_tmr.o(i.TMR_ReadCaputer1)
    TMR_ReadIntFlag                          0x0800222d   Thumb Code    26  apm32f0xx_tmr.o(i.TMR_ReadIntFlag)
    TMR_Reset                                0x08002249   Thumb Code   198  apm32f0xx_tmr.o(i.TMR_Reset)
    TMR_SetIC1Prescal                        0x08002331   Thumb Code    26  apm32f0xx_tmr.o(i.TMR_SetIC1Prescal)
    TMR_SetIC2Prescal                        0x0800234b   Thumb Code    30  apm32f0xx_tmr.o(i.TMR_SetIC2Prescal)
    TMR_SetIC3Prescal                        0x08002369   Thumb Code    26  apm32f0xx_tmr.o(i.TMR_SetIC3Prescal)
    TMR_SetIC4Prescal                        0x08002383   Thumb Code    30  apm32f0xx_tmr.o(i.TMR_SetIC4Prescal)
    USART1_IRQHandler                        0x080023a1   Thumb Code   144  apm32f0xx_int.o(i.USART1_IRQHandler)
    USART1_Init                              0x08002445   Thumb Code   132  setup.o(i.USART1_Init)
    USART_Config                             0x080024d9   Thumb Code   154  apm32f0xx_usart.o(i.USART_Config)
    USART_Enable                             0x08002589   Thumb Code    12  apm32f0xx_usart.o(i.USART_Enable)
    USART_EnableInterrupt                    0x08002595   Thumb Code    74  apm32f0xx_usart.o(i.USART_EnableInterrupt)
    USART_ReadStatusFlag                     0x080025df   Thumb Code    18  apm32f0xx_usart.o(i.USART_ReadStatusFlag)
    USART_RxData                             0x080025f1   Thumb Code    10  apm32f0xx_usart.o(i.USART_RxData)
    USART_TxData                             0x080025fb   Thumb Code     8  apm32f0xx_usart.o(i.USART_TxData)
    USART_Write                              0x08002605   Thumb Code    42  func.o(i.USART_Write)
    __0printf$1                              0x08002635   Thumb Code    24  printf1.o(i.__0printf$1)
    __1printf$1                              0x08002635   Thumb Code     0  printf1.o(i.__0printf$1)
    __2printf                                0x08002635   Thumb Code     0  printf1.o(i.__0printf$1)
    __ARM_clz                                0x08002655   Thumb Code    46  depilogue.o(i.__ARM_clz)
    __ARM_common_ll_muluu                    0x08002683   Thumb Code    48  apm32f0xx_int.o(i.__ARM_common_ll_muluu)
    __ARM_common_switch8                     0x080026b3   Thumb Code    28  apm32f0xx_int.o(i.__ARM_common_switch8)
    __scatterload_copy                       0x080026cf   Thumb Code    14  handlers.o(i.__scatterload_copy)
    __scatterload_null                       0x080026dd   Thumb Code     2  handlers.o(i.__scatterload_null)
    __scatterload_zeroinit                   0x080026df   Thumb Code    14  handlers.o(i.__scatterload_zeroinit)
    clear_RxMessage                          0x0800283d   Thumb Code    34  df_protocol.o(i.clear_RxMessage)
    fputc                                    0x08002869   Thumb Code    32  main.o(i.fputc)
    free                                     0x0800288d   Thumb Code    80  malloc.o(i.free)
    get_Dis                                  0x080028e1   Thumb Code   284  func.o(i.get_Dis)
    get_Dis_Handler                          0x08002a45   Thumb Code    14  func.o(i.get_Dis_Handler)
    get_Temp                                 0x08002a55   Thumb Code   278  func.o(i.get_Temp)
    get_Temp_Handler                         0x08002b79   Thumb Code    16  func.o(i.get_Temp_Handler)
    main                                     0x08002b89   Thumb Code   128  main.o(i.main)
    malloc                                   0x08002c39   Thumb Code    92  malloc.o(i.malloc)
    mystrstr                                 0x08002ca5   Thumb Code    72  func.o(i.mystrstr)
    readPage                                 0x08002ced   Thumb Code    52  flash.o(i.readPage)
    set_Addr_Handler                         0x08002d29   Thumb Code    38  func.o(i.set_Addr_Handler)
    set_Band_Handler                         0x08002d5d   Thumb Code   168  func.o(i.set_Band_Handler)
    writePage                                0x08002e11   Thumb Code    68  flash.o(i.writePage)
    NCP18WF104                               0x08002e7c   Data          68  func.o(.constdata)
    Region$$Table$$Base                      0x08002f90   Number         0  anon$$obj.o(Region$$Table)
    Region$$Table$$Limit                     0x08002fb0   Number         0  anon$$obj.o(Region$$Table)
    IRQ_Counter                              0x20000000   Data           1  apm32f0xx_int.o(.data)
    RxMessage                                0x20000001   Data           8  df_protocol.o(.data)
    TIMERx_IF_Counter                        0x2000000c   Data           2  func.o(.data)
    TIMER3_IF_Counter                        0x2000000e   Data           2  func.o(.data)
    Var_Sub                                  0x20000010   Data           2  func.o(.data)
    shift_ch_CMD                             0x20000012   Data           1  func.o(.data)
    Distance                                 0x20000014   Data           2  func.o(.data)
    DisTrue_Flag                             0x20000016   Data           1  func.o(.data)
    device_Addr                              0x20000017   Data           1  func.o(.data)
    Baudrate                                 0x20000018   Data           4  func.o(.data)
    Vspeed                                   0x2000001c   Data           4  func.o(.data)
    gpioConfig                               0x20000020   Data           6  setup.o(.data)
    cntUs                                    0x20000028   Data           4  bsp_delay.o(.data)
    cntMs                                    0x2000002c   Data           4  bsp_delay.o(.data)
    SystemCoreClock                          0x20000030   Data           4  system_apm32f0xx.o(.data)
    __stdout                                 0x20000034   Data           4  stdout.o(.data)
    __microlib_freelist                      0x20000038   Data           4  mvars.o(.data)
    __microlib_freelist_initialised          0x2000003c   Data           4  mvars.o(.data)
    TIMERx_IF                                0x20000040   Data          12  apm32f0xx_int.o(.bss)
    TIMERx_CO                                0x2000004c   Data          12  apm32f0xx_int.o(.bss)
    revBuf                                   0x20000058   Data         103  df_protocol.o(.bss)
    EE_Buffer                                0x200000bf   Data          12  flash.o(.bss)
    __heap_base                              0x200000d0   Data           0  startup_apm32f051.o(HEAP)
    __heap_limit                             0x200002d0   Data           0  startup_apm32f051.o(HEAP)
    __initial_sp                             0x200006d0   Data           0  startup_apm32f051.o(STACK)



==============================================================================

Memory Map of the image

  Image Entry point : 0x080000bd

  Load Region LR_IROM1 (Base: 0x08000000, Size: 0x00002ff0, Max: 0x00010000, ABSOLUTE)

    Execution Region ER_IROM1 (Exec base: 0x08000000, Load base: 0x08000000, Size: 0x00002fb0, Max: 0x00010000, ABSOLUTE)

    Exec Addr    Load Addr    Size         Type   Attr      Idx    E Section Name        Object

    0x08000000   0x08000000   0x000000bc   Data   RO         3078    RESET               startup_apm32f051.o
    0x080000bc   0x080000bc   0x00000000   Code   RO         3129  * .ARM.Collect$$$$00000000  mc_p.l(entry.o)
    0x080000bc   0x080000bc   0x00000004   Code   RO         3445    .ARM.Collect$$$$00000001  mc_p.l(entry2.o)
    0x080000c0   0x080000c0   0x00000004   Code   RO         3448    .ARM.Collect$$$$00000004  mc_p.l(entry5.o)
    0x080000c4   0x080000c4   0x00000000   Code   RO         3450    .ARM.Collect$$$$00000008  mc_p.l(entry7b.o)
    0x080000c4   0x080000c4   0x00000000   Code   RO         3452    .ARM.Collect$$$$0000000A  mc_p.l(entry8b.o)
    0x080000c4   0x080000c4   0x00000008   Code   RO         3453    .ARM.Collect$$$$0000000B  mc_p.l(entry9a.o)
    0x080000cc   0x080000cc   0x00000000   Code   RO         3455    .ARM.Collect$$$$0000000D  mc_p.l(entry10a.o)
    0x080000cc   0x080000cc   0x00000000   Code   RO         3457    .ARM.Collect$$$$0000000F  mc_p.l(entry11a.o)
    0x080000cc   0x080000cc   0x00000004   Code   RO         3446    .ARM.Collect$$$$00002712  mc_p.l(entry2.o)
    0x080000d0   0x080000d0   0x0000001c   Code   RO         3079    .text               startup_apm32f051.o
    0x080000ec   0x080000ec   0x0000002c   Code   RO         3132    .text               mc_p.l(uidiv.o)
    0x08000118   0x08000118   0x00000028   Code   RO         3134    .text               mc_p.l(idiv.o)
    0x08000140   0x08000140   0x0000004c   Code   RO         3136    .text               mc_p.l(ldiv.o)
    0x0800018c   0x0800018c   0x0000007a   Code   RO         3138    .text               mc_p.l(llmul.o)
    0x08000206   0x08000206   0x00000024   Code   RO         3140    .text               mc_p.l(memcpya.o)
    0x0800022a   0x0800022a   0x00000024   Code   RO         3142    .text               mc_p.l(memseta.o)
    0x0800024e   0x0800024e   0x00000014   Code   RO         3435    .text               mc_p.l(uread4.o)
    0x08000262   0x08000262   0x00000012   Code   RO         3437    .text               mc_p.l(uwrite4.o)
    0x08000274   0x08000274   0x000000f0   Code   RO         3439    .text               mf_p.l(ddiv.o)
    0x08000364   0x08000364   0x0000001c   Code   RO         3441    .text               mf_p.l(dfltui.o)
    0x08000380   0x08000380   0x0000003c   Code   RO         3443    .text               mf_p.l(dfixui.o)
    0x080003bc   0x080003bc   0x00000060   Code   RO         3460    .text               mc_p.l(uldiv.o)
    0x0800041c   0x0800041c   0x00000020   Code   RO         3462    .text               mc_p.l(llshl.o)
    0x0800043c   0x0800043c   0x00000022   Code   RO         3464    .text               mc_p.l(llushr.o)
    0x0800045e   0x0800045e   0x00000000   Code   RO         3468    .text               mc_p.l(iusefp.o)
    0x0800045e   0x0800045e   0x000000be   Code   RO         3469    .text               mf_p.l(depilogue.o)
    0x0800051c   0x0800051c   0x00000024   Code   RO         3481    .text               mc_p.l(init.o)
    0x08000540   0x08000540   0x000000d4   Code   RO         2918    i.ACMP_setup        setup.o
    0x08000614   0x08000614   0x00000002   Code   RO         2580    i.ADC1_COMP_IRQHandler  apm32f0xx_int.o
    0x08000616   0x08000616   0x00000002   PAD
    0x08000618   0x08000618   0x00000094   Code   RO         1692    i.ADC_Config        apm32f0xx_adc.o
    0x080006ac   0x080006ac   0x00000018   Code   RO         1693    i.ADC_ConfigChannel  apm32f0xx_adc.o
    0x080006c4   0x080006c4   0x00000010   Code   RO         1694    i.ADC_ConfigStructInit  apm32f0xx_adc.o
    0x080006d4   0x080006d4   0x00000014   Code   RO         1710    i.ADC_Enable        apm32f0xx_adc.o
    0x080006e8   0x080006e8   0x0000004c   Code   RO         1724    i.ADC_ReadCalibrationFactor  apm32f0xx_adc.o
    0x08000734   0x08000734   0x0000000c   Code   RO         1725    i.ADC_ReadConversionValue  apm32f0xx_adc.o
    0x08000740   0x08000740   0x00000014   Code   RO         1728    i.ADC_Reset         apm32f0xx_adc.o
    0x08000754   0x08000754   0x00000014   Code   RO         1729    i.ADC_StartConversion  apm32f0xx_adc.o
    0x08000768   0x08000768   0x00000014   Code   RO         1730    i.ADC_StopConversion  apm32f0xx_adc.o
    0x0800077c   0x0800077c   0x0000005c   Code   RO         2919    i.ADC_setup         setup.o
    0x080007d8   0x080007d8   0x0000003c   Code   RO         2993    i.APM_EVAL_DelayInit  bsp_delay.o
    0x08000814   0x08000814   0x00000050   Code   RO         2994    i.APM_EVAL_DelayMs  bsp_delay.o
    0x08000864   0x08000864   0x00000054   Code   RO         2920    i.APM_EVAL_TMR14_Init  setup.o
    0x080008b8   0x080008b8   0x000000fc   Code   RO         1973    i.COMP_Config       apm32f0xx_comp.o
    0x080009b4   0x080009b4   0x0000000e   Code   RO         1975    i.COMP_ConfigStructInit  apm32f0xx_comp.o
    0x080009c2   0x080009c2   0x00000002   PAD
    0x080009c4   0x080009c4   0x00000028   Code   RO         1976    i.COMP_Disable      apm32f0xx_comp.o
    0x080009ec   0x080009ec   0x0000002c   Code   RO         1979    i.COMP_Enable       apm32f0xx_comp.o
    0x08000a18   0x08000a18   0x0000000c   Code   RO         1983    i.COMP_Reset        apm32f0xx_comp.o
    0x08000a24   0x08000a24   0x00000020   Code   RO         2058    i.DAC_Config        apm32f0xx_dac.o
    0x08000a44   0x08000a44   0x0000000c   Code   RO         2062    i.DAC_ConfigStructInit  apm32f0xx_dac.o
    0x08000a50   0x08000a50   0x0000002c   Code   RO         2069    i.DAC_Enable        apm32f0xx_dac.o
    0x08000a7c   0x08000a7c   0x00000064   Code   RO         2921    i.DAC_setup         setup.o
    0x08000ae0   0x08000ae0   0x00000228   Code   RO         2743    i.DF_Protocol_Parse  df_protocol.o
    0x08000d08   0x08000d08   0x00000050   Code   RO         2227    i.FMC_ErasePage     apm32f0xx_fmc.o
    0x08000d58   0x08000d58   0x00000014   Code   RO         2230    i.FMC_Lock          apm32f0xx_fmc.o
    0x08000d6c   0x08000d6c   0x00000054   Code   RO         2234    i.FMC_ProgramWord   apm32f0xx_fmc.o
    0x08000dc0   0x08000dc0   0x00000030   Code   RO         2238    i.FMC_ReadState     apm32f0xx_fmc.o
    0x08000df0   0x08000df0   0x00000018   Code   RO         2241    i.FMC_Unlock        apm32f0xx_fmc.o
    0x08000e08   0x08000e08   0x0000001c   Code   RO         2243    i.FMC_WaitForReady  apm32f0xx_fmc.o
    0x08000e24   0x08000e24   0x00000004   Code   RO         1187    i.GPIO_ClearBit     apm32f0xx_gpio.o
    0x08000e28   0x08000e28   0x0000008a   Code   RO         1188    i.GPIO_Config       apm32f0xx_gpio.o
    0x08000eb2   0x08000eb2   0x00000046   Code   RO         1189    i.GPIO_ConfigPinAF  apm32f0xx_gpio.o
    0x08000ef8   0x08000ef8   0x00000016   Code   RO         1191    i.GPIO_ConfigStructInit  apm32f0xx_gpio.o
    0x08000f0e   0x08000f0e   0x00000004   Code   RO         1197    i.GPIO_SetBit       apm32f0xx_gpio.o
    0x08000f12   0x08000f12   0x00000002   PAD
    0x08000f14   0x08000f14   0x000000e8   Code   RO         2922    i.GPIO_setup        setup.o
    0x08000ffc   0x08000ffc   0x00000028   Code   RO         2581    i.HardFault_Handler  apm32f0xx_int.o
    0x08001024   0x08001024   0x00000090   Code   RO         2744    i.Load_RxMessage    df_protocol.o
    0x080010b4   0x080010b4   0x0000001c   Code   RO         2582    i.NMI_Handler       apm32f0xx_int.o
    0x080010d0   0x080010d0   0x00000024   Code   RO         1116    i.NVIC_EnableIRQRequest  apm32f0xx_misc.o
    0x080010f4   0x080010f4   0x00000078   Code   RO         1118    i.NVIC_SetPriority  apm32f0xx_misc.o
    0x0800116c   0x0800116c   0x00000080   Code   RO         2818    i.Parameters_Setup  func.o
    0x080011ec   0x080011ec   0x00000020   Code   RO         2583    i.PendSV_Handler    apm32f0xx_int.o
    0x0800120c   0x0800120c   0x00000010   Code   RO         1301    i.RCM_DisableAPB1PeriphReset  apm32f0xx_rcm.o
    0x0800121c   0x0800121c   0x00000010   Code   RO         1303    i.RCM_DisableAPB2PeriphReset  apm32f0xx_rcm.o
    0x0800122c   0x0800122c   0x00000010   Code   RO         1314    i.RCM_EnableAHBPeriphClock  apm32f0xx_rcm.o
    0x0800123c   0x0800123c   0x00000010   Code   RO         1316    i.RCM_EnableAPB1PeriphClock  apm32f0xx_rcm.o
    0x0800124c   0x0800124c   0x00000010   Code   RO         1317    i.RCM_EnableAPB1PeriphReset  apm32f0xx_rcm.o
    0x0800125c   0x0800125c   0x00000010   Code   RO         1318    i.RCM_EnableAPB2PeriphClock  apm32f0xx_rcm.o
    0x0800126c   0x0800126c   0x00000010   Code   RO         1319    i.RCM_EnableAPB2PeriphReset  apm32f0xx_rcm.o
    0x0800127c   0x0800127c   0x00000034   Code   RO         1336    i.RCM_ReadPCLKFreq  apm32f0xx_rcm.o
    0x080012b0   0x080012b0   0x000000a4   Code   RO         1337    i.RCM_ReadSYSCLKFreq  apm32f0xx_rcm.o
    0x08001354   0x08001354   0x00000050   Code   RO         1340    i.RCM_ReadUSART1CLKFreq  apm32f0xx_rcm.o
    0x080013a4   0x080013a4   0x00000050   Code   RO         1341    i.RCM_ReadUSART2CLKFreq  apm32f0xx_rcm.o
    0x080013f4   0x080013f4   0x00000104   Code   RO         2819    i.Restore_Check     func.o
    0x080014f8   0x080014f8   0x00000020   Code   RO         2745    i.Ret_Checksum_Cal  df_protocol.o
    0x08001518   0x08001518   0x00000054   Code   RO         2746    i.Return_GetDis     df_protocol.o
    0x0800156c   0x0800156c   0x00000074   Code   RO         2747    i.Return_GetTemp    df_protocol.o
    0x080015e0   0x080015e0   0x0000003c   Code   RO         2748    i.Return_SetAddr    df_protocol.o
    0x0800161c   0x0800161c   0x00000050   Code   RO         2749    i.Return_SetBand    df_protocol.o
    0x0800166c   0x0800166c   0x0000001c   Code   RO         2584    i.SVC_Handler       apm32f0xx_int.o
    0x08001688   0x08001688   0x00000068   Code   RO         2820    i.Send_40K          func.o
    0x080016f0   0x080016f0   0x000000e8   Code   RO         2821    i.SetVs             func.o
    0x080017d8   0x080017d8   0x00000024   Code   RO         1122    i.SysTick_ConfigCLKSource  apm32f0xx_misc.o
    0x080017fc   0x080017fc   0x00000002   Code   RO         2585    i.SysTick_Handler   apm32f0xx_int.o
    0x080017fe   0x080017fe   0x00000002   PAD
    0x08001800   0x08001800   0x000000dc   Code   RO         3085    i.SystemClock48M    system_apm32f0xx.o
    0x080018dc   0x080018dc   0x00000008   Code   RO         3086    i.SystemClockConfig  system_apm32f0xx.o
    0x080018e4   0x080018e4   0x00000088   Code   RO         3088    i.SystemInit        system_apm32f0xx.o
    0x0800196c   0x0800196c   0x0000005c   Code   RO            3    i.TI1Config         apm32f0xx_tmr.o
    0x080019c8   0x080019c8   0x0000006c   Code   RO            4    i.TI2Config         apm32f0xx_tmr.o
    0x08001a34   0x08001a34   0x00000060   Code   RO            5    i.TI3Config         apm32f0xx_tmr.o
    0x08001a94   0x08001a94   0x00000070   Code   RO            6    i.TI4Config         apm32f0xx_tmr.o
    0x08001b04   0x08001b04   0x00000084   Code   RO         2923    i.TIMER1_setup      setup.o
    0x08001b88   0x08001b88   0x00000054   Code   RO         2925    i.TIMER3_setup      setup.o
    0x08001bdc   0x08001bdc   0x0000003c   Code   RO         2586    i.TMR14_IRQHandler  apm32f0xx_int.o
    0x08001c18   0x08001c18   0x0000002c   Code   RO         2587    i.TMR1_BRK_UP_TRG_COM_IRQHandler  apm32f0xx_int.o
    0x08001c44   0x08001c44   0x0000018c   Code   RO         2588    i.TMR1_CC_IRQHandler  apm32f0xx_int.o
    0x08001dd0   0x08001dd0   0x00000314   Code   RO         2589    i.TMR3_IRQHandler   apm32f0xx_int.o
    0x080020e4   0x080020e4   0x00000006   Code   RO            7    i.TMR_ClearIntFlag  apm32f0xx_tmr.o
    0x080020ea   0x080020ea   0x00000002   PAD
    0x080020ec   0x080020ec   0x00000098   Code   RO           26    i.TMR_ConfigTimeBase  apm32f0xx_tmr.o
    0x08002184   0x08002184   0x0000000a   Code   RO           29    i.TMR_Disable       apm32f0xx_tmr.o
    0x0800218e   0x0800218e   0x0000000c   Code   RO           42    i.TMR_Enable        apm32f0xx_tmr.o
    0x0800219a   0x0800219a   0x0000000c   Code   RO           46    i.TMR_EnableCCxChannel  apm32f0xx_tmr.o
    0x080021a6   0x080021a6   0x00000008   Code   RO           50    i.TMR_EnableInterrupt  apm32f0xx_tmr.o
    0x080021ae   0x080021ae   0x00000076   Code   RO           60    i.TMR_ICConfig      apm32f0xx_tmr.o
    0x08002224   0x08002224   0x00000008   Code   RO           83    i.TMR_ReadCaputer1  apm32f0xx_tmr.o
    0x0800222c   0x0800222c   0x0000001a   Code   RO           89    i.TMR_ReadIntFlag   apm32f0xx_tmr.o
    0x08002246   0x08002246   0x00000002   PAD
    0x08002248   0x08002248   0x000000e8   Code   RO           91    i.TMR_Reset         apm32f0xx_tmr.o
    0x08002330   0x08002330   0x0000001a   Code   RO          105    i.TMR_SetIC1Prescal  apm32f0xx_tmr.o
    0x0800234a   0x0800234a   0x0000001e   Code   RO          106    i.TMR_SetIC2Prescal  apm32f0xx_tmr.o
    0x08002368   0x08002368   0x0000001a   Code   RO          107    i.TMR_SetIC3Prescal  apm32f0xx_tmr.o
    0x08002382   0x08002382   0x0000001e   Code   RO          108    i.TMR_SetIC4Prescal  apm32f0xx_tmr.o
    0x080023a0   0x080023a0   0x000000a4   Code   RO         2590    i.USART1_IRQHandler  apm32f0xx_int.o
    0x08002444   0x08002444   0x00000094   Code   RO         2926    i.USART1_Init       setup.o
    0x080024d8   0x080024d8   0x000000b0   Code   RO          680    i.USART_Config      apm32f0xx_usart.o
    0x08002588   0x08002588   0x0000000c   Code   RO          720    i.USART_Enable      apm32f0xx_usart.o
    0x08002594   0x08002594   0x0000004a   Code   RO          727    i.USART_EnableInterrupt  apm32f0xx_usart.o
    0x080025de   0x080025de   0x00000012   Code   RO          742    i.USART_ReadStatusFlag  apm32f0xx_usart.o
    0x080025f0   0x080025f0   0x0000000a   Code   RO          745    i.USART_RxData      apm32f0xx_usart.o
    0x080025fa   0x080025fa   0x00000008   Code   RO          746    i.USART_TxData      apm32f0xx_usart.o
    0x08002602   0x08002602   0x00000002   PAD
    0x08002604   0x08002604   0x00000030   Code   RO         2822    i.USART_Write       func.o
    0x08002634   0x08002634   0x00000020   Code   RO         3191    i.__0printf$1       mc_p.l(printf1.o)
    0x08002654   0x08002654   0x0000002e   Code   RO         3471    i.__ARM_clz         mf_p.l(depilogue.o)
    0x08002682   0x08002682   0x00000030   Code   RO         2661    i.__ARM_common_ll_muluu  apm32f0xx_int.o
    0x080026b2   0x080026b2   0x0000001c   Code   RO         2659    i.__ARM_common_switch8  apm32f0xx_int.o
    0x080026ce   0x080026ce   0x0000000e   Code   RO         3487    i.__scatterload_copy  mc_p.l(handlers.o)
    0x080026dc   0x080026dc   0x00000002   Code   RO         3488    i.__scatterload_null  mc_p.l(handlers.o)
    0x080026de   0x080026de   0x0000000e   Code   RO         3489    i.__scatterload_zeroinit  mc_p.l(handlers.o)
    0x080026ec   0x080026ec   0x00000150   Code   RO         3198    i._printf_core      mc_p.l(printf1.o)
    0x0800283c   0x0800283c   0x0000002c   Code   RO         2750    i.clear_RxMessage   df_protocol.o
    0x08002868   0x08002868   0x00000024   Code   RO         2713    i.fputc             main.o
    0x0800288c   0x0800288c   0x00000054   Code   RO         3407    i.free              mc_p.l(malloc.o)
    0x080028e0   0x080028e0   0x00000164   Code   RO         2823    i.get_Dis           func.o
    0x08002a44   0x08002a44   0x0000000e   Code   RO         2824    i.get_Dis_Handler   func.o
    0x08002a52   0x08002a52   0x00000002   PAD
    0x08002a54   0x08002a54   0x00000124   Code   RO         2825    i.get_Temp          func.o
    0x08002b78   0x08002b78   0x00000010   Code   RO         2826    i.get_Temp_Handler  func.o
    0x08002b88   0x08002b88   0x000000b0   Code   RO         2714    i.main              main.o
    0x08002c38   0x08002c38   0x0000006c   Code   RO         3408    i.malloc            mc_p.l(malloc.o)
    0x08002ca4   0x08002ca4   0x00000048   Code   RO         2827    i.mystrstr          func.o
    0x08002cec   0x08002cec   0x0000003c   Code   RO         3036    i.readPage          flash.o
    0x08002d28   0x08002d28   0x00000034   Code   RO         2828    i.set_Addr_Handler  func.o
    0x08002d5c   0x08002d5c   0x000000b4   Code   RO         2829    i.set_Band_Handler  func.o
    0x08002e10   0x08002e10   0x0000004c   Code   RO         3037    i.writePage         flash.o
    0x08002e5c   0x08002e5c   0x00000020   Data   RO         2752    .constdata          df_protocol.o
    0x08002e7c   0x08002e7c   0x00000044   Data   RO         2830    .constdata          func.o
    0x08002ec0   0x08002ec0   0x000000d0   Data   RO         2753    .conststring        df_protocol.o
    0x08002f90   0x08002f90   0x00000020   Data   RO         3485    Region$$Table       anon$$obj.o


    Execution Region RW_IRAM1 (Exec base: 0x20000000, Load base: 0x08002fb0, Size: 0x000006d0, Max: 0x00002000, ABSOLUTE)

    Exec Addr    Load Addr    Size         Type   Attr      Idx    E Section Name        Object

    0x20000000   0x08002fb0   0x00000001   Data   RW         2592    .data               apm32f0xx_int.o
    0x20000001   0x08002fb1   0x00000008   Data   RW         2754    .data               df_protocol.o
    0x20000009   0x08002fb9   0x00000003   PAD
    0x2000000c   0x08002fbc   0x00000014   Data   RW         2831    .data               func.o
    0x20000020   0x08002fd0   0x00000006   Data   RW         2927    .data               setup.o
    0x20000026   0x08002fd6   0x00000002   PAD
    0x20000028   0x08002fd8   0x00000008   Data   RW         2996    .data               bsp_delay.o
    0x20000030   0x08002fe0   0x00000004   Data   RW         3089    .data               system_apm32f0xx.o
    0x20000034   0x08002fe4   0x00000004   Data   RW         3459    .data               mc_p.l(stdout.o)
    0x20000038   0x08002fe8   0x00000004   Data   RW         3466    .data               mc_p.l(mvars.o)
    0x2000003c   0x08002fec   0x00000004   Data   RW         3467    .data               mc_p.l(mvars.o)
    0x20000040        -       0x00000018   Zero   RW         2591    .bss                apm32f0xx_int.o
    0x20000058        -       0x00000067   Zero   RW         2751    .bss                df_protocol.o
    0x200000bf        -       0x0000000c   Zero   RW         3038    .bss                flash.o
    0x200000cb   0x08002ff0   0x00000005   PAD
    0x200000d0        -       0x00000200   Zero   RW         3077    HEAP                startup_apm32f051.o
    0x200002d0        -       0x00000400   Zero   RW         3076    STACK               startup_apm32f051.o


==============================================================================

Image component sizes


      Code (inc. data)   RO Data    RW Data    ZI Data      Debug   Object Name

       356         32          0          0          0       8550   apm32f0xx_adc.o
       362         22          0          0          0       4764   apm32f0xx_comp.o
        88         10          0          0          0       4393   apm32f0xx_dac.o
       284         32          0          0          0       5873   apm32f0xx_fmc.o
       238          0          0          0          0       5223   apm32f0xx_gpio.o
      1660        200          0          1         24       6859   apm32f0xx_int.o
       192         18          0          0          0       7526   apm32f0xx_misc.o
       488         80          0          0          0       6245   apm32f0xx_rcm.o
      1104         78          0          0          0      81680   apm32f0xx_tmr.o
       298         22          0          0          0       7799   apm32f0xx_usart.o
       140         26          0          8          0       1686   bsp_delay.o
      1112        426        240          8        103       7064   df_protocol.o
       136         16          0          0         12       2527   flash.o
      1754        208         68         20          0       8479   func.o
       212         52          0          0          0       2679   main.o
      1084         68          0          6          0       4805   setup.o
        28          8        188          0       1536        616   startup_apm32f051.o
       364         26          0          4          0       1667   system_apm32f0xx.o

    ----------------------------------------------------------------------
      9916       1324        528         52       1680     168435   Object Totals
         0          0         32          0          0          0   (incl. Generated)
        16          0          0          5          5          0   (incl. Padding)

    ----------------------------------------------------------------------

      Code (inc. data)   RO Data    RW Data    ZI Data      Debug   Library Member Name

         0          0          0          0          0          0   entry.o
         0          0          0          0          0          0   entry10a.o
         0          0          0          0          0          0   entry11a.o
         8          4          0          0          0          0   entry2.o
         4          0          0          0          0          0   entry5.o
         0          0          0          0          0          0   entry7b.o
         0          0          0          0          0          0   entry8b.o
         8          4          0          0          0          0   entry9a.o
        30          0          0          0          0          0   handlers.o
        40          0          0          0          0         72   idiv.o
        36          8          0          0          0         68   init.o
         0          0          0          0          0          0   iusefp.o
        76          0          0          0          0         76   ldiv.o
       122          0          0          0          0         84   llmul.o
        32          0          0          0          0         68   llshl.o
        34          0          0          0          0         68   llushr.o
       192         20          0          0          0        144   malloc.o
        36          0          0          0          0         60   memcpya.o
        36          0          0          0          0        100   memseta.o
         0          0          0          8          0          0   mvars.o
       368         12          0          0          0        168   printf1.o
         0          0          0          4          0          0   stdout.o
        44          0          0          0          0         72   uidiv.o
        96          0          0          0          0         84   uldiv.o
        20          0          0          0          0         60   uread4.o
        18          0          0          0          0         60   uwrite4.o
       240          6          0          0          0         84   ddiv.o
       236          0          0          0          0        216   depilogue.o
        60         10          0          0          0         68   dfixui.o
        28          4          0          0          0         68   dfltui.o

    ----------------------------------------------------------------------
      1764         68          0         12          0       1620   Library Totals
         0          0          0          0          0          0   (incl. Padding)

    ----------------------------------------------------------------------

      Code (inc. data)   RO Data    RW Data    ZI Data      Debug   Library Name

      1200         48          0         12          0       1184   mc_p.l
       564         20          0          0          0        436   mf_p.l

    ----------------------------------------------------------------------
      1764         68          0         12          0       1620   Library Totals

    ----------------------------------------------------------------------

==============================================================================


      Code (inc. data)   RO Data    RW Data    ZI Data      Debug   

     11680       1392        528         64       1680     164443   Grand Totals
     11680       1392        528         64       1680     164443   ELF Image Totals
     11680       1392        528         64          0          0   ROM Totals

==============================================================================

    Total RO  Size (Code + RO Data)                12208 (  11.92kB)
    Total RW  Size (RW Data + ZI Data)              1744 (   1.70kB)
    Total ROM Size (Code + RO Data + RW Data)      12272 (  11.98kB)

==============================================================================

