<html>
<body>
<pre>
<h1>µVision Build Log</h1>
<h2>Tool Versions:</h2>
IDE-Version: ¦ÌVision V5.37.0.0
Copyright (C) 2022 ARM Ltd and ARM Germany GmbH. All rights reserved.
License Information: hyy pc, 1, LIC=ATTQ1-C0CRT-NNTAF-66VAL-XHRE3-RH8MK
 
Tool Versions:
Toolchain:       MDK-ARM Plus  Version: 5.37.0.0
Toolchain Path:  D:\Keil_v5\ARM\ARMCC\Bin
C Compiler:      Armcc.exe V5.05 update 1 (build 106)
Assembler:       Armasm.exe V5.05 update 1 (build 106)
Linker/Locator:  ArmLink.exe V5.05 update 1 (build 106)
Library Manager: ArmAr.exe V5.05 update 1 (build 106)
Hex Converter:   FromElf.exe V5.05 update 1 (build 106)
CPU DLL:         SARMCM3.DLL V5.37.0.0
Dialog DLL:      DARMCM1.DLL V1.19.6.0
Target DLL:      Segger\JL2CM3.dll V2.99.42.0
Dialog DLL:      TARMCM1.DLL V1.14.6.0
 
<h2>Project:</h2>
C:\Users\pc\Desktop\SEN0153_URM07\SEN0153_FW\Project\MDK\USART_Interrupt.uvprojx
Project File Date:  11/29/2023

<h2>Output:</h2>
*** Using Compiler 'V5.05 update 1 (build 106)', folder: 'D:\Keil_v5\ARM\ARMCC\Bin'
Build target 'APM32F051'
compiling main.c...
linking...
Program Size: Code=12208 RO-data=556 RW-data=68 ZI-data=1676  
".\Out\APM32F051\USART_Interrupt.axf" - 0 Error(s), 0 Warning(s).

<h2>Software Packages used:</h2>

Package Vendor: Geehy
                https://www.geehy.com/uploads/tool/Geehy.APM32F0xx_DFP.1.0.9.pack
                Geehy.APM32F0xx_DFP.1.0.9
                Geehy Semiconductor APM32F0xx Series Device Support

<h2>Collection of Component include folders:</h2>
  D:/Keil_v5/ARM/Pack/Geehy/APM32F0xx_DFP/1.0.9/Device/Device/Geehy/APM32F0xx/Include

<h2>Collection of Component Files used:</h2>
Build Time Elapsed:  00:00:00
</pre>
</body>
</html>
